fsl_clock.h:725:20:CLOCK_EnableClock	24	static
fsl_gpio.h:155:20:GPIO_PinWrite	32	static
fsl_port.h:243:20:PORT_SetPinConfig	32	static
rtos.c:97:6:rtos_start_scheduler	8	static
rtos.c:115:20:rtos_create_task	16	static
rtos.c:140:13:rtos_get_clock	4	static
rtos.c:145:6:rtos_delay	16	static
rtos.c:152:6:rtos_suspend_task	8	static
rtos.c:158:6:rtos_activate_task	16	static
rtos.c:168:13:reload_systick	16	static
rtos.c:175:13:dispatcher	24	static
rtos.c:232:13:activate_waiting_tasks	16	static
rtos.c:252:13:idle_task	4	static
rtos.c:264:6:SysTick_Handler	16	static
rtos.c:276:6:PendSV_Handler	4	static
rtos.c:290:13:init_is_alive	16	static
rtos.c:306:13:refresh_is_alive	16	static
