core_cm4.h:1807:22:__NVIC_SetPriority	16	static
fsl_clock.h:725:20:CLOCK_EnableClock	24	static
fsl_gpio.h:155:20:GPIO_PinWrite	32	static
fsl_port.h:243:20:PORT_SetPinConfig	32	static
rtos.c:96:6:rtos_start_scheduler	8	static
rtos.c:114:20:rtos_create_task	16	static
rtos.c:139:13:rtos_get_clock	4	static
rtos.c:144:6:rtos_delay	16	static
rtos.c:151:6:rtos_suspend_task	8	static
rtos.c:157:6:rtos_activate_task	16	static
rtos.c:167:13:reload_systick	16	static
rtos.c:174:13:dispatcher	24	static
rtos.c:223:13:activate_waiting_tasks	24	static
rtos.c:243:13:idle_task	4	static
rtos.c:255:6:SysTick_Handler	16	static
rtos.c:267:6:PendSV_Handler	4	static
rtos.c:281:13:init_is_alive	16	static
rtos.c:297:13:refresh_is_alive	16	static
