Archive member included to satisfy reference by file (symbol)

/usr/local/mcuxpressoide-11.2.0_4120/ide/plugins/com.nxp.mcuxpresso.tools.linux_11.2.0.202001021529/tools/bin/../lib/gcc/arm-none-eabi/9.2.1/../../../../arm-none-eabi/lib/thumb/v7e-m+fp/hard/libcr_nohost_nf.a(_cr__main.o)
                              ./startup/startup_mk66f18.o (__main)
/usr/local/mcuxpressoide-11.2.0_4120/ide/plugins/com.nxp.mcuxpresso.tools.linux_11.2.0.202001021529/tools/bin/../lib/gcc/arm-none-eabi/9.2.1/../../../../arm-none-eabi/lib/thumb/v7e-m+fp/hard/libcr_nohost_nf.a(_cr_assert.o)
                              ./utilities/fsl_debug_console.o (__assertion_failed)
/usr/local/mcuxpressoide-11.2.0_4120/ide/plugins/com.nxp.mcuxpresso.tools.linux_11.2.0.202001021529/tools/bin/../lib/gcc/arm-none-eabi/9.2.1/../../../../arm-none-eabi/lib/thumb/v7e-m+fp/hard/libcr_nohost_nf.a(__ciob.o)
                              /usr/local/mcuxpressoide-11.2.0_4120/ide/plugins/com.nxp.mcuxpresso.tools.linux_11.2.0.202001021529/tools/bin/../lib/gcc/arm-none-eabi/9.2.1/../../../../arm-none-eabi/lib/thumb/v7e-m+fp/hard/libcr_nohost_nf.a(_cr_assert.o) (__Ciob)
/usr/local/mcuxpressoide-11.2.0_4120/ide/plugins/com.nxp.mcuxpresso.tools.linux_11.2.0.202001021529/tools/bin/../lib/gcc/arm-none-eabi/9.2.1/../../../../arm-none-eabi/lib/thumb/v7e-m+fp/hard/libcr_nohost_nf.a(__sys_appexit.o)
                              /usr/local/mcuxpressoide-11.2.0_4120/ide/plugins/com.nxp.mcuxpresso.tools.linux_11.2.0.202001021529/tools/bin/../lib/gcc/arm-none-eabi/9.2.1/../../../../arm-none-eabi/lib/thumb/v7e-m+fp/hard/libcr_nohost_nf.a(_cr_assert.o) (__sys_appexit)
/usr/local/mcuxpressoide-11.2.0_4120/ide/plugins/com.nxp.mcuxpresso.tools.linux_11.2.0.202001021529/tools/bin/../lib/gcc/arm-none-eabi/9.2.1/../../../../arm-none-eabi/lib/thumb/v7e-m+fp/hard/libcr_c.a(memset.o)
                              ./utilities/fsl_debug_console.o (memset)
/usr/local/mcuxpressoide-11.2.0_4120/ide/plugins/com.nxp.mcuxpresso.tools.linux_11.2.0.202001021529/tools/bin/../lib/gcc/arm-none-eabi/9.2.1/../../../../arm-none-eabi/lib/thumb/v7e-m+fp/hard/libcr_c.a(_deferredlazyseek.o)
                              /usr/local/mcuxpressoide-11.2.0_4120/ide/plugins/com.nxp.mcuxpresso.tools.linux_11.2.0.202001021529/tools/bin/../lib/gcc/arm-none-eabi/9.2.1/../../../../arm-none-eabi/lib/thumb/v7e-m+fp/hard/libcr_nohost_nf.a(_cr_assert.o) (__flsbuf)
/usr/local/mcuxpressoide-11.2.0_4120/ide/plugins/com.nxp.mcuxpresso.tools.linux_11.2.0.202001021529/tools/bin/../lib/gcc/arm-none-eabi/9.2.1/../../../../arm-none-eabi/lib/thumb/v7e-m+fp/hard/libcr_c.a(_fflush.o)
                              /usr/local/mcuxpressoide-11.2.0_4120/ide/plugins/com.nxp.mcuxpresso.tools.linux_11.2.0.202001021529/tools/bin/../lib/gcc/arm-none-eabi/9.2.1/../../../../arm-none-eabi/lib/thumb/v7e-m+fp/hard/libcr_c.a(_deferredlazyseek.o) (_fflush)
/usr/local/mcuxpressoide-11.2.0_4120/ide/plugins/com.nxp.mcuxpresso.tools.linux_11.2.0.202001021529/tools/bin/../lib/gcc/arm-none-eabi/9.2.1/../../../../arm-none-eabi/lib/thumb/v7e-m+fp/hard/libcr_c.a(_writebuf.o)
                              /usr/local/mcuxpressoide-11.2.0_4120/ide/plugins/com.nxp.mcuxpresso.tools.linux_11.2.0.202001021529/tools/bin/../lib/gcc/arm-none-eabi/9.2.1/../../../../arm-none-eabi/lib/thumb/v7e-m+fp/hard/libcr_c.a(_deferredlazyseek.o) (_Cwritebuf)
/usr/local/mcuxpressoide-11.2.0_4120/ide/plugins/com.nxp.mcuxpresso.tools.linux_11.2.0.202001021529/tools/bin/../lib/gcc/arm-none-eabi/9.2.1/../../../../arm-none-eabi/lib/thumb/v7e-m+fp/hard/libcr_c.a(alloc.o)
                              ./drivers/fsl_common.o (malloc)
/usr/local/mcuxpressoide-11.2.0_4120/ide/plugins/com.nxp.mcuxpresso.tools.linux_11.2.0.202001021529/tools/bin/../lib/gcc/arm-none-eabi/9.2.1/../../../../arm-none-eabi/lib/thumb/v7e-m+fp/hard/libcr_c.a(fputs.o)
                              /usr/local/mcuxpressoide-11.2.0_4120/ide/plugins/com.nxp.mcuxpresso.tools.linux_11.2.0.202001021529/tools/bin/../lib/gcc/arm-none-eabi/9.2.1/../../../../arm-none-eabi/lib/thumb/v7e-m+fp/hard/libcr_nohost_nf.a(_cr_assert.o) (fputs)
/usr/local/mcuxpressoide-11.2.0_4120/ide/plugins/com.nxp.mcuxpresso.tools.linux_11.2.0.202001021529/tools/bin/../lib/gcc/arm-none-eabi/9.2.1/../../../../arm-none-eabi/lib/thumb/v7e-m+fp/hard/libcr_c.a(fseek.o)
                              /usr/local/mcuxpressoide-11.2.0_4120/ide/plugins/com.nxp.mcuxpresso.tools.linux_11.2.0.202001021529/tools/bin/../lib/gcc/arm-none-eabi/9.2.1/../../../../arm-none-eabi/lib/thumb/v7e-m+fp/hard/libcr_c.a(_deferredlazyseek.o) (fseek)
/usr/local/mcuxpressoide-11.2.0_4120/ide/plugins/com.nxp.mcuxpresso.tools.linux_11.2.0.202001021529/tools/bin/../lib/gcc/arm-none-eabi/9.2.1/../../../../arm-none-eabi/lib/thumb/v7e-m+fp/hard/libcr_c.a(ftell.o)
[...]
Memory Configuration

Name             Origin             Length             Attributes
PROGRAM_FLASH    0x0000000000000000 0x0000000000200000 xr
SRAM_UPPER       0x0000000020000000 0x0000000000030000 xrw
SRAM_LOWER       0x000000001fff0000 0x0000000000010000 xrw
FLEX_RAM         0x0000000014000000 0x0000000000001000 xrw
*default*        0x0000000000000000 0xffffffffffffffff

Linker script and memory map

LOAD ./utilities/fsl_debug_console.o
LOAD ./utilities/fsl_str.o
LOAD ./startup/startup_mk66f18.o
LOAD ./source/MK66FN2M0xxx18_Project.o
LOAD ./source/rtos.o
LOAD ./source/semihost_hardfault.o
LOAD ./drivers/fsl_clock.o
LOAD ./drivers/fsl_common.o
LOAD ./drivers/fsl_gpio.o
LOAD ./drivers/fsl_i2c.o
LOAD ./drivers/fsl_rtc.o
LOAD ./drivers/fsl_smc.o
LOAD ./drivers/fsl_uart.o
LOAD ./device/system_MK66F18.o
LOAD ./component/uart/uart_adapter.o
LOAD ./component/serial_manager/serial_manager.o
LOAD ./component/serial_manager/serial_port_uart.o
LOAD ./component/lists/generic_list.o
LOAD ./board/board.o
LOAD ./board/clock_config.o
LOAD ./board/peripherals.o
LOAD ./board/pin_mux.o
START GROUP
LOAD /usr/local/mcuxpressoide-11.2.0_4120/ide/plugins/com.nxp.mcuxpresso.tools.linux_11.2.0.202001021529/tools/bin/../lib/gcc/arm-none-eabi/9.2.1/../../../../arm-none-eabi/lib/thumb/v7e-m+fp/hard/libcr_nohost_nf.a
LOAD /usr/local/mcuxpressoide-11.2.0_4120/ide/plugins/com.nxp.mcuxpresso.tools.linux_11.2.0.202001021529/tools/bin/../lib/gcc/arm-none-eabi/9.2.1/../../../../arm-none-eabi/lib/thumb/v7e-m+fp/hard/libcr_c.a
LOAD /usr/local/mcuxpressoide-11.2.0_4120/ide/plugins/com.nxp.mcuxpresso.tools.linux_11.2.0.202001021529/tools/bin/../lib/gcc/arm-none-eabi/9.2.1/thumb/v7e-m+fp/hard/libcr_eabihelpers.a
LOAD /usr/local/mcuxpressoide-11.2.0_4120/ide/plugins/com.nxp.mcuxpresso.tools.linux_11.2.0.202001021529/tools/bin/../lib/gcc/arm-none-eabi/9.2.1/thumb/v7e-m+fp/hard/libgcc.a
END GROUP
                0x0000000000000000                __base_PROGRAM_FLASH = 0x0
                0x0000000000000000                __base_Flash = 0x0
                0x0000000000200000                __top_PROGRAM_FLASH = 0x200000
                0x0000000000200000                __top_Flash = 0x200000
                0x0000000020000000                __base_SRAM_UPPER = 0x20000000
                0x0000000020000000                __base_RAM = 0x20000000
                0x0000000020030000                __top_SRAM_UPPER = 0x20030000
                0x0000000020030000                __top_RAM = 0x20030000
                0x000000001fff0000                __base_SRAM_LOWER = 0x1fff0000
                0x000000001fff0000                __base_RAM2 = 0x1fff0000
                0x0000000020000000                __top_SRAM_LOWER = 0x20000000
                0x0000000020000000                __top_RAM2 = 0x20000000
                0x0000000014000000                __base_FLEX_RAM = 0x14000000
                0x0000000014000000                __base_RAM3 = 0x14000000
                0x0000000014001000                __top_FLEX_RAM = 0x14001000
                0x0000000014001000                __top_RAM3 = 0x14001000

.text           0x0000000000000000     0x46e0
 FILL mask 0xff
                0x0000000000000000                __vectors_start__ = ABSOLUTE (.)
 *(SORT_BY_ALIGNMENT(.isr_vector))
 .isr_vector    0x0000000000000000      0x1d0 ./startup/startup_mk66f18.o
                0x0000000000000000                __Vectors
                0x0000000000000000                g_pfnVectors
                0x00000000000001d0                . = ALIGN (0x4)
                0x00000000000001d0                __section_table_start = .
                0x00000000000001d0                __data_section_table = .
                0x00000000000001d0        0x4 LONG 0x46e0 LOADADDR (.data)
                0x00000000000001d4        0x4 LONG 0x20000000 ADDR (.data)
                0x00000000000001d8        0x4 LONG 0x10 SIZEOF (.data)
                0x00000000000001dc        0x4 LONG 0x46e0 LOADADDR (.data_RAM2)
                0x00000000000001e0        0x4 LONG 0x1fff0000 ADDR (.data_RAM2)
                0x00000000000001e4        0x4 LONG 0x0 SIZEOF (.data_RAM2)
                0x00000000000001e8        0x4 LONG 0x46e0 LOADADDR (.data_RAM3)
                0x00000000000001ec        0x4 LONG 0x14000000 ADDR (.data_RAM3)
                0x00000000000001f0        0x4 LONG 0x0 SIZEOF (.data_RAM3)
                0x00000000000001f4                __data_section_table_end = .
                0x00000000000001f4                __bss_section_table = .
                0x00000000000001f4        0x4 LONG 0x20000010 ADDR (.bss)
                0x00000000000001f8        0x4 LONG 0x8d78 SIZEOF (.bss)
                0x00000000000001fc        0x4 LONG 0x1fff0000 ADDR (.bss_RAM2)
                0x0000000000000200        0x4 LONG 0x0 SIZEOF (.bss_RAM2)
                0x0000000000000204        0x4 LONG 0x14000000 ADDR (.bss_RAM3)
                0x0000000000000208        0x4 LONG 0x0 SIZEOF (.bss_RAM3)
                0x000000000000020c                __bss_section_table_end = .
                0x000000000000020c                __section_table_end = .
 *(SORT_BY_ALIGNMENT(.after_vectors*))
 .after_vectors.reset
                0x000000000000020c       0x4c ./startup/startup_mk66f18.o
                0x000000000000020c                ResetISR
 .after_vectors.init_data
                0x0000000000000258       0x1e ./startup/startup_mk66f18.o
                0x0000000000000258                data_init
 .after_vectors.init_bss
                0x0000000000000276       0x12 ./startup/startup_mk66f18.o
                0x0000000000000276                bss_init
 .after_vectors
                0x0000000000000288       0x14 ./startup/startup_mk66f18.o
                0x0000000000000288                NMI_Handler
                0x000000000000028c                MemManage_Handler
                0x000000000000028e                BusFault_Handler
                0x0000000000000290                UsageFault_Handler
                0x0000000000000292                SVC_Handler
                0x0000000000000294                DebugMon_Handler
                0x000000000000029a                DMA13_DMA29_DriverIRQHandler
                0x000000000000029a                PORTB_DriverIRQHandler
                0x000000000000029a                SPI1_DriverIRQHandler
                0x000000000000029a                LPTMR0_DriverIRQHandler
                0x000000000000029a                DMA_Error_DriverIRQHandler
                0x000000000000029a                FTM1_DriverIRQHandler
                0x000000000000029a                FTM2_DriverIRQHandler
                0x000000000000029a                PIT2_DriverIRQHandler
                0x000000000000029a                TPM2_DriverIRQHandler
                0x000000000000029a                SDHC_DriverIRQHandler
                0x000000000000029a                DMA7_DMA23_DriverIRQHandler
                0x000000000000029a                I2S0_Tx_DriverIRQHandler
                0x000000000000029a                TSI0_DriverIRQHandler
                0x000000000000029a                RTC_Seconds_DriverIRQHandler
                0x000000000000029a                CMP3_DriverIRQHandler
                0x000000000000029a                LLWU_DriverIRQHandler
                0x000000000000029a                MCM_DriverIRQHandler
                0x000000000000029a                DMA14_DMA30_DriverIRQHandler
                0x000000000000029a                MCG_DriverIRQHandler
                0x000000000000029a                ENET_1588_Timer_DriverIRQHandler
                0x000000000000029a                DAC1_DriverIRQHandler
                0x000000000000029a                CMP1_DriverIRQHandler
                0x000000000000029a                USBHSDCD_DriverIRQHandler
                0x000000000000029a                DMA0_DMA16_DriverIRQHandler
                0x000000000000029a                FTM0_DriverIRQHandler
                0x000000000000029a                IntDefaultHandler
                0x000000000000029a                USB0_DriverIRQHandler
                0x000000000000029a                PORTC_DriverIRQHandler
                0x000000000000029a                DMA2_DMA18_DriverIRQHandler
                0x000000000000029a                DAC0_DriverIRQHandler
                0x000000000000029a                CMP2_DriverIRQHandler
                0x000000000000029a                UART2_ERR_DriverIRQHandler
                0x000000000000029a                SPI2_DriverIRQHandler
                0x000000000000029a                LVD_LVW_DriverIRQHandler
                0x000000000000029a                Reserved84_DriverIRQHandler
                0x000000000000029a                PIT0_DriverIRQHandler
                0x000000000000029a                RNG_DriverIRQHandler
                0x000000000000029a                USBDCD_DriverIRQHandler
                0x000000000000029a                UART3_ERR_DriverIRQHandler
                0x000000000000029a                DMA12_DMA28_DriverIRQHandler
                0x000000000000029a                DMA10_DMA26_DriverIRQHandler
                0x000000000000029a                UART0_ERR_DriverIRQHandler
                0x000000000000029a                CMT_DriverIRQHandler
                0x000000000000029a                Reserved71_DriverIRQHandler
                0x000000000000029a                ADC1_DriverIRQHandler
                0x000000000000029a                PORTA_DriverIRQHandler
                0x000000000000029a                DMA1_DMA17_DriverIRQHandler
                0x000000000000029a                PIT3_DriverIRQHandler
                0x000000000000029a                PIT1_DriverIRQHandler
                0x000000000000029a                TPM1_DriverIRQHandler
                0x000000000000029a                WDOG_EWM_DriverIRQHandler
                0x000000000000029a                PDB0_DriverIRQHandler
                0x000000000000029a                DMA8_DMA24_DriverIRQHandler
                0x000000000000029a                DMA6_DMA22_DriverIRQHandler
                0x000000000000029a                RTC_DriverIRQHandler
                0x000000000000029a                I2S0_Rx_DriverIRQHandler
                0x000000000000029a                Read_Collision_DriverIRQHandler
                0x000000000000029a                SWI_DriverIRQHandler
                0x000000000000029a                UART4_ERR_DriverIRQHandler
                0x000000000000029a                DMA11_DMA27_DriverIRQHandler
                0x000000000000029a                DMA4_DMA20_DriverIRQHandler
                0x000000000000029a                DMA9_DMA25_DriverIRQHandler
                0x000000000000029a                ENET_Receive_DriverIRQHandler
                0x000000000000029a                DMA3_DMA19_DriverIRQHandler
                0x000000000000029a                ENET_Error_DriverIRQHandler
                0x000000000000029a                LPUART0_DriverIRQHandler
                0x000000000000029a                Reserved85_DriverIRQHandler
                0x000000000000029a                SPI0_DriverIRQHandler
                0x000000000000029a                ADC0_DriverIRQHandler
                0x000000000000029a                USBHS_DriverIRQHandler
                0x000000000000029a                CMP0_DriverIRQHandler
                0x000000000000029a                CAN0_DriverIRQHandler
                0x000000000000029a                FTM3_DriverIRQHandler
                0x000000000000029a                DMA5_DMA21_DriverIRQHandler
                0x000000000000029a                DMA15_DMA31_DriverIRQHandler
                0x000000000000029a                UART1_ERR_DriverIRQHandler
                0x000000000000029a                ENET_Transmit_DriverIRQHandler
                0x000000000000029a                PORTD_DriverIRQHandler
                0x000000000000029a                Reserved46_DriverIRQHandler
                0x000000000000029a                PORTE_DriverIRQHandler
                0x000000000000029a                FTFE_DriverIRQHandler
                0x000000000000029a                CAN1_DriverIRQHandler
                0x0000000000000400                . = 0x400
 *fill*         0x000000000000029c      0x164 ff
                0x0000000000000400                PROVIDE (__FLASH_CONFIG_START__ = .)
 *(SORT_BY_ALIGNMENT(.FlashConfig))
 .FlashConfig   0x0000000000000400       0x10 ./startup/startup_mk66f18.o
                0x0000000000000400                Flash_Config
                0x0000000000000410                PROVIDE (__FLASH_CONFIG_END__ = .)
                0x0000000000000001                ASSERT (! ((__FLASH_CONFIG_START__ == __FLASH_CONFIG_END__)), Linker Flash Config Support Enabled, but no .FlashConfig section provided within application)
 *(SORT_BY_ALIGNMENT(.text*))
 .text.DbgConsole_SendDataReliable
                0x0000000000000410       0x68 ./utilities/fsl_debug_console.o
                0x0000000000000410                DbgConsole_SendDataReliable
 .text.DbgConsole_Init
                0x0000000000000478      0x104 ./utilities/fsl_debug_console.o
                0x0000000000000478                DbgConsole_Init
 .text.DbgConsole_Printf
                0x000000000000057c       0x7c ./utilities/fsl_debug_console.o
                0x000000000000057c                DbgConsole_Printf
 .text.dummy_task1
                0x00000000000005f8       0x2c ./source/MK66FN2M0xxx18_Project.o
                0x00000000000005f8                dummy_task1
 .text.dummy_task2
                0x0000000000000624       0x2c ./source/MK66FN2M0xxx18_Project.o
                0x0000000000000624                dummy_task2
 .text.dummy_task3
                0x0000000000000650       0x2c ./source/MK66FN2M0xxx18_Project.o
                0x0000000000000650                dummy_task3
 .text.main     0x000000000000067c       0x50 ./source/MK66FN2M0xxx18_Project.o
                0x000000000000067c                main
 .text.__NVIC_SetPriority
                0x00000000000006cc       0x54 ./source/rtos.o
 .text.PORT_SetPinConfig
                0x0000000000000720       0x38 ./source/rtos.o
 .text.rtos_start_scheduler
                0x0000000000000758       0x50 ./source/rtos.o
                0x0000000000000758                rtos_start_scheduler
 .text.rtos_create_task
                0x00000000000007a8      0x12c ./source/rtos.o
                0x00000000000007a8                rtos_create_task
 .text.rtos_delay
                0x00000000000008d4       0x58 ./source/rtos.o
                0x00000000000008d4                rtos_delay
 .text.rtos_activate_task
                0x000000000000092c       0x34 ./source/rtos.o
                0x000000000000092c                rtos_activate_task
 .text.reload_systick
                0x0000000000000960       0x8c ./source/rtos.o
 .text.dispatcher
                0x00000000000009ec      0x1a8 ./source/rtos.o
 .text.activate_waiting_tasks
                0x0000000000000b94       0x90 ./source/rtos.o
 .text.SysTick_Handler
                0x0000000000000c24       0x3c ./source/rtos.o
                0x0000000000000c24                SysTick_Handler
 .text.PendSV_Handler
                0x0000000000000c60       0x40 ./source/rtos.o
                0x0000000000000c60                PendSV_Handler
 .text.init_is_alive
                0x0000000000000ca0       0x50 ./source/rtos.o
 .text.refresh_is_alive
                0x0000000000000cf0       0xd8 ./source/rtos.o
 .text.CLOCK_SetEr32kClock
                0x0000000000000dc8       0x30 ./drivers/fsl_clock.o
 .text.CLOCK_SetPllFllSelClock
                0x0000000000000df8       0x58 ./drivers/fsl_clock.o
 .text.CLOCK_GetMcgExtClkFreq
                0x0000000000000e50       0x7c ./drivers/fsl_clock.o
 .text.CLOCK_GetFllExtRefClkFreq
                0x0000000000000ecc       0xb0 ./drivers/fsl_clock.o
 .text.CLOCK_GetInternalRefClkSelectFreq
                0x0000000000000f7c       0x4c ./drivers/fsl_clock.o
 .text.CLOCK_GetFllRefClkFreq
                0x0000000000000fc8       0x34 ./drivers/fsl_clock.o
 .text.CLOCK_GetOscRangeFromFreq
                0x0000000000000ffc       0x3c ./drivers/fsl_clock.o
 .text.CLOCK_GetCoreSysClkFreq
                0x0000000000001038       0x28 ./drivers/fsl_clock.o
                0x0000000000001038                CLOCK_GetCoreSysClkFreq
 .text.CLOCK_SetSimConfig
                0x0000000000001060       0x44 ./drivers/fsl_clock.o
                0x0000000000001060                CLOCK_SetSimConfig
 .text.CLOCK_EnableUsbfs0Clock
                0x00000000000010a4      0x124 ./drivers/fsl_clock.o
                0x00000000000010a4                CLOCK_EnableUsbfs0Clock
 .text.CLOCK_GetOutClkFreq
                0x00000000000011c8       0x90 ./drivers/fsl_clock.o
                0x00000000000011c8                CLOCK_GetOutClkFreq
 .text.CLOCK_GetFllFreq
                0x0000000000001258       0x84 ./drivers/fsl_clock.o
                0x0000000000001258                CLOCK_GetFllFreq
 .text.CLOCK_GetPll0Freq
                0x00000000000012dc       0x7c ./drivers/fsl_clock.o
                0x00000000000012dc                CLOCK_GetPll0Freq
 .text.CLOCK_GetExtPllFreq
                0x0000000000001358       0x18 ./drivers/fsl_clock.o
                0x0000000000001358                CLOCK_GetExtPllFreq
 .text.CLOCK_SetExtPllFreq
                0x0000000000001370       0x20 ./drivers/fsl_clock.o
                0x0000000000001370                CLOCK_SetExtPllFreq
 .text.CLOCK_SetExternalRefClkConfig
                0x0000000000001390       0x6c ./drivers/fsl_clock.o
                0x0000000000001390                CLOCK_SetExternalRefClkConfig
 .text.CLOCK_SetInternalRefClkConfig
                0x00000000000013fc      0x104 ./drivers/fsl_clock.o
                0x00000000000013fc                CLOCK_SetInternalRefClkConfig
 .text.CLOCK_EnablePll0
                0x0000000000001500       0x88 ./drivers/fsl_clock.o
                0x0000000000001500                CLOCK_EnablePll0
 .text.CLOCK_InitOsc0
                0x0000000000001588       0x8c ./drivers/fsl_clock.o
                0x0000000000001588                CLOCK_InitOsc0
 .text.CLOCK_SetPbeMode
                0x0000000000001614       0xe8 ./drivers/fsl_clock.o
                0x0000000000001614                CLOCK_SetPbeMode
 .text.CLOCK_BootToPeeMode
                0x00000000000016fc       0x68 ./drivers/fsl_clock.o
                0x00000000000016fc                CLOCK_BootToPeeMode
 .text.GPIO_PinInit
                0x0000000000001764       0x68 ./drivers/fsl_gpio.o
                0x0000000000001764                GPIO_PinInit
 .text.I2C_TransferCommonIRQHandler
                0x00000000000017cc       0x58 ./drivers/fsl_i2c.o
 .text.I2C0_DriverIRQHandler
                0x0000000000001824       0x1c ./drivers/fsl_i2c.o
                0x0000000000001824                I2C0_DriverIRQHandler
 .text.I2C1_DriverIRQHandler
                0x0000000000001840       0x1c ./drivers/fsl_i2c.o
                0x0000000000001840                I2C1_DriverIRQHandler
 .text.I2C2_DriverIRQHandler
                0x000000000000185c       0x1c ./drivers/fsl_i2c.o
                0x000000000000185c                I2C2_DriverIRQHandler
 .text.I2C3_DriverIRQHandler
                0x0000000000001878       0x1c ./drivers/fsl_i2c.o
                0x0000000000001878                I2C3_DriverIRQHandler
 .text.UART_GetInstance
                0x0000000000001894       0x54 ./drivers/fsl_uart.o
                0x0000000000001894                UART_GetInstance
 .text.UART_Init
                0x00000000000018e8      0x2f4 ./drivers/fsl_uart.o
                0x00000000000018e8                UART_Init
 .text.UART_GetDefaultConfig
                0x0000000000001bdc       0x68 ./drivers/fsl_uart.o
                0x0000000000001bdc                UART_GetDefaultConfig
 .text.UART0_DriverIRQHandler
                0x0000000000001c44       0x28 ./drivers/fsl_uart.o
                0x0000000000001c44                UART0_DriverIRQHandler
 .text.UART1_DriverIRQHandler
                0x0000000000001c6c       0x28 ./drivers/fsl_uart.o
                0x0000000000001c6c                UART1_DriverIRQHandler
 .text.UART2_DriverIRQHandler
                0x0000000000001c94       0x28 ./drivers/fsl_uart.o
                0x0000000000001c94                UART2_DriverIRQHandler
 .text.UART3_DriverIRQHandler
                0x0000000000001cbc       0x28 ./drivers/fsl_uart.o
                0x0000000000001cbc                UART3_DriverIRQHandler
 .text.UART4_DriverIRQHandler
                0x0000000000001ce4       0x28 ./drivers/fsl_uart.o
                0x0000000000001ce4                UART4_DriverIRQHandler
 .text.SystemInit
                0x0000000000001d0c       0x3c ./device/system_MK66F18.o
                0x0000000000001d0c                SystemInit
 .text.HAL_UartInit
                0x0000000000001d48      0x108 ./component/uart/uart_adapter.o
                0x0000000000001d48                HAL_UartInit
 .text.HAL_UartSendBlocking
                0x0000000000001e50       0x64 ./component/uart/uart_adapter.o
                0x0000000000001e50                HAL_UartSendBlocking
 .text.SerialManager_Write
                0x0000000000001eb4       0x6c ./component/serial_manager/serial_manager.o
 .text.SerialManager_Init
                0x0000000000001f20       0x74 ./component/serial_manager/serial_manager.o
                0x0000000000001f20                SerialManager_Init
 .text.SerialManager_OpenWriteHandle
                0x0000000000001f94       0x64 ./component/serial_manager/serial_manager.o
                0x0000000000001f94                SerialManager_OpenWriteHandle
 .text.SerialManager_OpenReadHandle
                0x0000000000001ff8       0x74 ./component/serial_manager/serial_manager.o
                0x0000000000001ff8                SerialManager_OpenReadHandle
 .text.Serial_UartInit
                0x000000000000206c       0x80 ./component/serial_manager/serial_port_uart.o
                0x000000000000206c                Serial_UartInit
 .text.Serial_UartWrite
                0x00000000000020ec       0x58 ./component/serial_manager/serial_port_uart.o
                0x00000000000020ec                Serial_UartWrite
 .text.CLOCK_SetSdhc0Clock
                0x0000000000002144       0x3c ./board/clock_config.o
 .text.CLOCK_SetEnetTime0Clock
                0x0000000000002180       0x3c ./board/clock_config.o
 .text.CLOCK_SetRmii0Clock
                0x00000000000021bc       0x3c ./board/clock_config.o
 .text.CLOCK_SetLpuartClock
                0x00000000000021f8       0x3c ./board/clock_config.o
 .text.CLOCK_SetTpmClock
                0x0000000000002234       0x3c ./board/clock_config.o
 .text.CLOCK_SetTraceClock
                0x0000000000002270       0x58 ./board/clock_config.o
 .text.CLOCK_SetClkOutClock
                0x00000000000022c8       0x38 ./board/clock_config.o
 .text.CLOCK_SetRtcClkOutClock
                0x0000000000002300       0x3c ./board/clock_config.o
 .text.CLOCK_SetSimSafeDivs
                0x000000000000233c       0x24 ./board/clock_config.o
 .text.CLOCK_SetXtal0Freq
                0x0000000000002360       0x20 ./board/clock_config.o
 .text.CLOCK_SetXtal32Freq
                0x0000000000002380       0x20 ./board/clock_config.o
 .text.CLOCK_CONFIG_SetRtcClock
                0x00000000000023a0       0x84 ./board/clock_config.o
 .text.CLOCK_CONFIG_EnableUsbhs0PhyPllClock
                0x0000000000002424       0xfc ./board/clock_config.o
 .text.CLOCK_CONFIG_EnableUsbhs0PfdClock
                0x0000000000002520       0xb4 ./board/clock_config.o
 .text.CLOCK_CONFIG_SetUsbSlowClock
                0x00000000000025d4       0x3c ./board/clock_config.o
 .text.CLOCK_CONFIG_SetFllExtRefDiv
                0x0000000000002610       0x3c ./board/clock_config.o
 .text.BOARD_BootClockHSRUN
                0x000000000000264c       0xe0 ./board/clock_config.o
                0x000000000000264c                BOARD_BootClockHSRUN
 .text.PORT_SetPinConfig
                0x000000000000272c       0x38 ./board/pin_mux.o
 .text.BOARD_InitPins
                0x0000000000002764       0x30 ./board/pin_mux.o
                0x0000000000002764                BOARD_InitPins
 .text.BOARD_InitDEBUG_UARTPins
                0x0000000000002794       0x6c ./board/pin_mux.o
                0x0000000000002794                BOARD_InitDEBUG_UARTPins
 .text.__assertion_failed
                0x0000000000002800       0x4c /usr/local/mcuxpressoide-11.2.0_4120/ide/plugins/com.nxp.mcuxpresso.tools.linux_11.2.0.202001021529/tools/bin/../lib/gcc/arm-none-eabi/9.2.1/../../../../arm-none-eabi/lib/thumb/v7e-m+fp/hard/libcr_nohost_nf.a(_cr_assert.o)
                0x0000000000002800                __assertion_failed
 .text._Cwritebuf
                0x000000000000284c       0x6c /usr/local/mcuxpressoide-11.2.0_4120/ide/plugins/com.nxp.mcuxpresso.tools.linux_11.2.0.202001021529/tools/bin/../lib/gcc/arm-none-eabi/9.2.1/../../../../arm-none-eabi/lib/thumb/v7e-m+fp/hard/libcr_c.a(_writebuf.o)
                0x000000000000284c                _Cwritebuf
 .text.malloc   0x00000000000028b8       0xc8 /usr/local/mcuxpressoide-11.2.0_4120/ide/plugins/com.nxp.mcuxpresso.tools.linux_11.2.0.202001021529/tools/bin/../lib/gcc/arm-none-eabi/9.2.1/../../../../arm-none-eabi/lib/thumb/v7e-m+fp/hard/libcr_c.a(alloc.o)
                0x00000000000028b8                malloc
 .text._Csys_alloc
                0x0000000000002980       0x20 /usr/local/mcuxpressoide-11.2.0_4120/ide/plugins/com.nxp.mcuxpresso.tools.linux_11.2.0.202001021529/tools/bin/../lib/gcc/arm-none-eabi/9.2.1/../../../../arm-none-eabi/lib/thumb/v7e-m+fp/hard/libcr_c.a(alloc.o)
                0x0000000000002980                _Csys_alloc
 .text.fseek    0x00000000000029a0      0x100 /usr/local/mcuxpressoide-11.2.0_4120/ide/plugins/com.nxp.mcuxpresso.tools.linux_11.2.0.202001021529/tools/bin/../lib/gcc/arm-none-eabi/9.2.1/../../../../arm-none-eabi/lib/thumb/v7e-m+fp/hard/libcr_c.a(fseek.o)
                0x00000000000029a0                fseek
 .text.ftell    0x0000000000002aa0       0x44 /usr/local/mcuxpressoide-11.2.0_4120/ide/plugins/com.nxp.mcuxpresso.tools.linux_11.2.0.202001021529/tools/bin/../lib/gcc/arm-none-eabi/9.2.1/../../../../arm-none-eabi/lib/thumb/v7e-m+fp/hard/libcr_c.a(ftell.o)
                0x0000000000002aa0                ftell
 .text._initio  0x0000000000002ae4       0x78 /usr/local/mcuxpressoide-11.2.0_4120/ide/plugins/com.nxp.mcuxpresso.tools.linux_11.2.0.202001021529/tools/bin/../lib/gcc/arm-none-eabi/9.2.1/../../../../arm-none-eabi/lib/thumb/v7e-m+fp/hard/libcr_c.a(initio.o)
                0x0000000000002ae4                _initio
 .text._sbrk    0x0000000000002b5c       0x3c /usr/local/mcuxpressoide-11.2.0_4120/ide/plugins/com.nxp.mcuxpresso.tools.linux_11.2.0.202001021529/tools/bin/../lib/gcc/arm-none-eabi/9.2.1/../../../../arm-none-eabi/lib/thumb/v7e-m+fp/hard/libcr_c.a(_cr_sbrk.o)
                0x0000000000002b5c                _sbrk
 .text.fflush   0x0000000000002b98       0x44 /usr/local/mcuxpressoide-11.2.0_4120/ide/plugins/com.nxp.mcuxpresso.tools.linux_11.2.0.202001021529/tools/bin/../lib/gcc/arm-none-eabi/9.2.1/../../../../arm-none-eabi/lib/thumb/v7e-m+fp/hard/libcr_c.a(fflush.o)
                0x0000000000002b98                fflush
 .text.__check_heap_overflow
                0x0000000000002bdc       0x18 /usr/local/mcuxpressoide-11.2.0_4120/ide/plugins/com.nxp.mcuxpresso.tools.linux_11.2.0.202001021529/tools/bin/../lib/gcc/arm-none-eabi/9.2.1/../../../../arm-none-eabi/lib/thumb/v7e-m+fp/hard/libcr_c.a(_cr_check_heap.o)
                0x0000000000002bdc                __check_heap_overflow
 .text.DbgConsole_PrintCallback
                0x0000000000002bf4       0x66 ./utilities/fsl_debug_console.o
 .text.ConvertRadixNumToString
                0x0000000000002c5a      0x114 ./utilities/fsl_str.o
 .text.StrFormatPrintf
                0x0000000000002d6e      0x30c ./utilities/fsl_str.o
                0x0000000000002d6e                StrFormatPrintf
 .text.DMA0_DMA16_IRQHandler
                0x000000000000307a        0x8 ./startup/startup_mk66f18.o
                0x000000000000307a                DMA0_DMA16_IRQHandler
 .text.DMA1_DMA17_IRQHandler
                0x0000000000003082        0x8 ./startup/startup_mk66f18.o
                0x0000000000003082                DMA1_DMA17_IRQHandler
 .text.DMA2_DMA18_IRQHandler
                0x000000000000308a        0x8 ./startup/startup_mk66f18.o
                0x000000000000308a                DMA2_DMA18_IRQHandler
 .text.DMA3_DMA19_IRQHandler
                0x0000000000003092        0x8 ./startup/startup_mk66f18.o
                0x0000000000003092                DMA3_DMA19_IRQHandler
 .text.DMA4_DMA20_IRQHandler
                0x000000000000309a        0x8 ./startup/startup_mk66f18.o
                0x000000000000309a                DMA4_DMA20_IRQHandler
 .text.DMA5_DMA21_IRQHandler
                0x00000000000030a2        0x8 ./startup/startup_mk66f18.o
                0x00000000000030a2                DMA5_DMA21_IRQHandler
 .text.DMA6_DMA22_IRQHandler
                0x00000000000030aa        0x8 ./startup/startup_mk66f18.o
                0x00000000000030aa                DMA6_DMA22_IRQHandler
 .text.DMA7_DMA23_IRQHandler
                0x00000000000030b2        0x8 ./startup/startup_mk66f18.o
                0x00000000000030b2                DMA7_DMA23_IRQHandler
 .text.DMA8_DMA24_IRQHandler
                0x00000000000030ba        0x8 ./startup/startup_mk66f18.o
                0x00000000000030ba                DMA8_DMA24_IRQHandler
 .text.DMA9_DMA25_IRQHandler
                0x00000000000030c2        0x8 ./startup/startup_mk66f18.o
                0x00000000000030c2                DMA9_DMA25_IRQHandler
 .text.DMA10_DMA26_IRQHandler
                0x00000000000030ca        0x8 ./startup/startup_mk66f18.o
                0x00000000000030ca                DMA10_DMA26_IRQHandler
 .text.DMA11_DMA27_IRQHandler
                0x00000000000030d2        0x8 ./startup/startup_mk66f18.o
                0x00000000000030d2                DMA11_DMA27_IRQHandler
 .text.DMA12_DMA28_IRQHandler
                0x00000000000030da        0x8 ./startup/startup_mk66f18.o
                0x00000000000030da                DMA12_DMA28_IRQHandler
 .text.DMA13_DMA29_IRQHandler
                0x00000000000030e2        0x8 ./startup/startup_mk66f18.o
                0x00000000000030e2                DMA13_DMA29_IRQHandler
 .text.DMA14_DMA30_IRQHandler
                0x00000000000030ea        0x8 ./startup/startup_mk66f18.o
                0x00000000000030ea                DMA14_DMA30_IRQHandler
 .text.DMA15_DMA31_IRQHandler
                0x00000000000030f2        0x8 ./startup/startup_mk66f18.o
                0x00000000000030f2                DMA15_DMA31_IRQHandler
 .text.DMA_Error_IRQHandler
                0x00000000000030fa        0x8 ./startup/startup_mk66f18.o
                0x00000000000030fa                DMA_Error_IRQHandler
 .text.MCM_IRQHandler
                0x0000000000003102        0x8 ./startup/startup_mk66f18.o
                0x0000000000003102                MCM_IRQHandler
 .text.FTFE_IRQHandler
                0x000000000000310a        0x8 ./startup/startup_mk66f18.o
                0x000000000000310a                FTFE_IRQHandler
 .text.Read_Collision_IRQHandler
                0x0000000000003112        0x8 ./startup/startup_mk66f18.o
                0x0000000000003112                Read_Collision_IRQHandler
 .text.LVD_LVW_IRQHandler
                0x000000000000311a        0x8 ./startup/startup_mk66f18.o
                0x000000000000311a                LVD_LVW_IRQHandler
 .text.LLWU_IRQHandler
                0x0000000000003122        0x8 ./startup/startup_mk66f18.o
                0x0000000000003122                LLWU_IRQHandler
 .text.WDOG_EWM_IRQHandler
                0x000000000000312a        0x8 ./startup/startup_mk66f18.o
                0x000000000000312a                WDOG_EWM_IRQHandler
 .text.RNG_IRQHandler
                0x0000000000003132        0x8 ./startup/startup_mk66f18.o
                0x0000000000003132                RNG_IRQHandler
 .text.I2C0_IRQHandler
                0x000000000000313a        0x8 ./startup/startup_mk66f18.o
                0x000000000000313a                I2C0_IRQHandler
 .text.I2C1_IRQHandler
                0x0000000000003142        0x8 ./startup/startup_mk66f18.o
                0x0000000000003142                I2C1_IRQHandler
 .text.SPI0_IRQHandler
                0x000000000000314a        0x8 ./startup/startup_mk66f18.o
                0x000000000000314a                SPI0_IRQHandler
 .text.SPI1_IRQHandler
                0x0000000000003152        0x8 ./startup/startup_mk66f18.o
                0x0000000000003152                SPI1_IRQHandler
 .text.I2S0_Tx_IRQHandler
                0x000000000000315a        0x8 ./startup/startup_mk66f18.o
                0x000000000000315a                I2S0_Tx_IRQHandler
 .text.I2S0_Rx_IRQHandler
                0x0000000000003162        0x8 ./startup/startup_mk66f18.o
                0x0000000000003162                I2S0_Rx_IRQHandler
 .text.Reserved46_IRQHandler
                0x000000000000316a        0x8 ./startup/startup_mk66f18.o
                0x000000000000316a                Reserved46_IRQHandler
 .text.UART0_RX_TX_IRQHandler
                0x0000000000003172        0x8 ./startup/startup_mk66f18.o
                0x0000000000003172                UART0_RX_TX_IRQHandler
 .text.UART0_ERR_IRQHandler
                0x000000000000317a        0x8 ./startup/startup_mk66f18.o
                0x000000000000317a                UART0_ERR_IRQHandler
 .text.UART1_RX_TX_IRQHandler
                0x0000000000003182        0x8 ./startup/startup_mk66f18.o
                0x0000000000003182                UART1_RX_TX_IRQHandler
 .text.UART1_ERR_IRQHandler
                0x000000000000318a        0x8 ./startup/startup_mk66f18.o
                0x000000000000318a                UART1_ERR_IRQHandler
 .text.UART2_RX_TX_IRQHandler
                0x0000000000003192        0x8 ./startup/startup_mk66f18.o
                0x0000000000003192                UART2_RX_TX_IRQHandler
 .text.UART2_ERR_IRQHandler
                0x000000000000319a        0x8 ./startup/startup_mk66f18.o
                0x000000000000319a                UART2_ERR_IRQHandler
 .text.UART3_RX_TX_IRQHandler
                0x00000000000031a2        0x8 ./startup/startup_mk66f18.o
                0x00000000000031a2                UART3_RX_TX_IRQHandler
 .text.UART3_ERR_IRQHandler
                0x00000000000031aa        0x8 ./startup/startup_mk66f18.o
                0x00000000000031aa                UART3_ERR_IRQHandler
 .text.ADC0_IRQHandler
                0x00000000000031b2        0x8 ./startup/startup_mk66f18.o
                0x00000000000031b2                ADC0_IRQHandler
 .text.CMP0_IRQHandler
                0x00000000000031ba        0x8 ./startup/startup_mk66f18.o
                0x00000000000031ba                CMP0_IRQHandler
 .text.CMP1_IRQHandler
                0x00000000000031c2        0x8 ./startup/startup_mk66f18.o
                0x00000000000031c2                CMP1_IRQHandler
 .text.FTM0_IRQHandler
                0x00000000000031ca        0x8 ./startup/startup_mk66f18.o
                0x00000000000031ca                FTM0_IRQHandler
 .text.FTM1_IRQHandler
                0x00000000000031d2        0x8 ./startup/startup_mk66f18.o
                0x00000000000031d2                FTM1_IRQHandler
 .text.FTM2_IRQHandler
                0x00000000000031da        0x8 ./startup/startup_mk66f18.o
                0x00000000000031da                FTM2_IRQHandler
 .text.CMT_IRQHandler
                0x00000000000031e2        0x8 ./startup/startup_mk66f18.o
                0x00000000000031e2                CMT_IRQHandler
 .text.RTC_IRQHandler
                0x00000000000031ea        0x8 ./startup/startup_mk66f18.o
                0x00000000000031ea                RTC_IRQHandler
 .text.RTC_Seconds_IRQHandler
                0x00000000000031f2        0x8 ./startup/startup_mk66f18.o
                0x00000000000031f2                RTC_Seconds_IRQHandler
 .text.PIT0_IRQHandler
                0x00000000000031fa        0x8 ./startup/startup_mk66f18.o
                0x00000000000031fa                PIT0_IRQHandler
 .text.PIT1_IRQHandler
                0x0000000000003202        0x8 ./startup/startup_mk66f18.o
                0x0000000000003202                PIT1_IRQHandler
 .text.PIT2_IRQHandler
                0x000000000000320a        0x8 ./startup/startup_mk66f18.o
                0x000000000000320a                PIT2_IRQHandler
 .text.PIT3_IRQHandler
                0x0000000000003212        0x8 ./startup/startup_mk66f18.o
                0x0000000000003212                PIT3_IRQHandler
 .text.PDB0_IRQHandler
                0x000000000000321a        0x8 ./startup/startup_mk66f18.o
                0x000000000000321a                PDB0_IRQHandler
 .text.USB0_IRQHandler
                0x0000000000003222        0x8 ./startup/startup_mk66f18.o
                0x0000000000003222                USB0_IRQHandler
 .text.USBDCD_IRQHandler
                0x000000000000322a        0x8 ./startup/startup_mk66f18.o
                0x000000000000322a                USBDCD_IRQHandler
 .text.Reserved71_IRQHandler
                0x0000000000003232        0x8 ./startup/startup_mk66f18.o
                0x0000000000003232                Reserved71_IRQHandler
 .text.DAC0_IRQHandler
                0x000000000000323a        0x8 ./startup/startup_mk66f18.o
                0x000000000000323a                DAC0_IRQHandler
 .text.MCG_IRQHandler
                0x0000000000003242        0x8 ./startup/startup_mk66f18.o
                0x0000000000003242                MCG_IRQHandler
 .text.LPTMR0_IRQHandler
                0x000000000000324a        0x8 ./startup/startup_mk66f18.o
                0x000000000000324a                LPTMR0_IRQHandler
 .text.PORTA_IRQHandler
                0x0000000000003252        0x8 ./startup/startup_mk66f18.o
                0x0000000000003252                PORTA_IRQHandler
 .text.PORTB_IRQHandler
                0x000000000000325a        0x8 ./startup/startup_mk66f18.o
                0x000000000000325a                PORTB_IRQHandler
 .text.PORTC_IRQHandler
                0x0000000000003262        0x8 ./startup/startup_mk66f18.o
                0x0000000000003262                PORTC_IRQHandler
 .text.PORTD_IRQHandler
                0x000000000000326a        0x8 ./startup/startup_mk66f18.o
                0x000000000000326a                PORTD_IRQHandler
 .text.PORTE_IRQHandler
                0x0000000000003272        0x8 ./startup/startup_mk66f18.o
                0x0000000000003272                PORTE_IRQHandler
 .text.SWI_IRQHandler
                0x000000000000327a        0x8 ./startup/startup_mk66f18.o
                0x000000000000327a                SWI_IRQHandler
 .text.SPI2_IRQHandler
                0x0000000000003282        0x8 ./startup/startup_mk66f18.o
                0x0000000000003282                SPI2_IRQHandler
 .text.UART4_RX_TX_IRQHandler
                0x000000000000328a        0x8 ./startup/startup_mk66f18.o
                0x000000000000328a                UART4_RX_TX_IRQHandler
 .text.UART4_ERR_IRQHandler
                0x0000000000003292        0x8 ./startup/startup_mk66f18.o
                0x0000000000003292                UART4_ERR_IRQHandler
 .text.Reserved84_IRQHandler
                0x000000000000329a        0x8 ./startup/startup_mk66f18.o
                0x000000000000329a                Reserved84_IRQHandler
 .text.Reserved85_IRQHandler
                0x00000000000032a2        0x8 ./startup/startup_mk66f18.o
                0x00000000000032a2                Reserved85_IRQHandler
 .text.CMP2_IRQHandler
                0x00000000000032aa        0x8 ./startup/startup_mk66f18.o
                0x00000000000032aa                CMP2_IRQHandler
 .text.FTM3_IRQHandler
                0x00000000000032b2        0x8 ./startup/startup_mk66f18.o
                0x00000000000032b2                FTM3_IRQHandler
 .text.DAC1_IRQHandler
                0x00000000000032ba        0x8 ./startup/startup_mk66f18.o
                0x00000000000032ba                DAC1_IRQHandler
 .text.ADC1_IRQHandler
                0x00000000000032c2        0x8 ./startup/startup_mk66f18.o
                0x00000000000032c2                ADC1_IRQHandler
 .text.I2C2_IRQHandler
                0x00000000000032ca        0x8 ./startup/startup_mk66f18.o
                0x00000000000032ca                I2C2_IRQHandler
 .text.CAN0_ORed_Message_buffer_IRQHandler
                0x00000000000032d2        0x8 ./startup/startup_mk66f18.o
                0x00000000000032d2                CAN0_ORed_Message_buffer_IRQHandler
 .text.CAN0_Bus_Off_IRQHandler
                0x00000000000032da        0x8 ./startup/startup_mk66f18.o
                0x00000000000032da                CAN0_Bus_Off_IRQHandler
 .text.CAN0_Error_IRQHandler
                0x00000000000032e2        0x8 ./startup/startup_mk66f18.o
                0x00000000000032e2                CAN0_Error_IRQHandler
 .text.CAN0_Tx_Warning_IRQHandler
                0x00000000000032ea        0x8 ./startup/startup_mk66f18.o
                0x00000000000032ea                CAN0_Tx_Warning_IRQHandler
 .text.CAN0_Rx_Warning_IRQHandler
                0x00000000000032f2        0x8 ./startup/startup_mk66f18.o
                0x00000000000032f2                CAN0_Rx_Warning_IRQHandler
 .text.CAN0_Wake_Up_IRQHandler
                0x00000000000032fa        0x8 ./startup/startup_mk66f18.o
                0x00000000000032fa                CAN0_Wake_Up_IRQHandler
 .text.SDHC_IRQHandler
                0x0000000000003302        0x8 ./startup/startup_mk66f18.o
                0x0000000000003302                SDHC_IRQHandler
 .text.ENET_1588_Timer_IRQHandler
                0x000000000000330a        0x8 ./startup/startup_mk66f18.o
                0x000000000000330a                ENET_1588_Timer_IRQHandler
 .text.ENET_Transmit_IRQHandler
                0x0000000000003312        0x8 ./startup/startup_mk66f18.o
                0x0000000000003312                ENET_Transmit_IRQHandler
 .text.ENET_Receive_IRQHandler
                0x000000000000331a        0x8 ./startup/startup_mk66f18.o
                0x000000000000331a                ENET_Receive_IRQHandler
 .text.ENET_Error_IRQHandler
                0x0000000000003322        0x8 ./startup/startup_mk66f18.o
                0x0000000000003322                ENET_Error_IRQHandler
 .text.LPUART0_IRQHandler
                0x000000000000332a        0x8 ./startup/startup_mk66f18.o
                0x000000000000332a                LPUART0_IRQHandler
 .text.TSI0_IRQHandler
                0x0000000000003332        0x8 ./startup/startup_mk66f18.o
                0x0000000000003332                TSI0_IRQHandler
 .text.TPM1_IRQHandler
                0x000000000000333a        0x8 ./startup/startup_mk66f18.o
                0x000000000000333a                TPM1_IRQHandler
 .text.TPM2_IRQHandler
                0x0000000000003342        0x8 ./startup/startup_mk66f18.o
                0x0000000000003342                TPM2_IRQHandler
 .text.USBHSDCD_IRQHandler
                0x000000000000334a        0x8 ./startup/startup_mk66f18.o
                0x000000000000334a                USBHSDCD_IRQHandler
 .text.I2C3_IRQHandler
                0x0000000000003352        0x8 ./startup/startup_mk66f18.o
                0x0000000000003352                I2C3_IRQHandler
 .text.CMP3_IRQHandler
                0x000000000000335a        0x8 ./startup/startup_mk66f18.o
                0x000000000000335a                CMP3_IRQHandler
 .text.USBHS_IRQHandler
                0x0000000000003362        0x8 ./startup/startup_mk66f18.o
                0x0000000000003362                USBHS_IRQHandler
 .text.CAN1_ORed_Message_buffer_IRQHandler
                0x000000000000336a        0x8 ./startup/startup_mk66f18.o
                0x000000000000336a                CAN1_ORed_Message_buffer_IRQHandler
 .text.CAN1_Bus_Off_IRQHandler
                0x0000000000003372        0x8 ./startup/startup_mk66f18.o
                0x0000000000003372                CAN1_Bus_Off_IRQHandler
 .text.CAN1_Error_IRQHandler
                0x000000000000337a        0x8 ./startup/startup_mk66f18.o
                0x000000000000337a                CAN1_Error_IRQHandler
 .text.CAN1_Tx_Warning_IRQHandler
                0x0000000000003382        0x8 ./startup/startup_mk66f18.o
                0x0000000000003382                CAN1_Tx_Warning_IRQHandler
 .text.CAN1_Rx_Warning_IRQHandler
                0x000000000000338a        0x8 ./startup/startup_mk66f18.o
                0x000000000000338a                CAN1_Rx_Warning_IRQHandler
 .text.CAN1_Wake_Up_IRQHandler
                0x0000000000003392        0x8 ./startup/startup_mk66f18.o
                0x0000000000003392                CAN1_Wake_Up_IRQHandler
 .text.CLOCK_EnableClock
                0x000000000000339a       0x34 ./source/rtos.o
 .text.GPIO_PinWrite
                0x00000000000033ce       0x3a ./source/rtos.o
 .text.idle_task
                0x0000000000003408        0x6 ./source/rtos.o
 .text.HardFault_Handler
                0x000000000000340e       0x2c ./source/semihost_hardfault.o
                0x000000000000340e                HardFault_Handler
 .text.CLOCK_EnableClock
                0x000000000000343a       0x34 ./drivers/fsl_clock.o
 .text.CLOCK_DisableClock
                0x000000000000346e       0x38 ./drivers/fsl_clock.o
 .text.OSC_SetExtRefClkConfig
                0x00000000000034a6       0x40 ./drivers/fsl_clock.o
 .text.OSC_SetCapLoad
                0x00000000000034e6       0x34 ./drivers/fsl_clock.o
 .text.CLOCK_GetPll0RefFreq
                0x000000000000351a        0xe ./drivers/fsl_clock.o
 .text.GPIO_PinWrite
                0x0000000000003528       0x3a ./drivers/fsl_gpio.o
 .text.SMC_SetPowerModeHsrun
                0x0000000000003562       0x36 ./drivers/fsl_smc.o
                0x0000000000003562                SMC_SetPowerModeHsrun
 .text.CLOCK_EnableClock
                0x0000000000003598       0x34 ./drivers/fsl_uart.o
 .text.UART_WriteBlocking
                0x00000000000035cc       0x50 ./drivers/fsl_uart.o
                0x00000000000035cc                UART_WriteBlocking
 .text.UART0_RX_TX_DriverIRQHandler
                0x000000000000361c       0x12 ./drivers/fsl_uart.o
                0x000000000000361c                UART0_RX_TX_DriverIRQHandler
 .text.UART1_RX_TX_DriverIRQHandler
                0x000000000000362e       0x12 ./drivers/fsl_uart.o
                0x000000000000362e                UART1_RX_TX_DriverIRQHandler
 .text.UART2_RX_TX_DriverIRQHandler
                0x0000000000003640       0x12 ./drivers/fsl_uart.o
                0x0000000000003640                UART2_RX_TX_DriverIRQHandler
 .text.UART3_RX_TX_DriverIRQHandler
                0x0000000000003652       0x12 ./drivers/fsl_uart.o
                0x0000000000003652                UART3_RX_TX_DriverIRQHandler
 .text.UART4_RX_TX_DriverIRQHandler
                0x0000000000003664       0x12 ./drivers/fsl_uart.o
                0x0000000000003664                UART4_RX_TX_DriverIRQHandler
 .text.SystemInitHook
                0x0000000000003676        0xe ./device/system_MK66F18.o
                0x0000000000003676                SystemInitHook
 .text.HAL_UartGetStatus
                0x0000000000003684       0x22 ./component/uart/uart_adapter.o
 .text.DisableGlobalIRQ
                0x00000000000036a6       0x22 ./component/serial_manager/serial_manager.o
 .text.EnableGlobalIRQ
                0x00000000000036c8       0x20 ./component/serial_manager/serial_manager.o
 .text.SerialManager_StartWriting
                0x00000000000036e8       0x4a ./component/serial_manager/serial_manager.o
 .text.SerialManager_WriteBlocking
                0x0000000000003732       0x20 ./component/serial_manager/serial_manager.o
                0x0000000000003732                SerialManager_WriteBlocking
 .text.BOARD_InitDebugConsole
                0x0000000000003752       0x22 ./board/board.o
                0x0000000000003752                BOARD_InitDebugConsole
 .text.CLOCK_EnableClock
                0x0000000000003774       0x34 ./board/clock_config.o
 .text.CLOCK_DisableClock
                0x00000000000037a8       0x38 ./board/clock_config.o
 .text.SMC_SetPowerModeProtection
                0x00000000000037e0       0x1e ./board/clock_config.o
 .text.SMC_GetPowerModeState
                0x00000000000037fe       0x1a ./board/clock_config.o
 .text.RTC_SetOscCapLoad
                0x0000000000003818       0x32 ./board/clock_config.o
 .text.BOARD_InitBootClocks
                0x000000000000384a        0xc ./board/clock_config.o
                0x000000000000384a                BOARD_InitBootClocks
 .text.BOARD_InitPeripherals
                0x0000000000003856        0xe ./board/peripherals.o
                0x0000000000003856                BOARD_InitPeripherals
 .text.BOARD_InitBootPeripherals
                0x0000000000003864        0xc ./board/peripherals.o
                0x0000000000003864                BOARD_InitBootPeripherals
 .text.CLOCK_EnableClock
                0x0000000000003870       0x34 ./board/pin_mux.o
 .text.PORT_SetPinMux
                0x00000000000038a4       0x3a ./board/pin_mux.o
 .text.BOARD_InitBootPins
                0x00000000000038de       0x10 ./board/pin_mux.o
                0x00000000000038de                BOARD_InitBootPins
 .text.__main   0x00000000000038ee        0xe /usr/local/mcuxpressoide-11.2.0_4120/ide/plugins/com.nxp.mcuxpresso.tools.linux_11.2.0.202001021529/tools/bin/../lib/gcc/arm-none-eabi/9.2.1/../../../../arm-none-eabi/lib/thumb/v7e-m+fp/hard/libcr_nohost_nf.a(_cr__main.o)
                0x00000000000038ee                __main
 .text.__sys_appexit
                0x00000000000038fc        0x2 /usr/local/mcuxpressoide-11.2.0_4120/ide/plugins/com.nxp.mcuxpresso.tools.linux_11.2.0.202001021529/tools/bin/../lib/gcc/arm-none-eabi/9.2.1/../../../../arm-none-eabi/lib/thumb/v7e-m+fp/hard/libcr_nohost_nf.a(__sys_appexit.o)
                0x00000000000038fc                __exit
                0x00000000000038fc                __sys_appexit
 .text.memset   0x00000000000038fe        0x4 /usr/local/mcuxpressoide-11.2.0_4120/ide/plugins/com.nxp.mcuxpresso.tools.linux_11.2.0.202001021529/tools/bin/../lib/gcc/arm-none-eabi/9.2.1/../../../../arm-none-eabi/lib/thumb/v7e-m+fp/hard/libcr_c.a(memset.o)
                0x00000000000038fe                memset
 .text._deferredlazyseek
                0x0000000000003902       0x40 /usr/local/mcuxpressoide-11.2.0_4120/ide/plugins/com.nxp.mcuxpresso.tools.linux_11.2.0.202001021529/tools/bin/../lib/gcc/arm-none-eabi/9.2.1/../../../../arm-none-eabi/lib/thumb/v7e-m+fp/hard/libcr_c.a(_deferredlazyseek.o)
                0x0000000000003902                _deferredlazyseek
 .text.__flsbuf
                0x0000000000003942      0x140 /usr/local/mcuxpressoide-11.2.0_4120/ide/plugins/com.nxp.mcuxpresso.tools.linux_11.2.0.202001021529/tools/bin/../lib/gcc/arm-none-eabi/9.2.1/../../../../arm-none-eabi/lib/thumb/v7e-m+fp/hard/libcr_c.a(_deferredlazyseek.o)
                0x0000000000003942                __flsbuf
 .text._fflush  0x0000000000003a82       0x52 /usr/local/mcuxpressoide-11.2.0_4120/ide/plugins/com.nxp.mcuxpresso.tools.linux_11.2.0.202001021529/tools/bin/../lib/gcc/arm-none-eabi/9.2.1/../../../../arm-none-eabi/lib/thumb/v7e-m+fp/hard/libcr_c.a(_fflush.o)
                0x0000000000003a82                _fflush
 .text.free     0x0000000000003ad4       0x30 /usr/local/mcuxpressoide-11.2.0_4120/ide/plugins/com.nxp.mcuxpresso.tools.linux_11.2.0.202001021529/tools/bin/../lib/gcc/arm-none-eabi/9.2.1/../../../../arm-none-eabi/lib/thumb/v7e-m+fp/hard/libcr_c.a(alloc.o)
                0x0000000000003ad4                free
 .text.fputs    0x0000000000003b04       0x2c /usr/local/mcuxpressoide-11.2.0_4120/ide/plugins/com.nxp.mcuxpresso.tools.linux_11.2.0.202001021529/tools/bin/../lib/gcc/arm-none-eabi/9.2.1/../../../../arm-none-eabi/lib/thumb/v7e-m+fp/hard/libcr_c.a(fputs.o)
                0x0000000000003b04                fputs
 .text.setvbuf  0x0000000000003b30       0x3e /usr/local/mcuxpressoide-11.2.0_4120/ide/plugins/com.nxp.mcuxpresso.tools.linux_11.2.0.202001021529/tools/bin/../lib/gcc/arm-none-eabi/9.2.1/../../../../arm-none-eabi/lib/thumb/v7e-m+fp/hard/libcr_c.a(setvbuf.o)
                0x0000000000003b30                setvbuf
 .text.strlen   0x0000000000003b6e       0x4c /usr/local/mcuxpressoide-11.2.0_4120/ide/plugins/com.nxp.mcuxpresso.tools.linux_11.2.0.202001021529/tools/bin/../lib/gcc/arm-none-eabi/9.2.1/../../../../arm-none-eabi/lib/thumb/v7e-m+fp/hard/libcr_c.a(strlen.o)
                0x0000000000003b6e                strlen
 .text._fdopen  0x0000000000003bba       0x68 /usr/local/mcuxpressoide-11.2.0_4120/ide/plugins/com.nxp.mcuxpresso.tools.linux_11.2.0.202001021529/tools/bin/../lib/gcc/arm-none-eabi/9.2.1/../../../../arm-none-eabi/lib/thumb/v7e-m+fp/hard/libcr_c.a(_fdopen.o)
                0x0000000000003bba                _fdopen
 .text.fclose   0x0000000000003c22       0x58 /usr/local/mcuxpressoide-11.2.0_4120/ide/plugins/com.nxp.mcuxpresso.tools.linux_11.2.0.202001021529/tools/bin/../lib/gcc/arm-none-eabi/9.2.1/../../../../arm-none-eabi/lib/thumb/v7e-m+fp/hard/libcr_c.a(fclose.o)
                0x0000000000003c22                fclose
 .text.remove   0x0000000000003c7a       0x14 /usr/local/mcuxpressoide-11.2.0_4120/ide/plugins/com.nxp.mcuxpresso.tools.linux_11.2.0.202001021529/tools/bin/../lib/gcc/arm-none-eabi/9.2.1/../../../../arm-none-eabi/lib/thumb/v7e-m+fp/hard/libcr_c.a(remove.o)
                0x0000000000003c7a                remove
 .text._do_fflush
                0x0000000000003c8e       0x40 /usr/local/mcuxpressoide-11.2.0_4120/ide/plugins/com.nxp.mcuxpresso.tools.linux_11.2.0.202001021529/tools/bin/../lib/gcc/arm-none-eabi/9.2.1/../../../../arm-none-eabi/lib/thumb/v7e-m+fp/hard/libcr_c.a(_do_fflush.o)
                0x0000000000003c8e                _do_fflush
 .text.__aeabi_division_uldivmod
                0x0000000000003cce      0x174 /usr/local/mcuxpressoide-11.2.0_4120/ide/plugins/com.nxp.mcuxpresso.tools.linux_11.2.0.202001021529/tools/bin/../lib/gcc/arm-none-eabi/9.2.1/thumb/v7e-m+fp/hard/libcr_eabihelpers.a(division_64.o)
                0x0000000000003cce                __aeabi_uldivmod
                0x0000000000003cd2                __bhs_ldivmod1
 .text.__aeabi_division_idiv0
                0x0000000000003e42        0x2 /usr/local/mcuxpressoide-11.2.0_4120/ide/plugins/com.nxp.mcuxpresso.tools.linux_11.2.0.202001021529/tools/bin/../lib/gcc/arm-none-eabi/9.2.1/thumb/v7e-m+fp/hard/libcr_eabihelpers.a(division_idiv0.o)
                0x0000000000003e42                __aeabi_idiv0
 .text.__aeabi_memset_lowlevel
                0x0000000000003e44       0x32 /usr/local/mcuxpressoide-11.2.0_4120/ide/plugins/com.nxp.mcuxpresso.tools.linux_11.2.0.202001021529/tools/bin/../lib/gcc/arm-none-eabi/9.2.1/thumb/v7e-m+fp/hard/libcr_eabihelpers.a(memcpy.o)
                0x0000000000003e44                __aeabi_lowlevel_memset
 .text.__sys_close
                0x0000000000003e76        0x6 /usr/local/mcuxpressoide-11.2.0_4120/ide/plugins/com.nxp.mcuxpresso.tools.linux_11.2.0.202001021529/tools/bin/../lib/gcc/arm-none-eabi/9.2.1/../../../../arm-none-eabi/lib/thumb/v7e-m+fp/hard/libcr_nohost_nf.a(__sys_close.o)
                0x0000000000003e76                __sys_close
 .text.__sys_flen
                0x0000000000003e7c        0x6 /usr/local/mcuxpressoide-11.2.0_4120/ide/plugins/com.nxp.mcuxpresso.tools.linux_11.2.0.202001021529/tools/bin/../lib/gcc/arm-none-eabi/9.2.1/../../../../arm-none-eabi/lib/thumb/v7e-m+fp/hard/libcr_nohost_nf.a(__sys_flen.o)
                0x0000000000003e7c                __sys_flen
 .text.__sys_istty
                0x0000000000003e82        0x6 /usr/local/mcuxpressoide-11.2.0_4120/ide/plugins/com.nxp.mcuxpresso.tools.linux_11.2.0.202001021529/tools/bin/../lib/gcc/arm-none-eabi/9.2.1/../../../../arm-none-eabi/lib/thumb/v7e-m+fp/hard/libcr_nohost_nf.a(__sys_istty.o)
                0x0000000000003e82                __sys_istty
 .text.__sys_remove
                0x0000000000003e88        0x6 /usr/local/mcuxpressoide-11.2.0_4120/ide/plugins/com.nxp.mcuxpresso.tools.linux_11.2.0.202001021529/tools/bin/../lib/gcc/arm-none-eabi/9.2.1/../../../../arm-none-eabi/lib/thumb/v7e-m+fp/hard/libcr_nohost_nf.a(__sys_remove.o)
                0x0000000000003e88                __sys_remove
 .text.__sys_seek
                0x0000000000003e8e        0x6 /usr/local/mcuxpressoide-11.2.0_4120/ide/plugins/com.nxp.mcuxpresso.tools.linux_11.2.0.202001021529/tools/bin/../lib/gcc/arm-none-eabi/9.2.1/../../../../arm-none-eabi/lib/thumb/v7e-m+fp/hard/libcr_nohost_nf.a(__sys_seek.o)
                0x0000000000003e8e                __sys_seek
 .text.__sys_tmpnam
                0x0000000000003e94        0x6 /usr/local/mcuxpressoide-11.2.0_4120/ide/plugins/com.nxp.mcuxpresso.tools.linux_11.2.0.202001021529/tools/bin/../lib/gcc/arm-none-eabi/9.2.1/../../../../arm-none-eabi/lib/thumb/v7e-m+fp/hard/libcr_nohost_nf.a(__sys_tmpnam.o)
                0x0000000000003e94                __sys_tmpnam
 .text.__sys_write
                0x0000000000003e9a        0x4 /usr/local/mcuxpressoide-11.2.0_4120/ide/plugins/com.nxp.mcuxpresso.tools.linux_11.2.0.202001021529/tools/bin/../lib/gcc/arm-none-eabi/9.2.1/../../../../arm-none-eabi/lib/thumb/v7e-m+fp/hard/libcr_nohost_nf.a(__sys_write.o)
                0x0000000000003e9a                __sys_write
 *(SORT_BY_ALIGNMENT(.rodata) SORT_BY_ALIGNMENT(.rodata.*) SORT_BY_ALIGNMENT(.constdata) SORT_BY_ALIGNMENT(.constdata.*))
 *fill*         0x0000000000003e9e        0x2 ff
 .rodata.DbgConsole_SendDataReliable.str1.4
                0x0000000000003ea0       0x4d ./utilities/fsl_debug_console.o
 *fill*         0x0000000000003eed        0x3 ff
 .rodata.DbgConsole_Init.str1.4
                0x0000000000003ef0       0xcb ./utilities/fsl_debug_console.o
 *fill*         0x0000000000003fbb        0x1 ff
 .rodata.dummy_task1.str1.4
                0x0000000000003fbc       0x20 ./source/MK66FN2M0xxx18_Project.o
 .rodata.dummy_task2.str1.4
                0x0000000000003fdc       0x20 ./source/MK66FN2M0xxx18_Project.o
 .rodata.dummy_task3.str1.4
                0x0000000000003ffc       0x20 ./source/MK66FN2M0xxx18_Project.o
 .rodata.main.str1.4
                0x000000000000401c        0xd ./source/MK66FN2M0xxx18_Project.o
 *fill*         0x0000000000004029        0x3 ff
 .rodata.PORT_SetPinConfig.str1.4
                0x000000000000402c       0x5c ./source/rtos.o
 .rodata        0x0000000000004088        0x2 ./source/rtos.o
 *fill*         0x000000000000408a        0x2 ff
 .rodata.CLOCK_GetMcgExtClkFreq.str1.4
                0x000000000000408c       0x4e ./drivers/fsl_clock.o
 *fill*         0x00000000000040da        0x2 ff
 .rodata.CLOCK_EnableUsbfs0Clock.str1.4
                0x00000000000040dc       0x2e ./drivers/fsl_clock.o
 *fill*         0x000000000000410a        0x2 ff
 .rodata.CLOCK_GetPll0Freq.str1.4
                0x000000000000410c       0x1e ./drivers/fsl_clock.o
 *fill*         0x000000000000412a        0x2 ff
 .rodata.CLOCK_EnablePll0.str1.4
                0x000000000000412c       0x1b ./drivers/fsl_clock.o
 *fill*         0x0000000000004147        0x1 ff
 .rodata.CLOCK_SetPbeMode.str1.4
                0x0000000000004148       0x1b ./drivers/fsl_clock.o
 *fill*         0x0000000000004163        0x1 ff
 .rodata.CLOCK_BootToPeeMode.str1.4
                0x0000000000004164       0x1b ./drivers/fsl_clock.o
 *fill*         0x000000000000417f        0x1 ff
 .rodata.fllFactorTable.8308
                0x0000000000004180       0x10 ./drivers/fsl_clock.o
 .rodata.GPIO_PinInit.str1.4
                0x0000000000004190       0x21 ./drivers/fsl_gpio.o
 *fill*         0x00000000000041b1        0x3 ff
 .rodata.s_uartBases
                0x00000000000041b4       0x14 ./drivers/fsl_uart.o
 .rodata.s_uartClock
                0x00000000000041c8       0x14 ./drivers/fsl_uart.o
 .rodata.UART_GetInstance.str1.4
                0x00000000000041dc       0x2c ./drivers/fsl_uart.o
 .rodata.UART_Init.str1.4
                0x0000000000004208       0xf4 ./drivers/fsl_uart.o
 .rodata.UART_GetDefaultConfig.str1.4
                0x00000000000042fc       0x19 ./drivers/fsl_uart.o
 *fill*         0x0000000000004315        0x3 ff
 .rodata.s_UartAdapterBase
                0x0000000000004318       0x14 ./component/uart/uart_adapter.o
 .rodata.HAL_UartInit.str1.4
                0x000000000000432c       0xd6 ./component/uart/uart_adapter.o
 *fill*         0x0000000000004402        0x2 ff
 .rodata.HAL_UartSendBlocking.str1.4
                0x0000000000004404       0x59 ./component/uart/uart_adapter.o
 *fill*         0x000000000000445d        0x3 ff
 .rodata.SerialManager_Write.str1.4
                0x0000000000004460       0x83 ./component/serial_manager/serial_manager.o
 *fill*         0x00000000000044e3        0x1 ff
 .rodata.SerialManager_Init.str1.4
                0x00000000000044e4       0x45 ./component/serial_manager/serial_manager.o
 *fill*         0x0000000000004529        0x3 ff
 .rodata.SerialManager_OpenWriteHandle.str1.4
                0x000000000000452c       0x4d ./component/serial_manager/serial_manager.o
 *fill*         0x0000000000004579        0x3 ff
 .rodata.SerialManager_OpenReadHandle.str1.4
                0x000000000000457c       0x4c ./component/serial_manager/serial_manager.o
 .rodata.Serial_UartInit.str1.4
                0x00000000000045c8       0x4f ./component/serial_manager/serial_port_uart.o
 *fill*         0x0000000000004617        0x1 ff
 .rodata.Serial_UartWrite.str1.4
                0x0000000000004618       0x6d ./component/serial_manager/serial_port_uart.o
 *fill*         0x0000000000004685        0x3 ff
 .rodata.mcgConfig_BOARD_BootClockHSRUN
                0x0000000000004688        0xc ./board/clock_config.o
                0x0000000000004688                mcgConfig_BOARD_BootClockHSRUN
 .rodata.simConfig_BOARD_BootClockHSRUN
                0x0000000000004694        0x8 ./board/clock_config.o
                0x0000000000004694                simConfig_BOARD_BootClockHSRUN
 .rodata.oscConfig_BOARD_BootClockHSRUN
                0x000000000000469c        0x8 ./board/clock_config.o
                0x000000000000469c                oscConfig_BOARD_BootClockHSRUN
 .rodata.PORT_SetPinConfig.str1.4
                0x00000000000046a4       0x5c ./board/pin_mux.o
 .rodata.__num_Ciob_streams
                0x00000000000046a4        0x4 /usr/local/mcuxpressoide-11.2.0_4120/ide/plugins/com.nxp.mcuxpresso.tools.linux_11.2.0.202001021529/tools/bin/../lib/gcc/arm-none-eabi/9.2.1/../../../../arm-none-eabi/lib/thumb/v7e-m+fp/hard/libcr_nohost_nf.a(__ciob.o)
                0x00000000000046a4                __num_Ciob_streams
 .rodata.__assertion_failed.str1.1
                0x00000000000046a8       0x15 /usr/local/mcuxpressoide-11.2.0_4120/ide/plugins/com.nxp.mcuxpresso.tools.linux_11.2.0.202001021529/tools/bin/../lib/gcc/arm-none-eabi/9.2.1/../../../../arm-none-eabi/lib/thumb/v7e-m+fp/hard/libcr_nohost_nf.a(_cr_assert.o)
 .rodata._Csys_alloc.str1.1
                0x00000000000046bd       0x18 /usr/local/mcuxpressoide-11.2.0_4120/ide/plugins/com.nxp.mcuxpresso.tools.linux_11.2.0.202001021529/tools/bin/../lib/gcc/arm-none-eabi/9.2.1/../../../../arm-none-eabi/lib/thumb/v7e-m+fp/hard/libcr_c.a(alloc.o)
 .rodata._initio.str1.1
                0x00000000000046d5        0x4 /usr/local/mcuxpressoide-11.2.0_4120/ide/plugins/com.nxp.mcuxpresso.tools.linux_11.2.0.202001021529/tools/bin/../lib/gcc/arm-none-eabi/9.2.1/../../../../arm-none-eabi/lib/thumb/v7e-m+fp/hard/libcr_c.a(initio.o)
                0x0000000000004700                . = ALIGN (0x8)
 *fill*         0x00000000000046d9        0x7 ff

.glue_7         0x00000000000046e0        0x0
 .glue_7        0x00000000000046e0        0x0 linker stubs

.glue_7t        0x00000000000046e0        0x0
 .glue_7t       0x00000000000046e0        0x0 linker stubs

.vfp11_veneer   0x00000000000046e0        0x0
 .vfp11_veneer  0x00000000000046e0        0x0 linker stubs

.v4_bx          0x00000000000046e0        0x0
 .v4_bx         0x00000000000046e0        0x0 linker stubs

.iplt           0x00000000000046e0        0x0
 .iplt          0x00000000000046e0        0x0 ./utilities/fsl_debug_console.o

.rel.dyn        0x00000000000046e0        0x0
 .rel.iplt      0x00000000000046e0        0x0 ./utilities/fsl_debug_console.o

.ARM.extab
 *(SORT_BY_ALIGNMENT(.ARM.extab*) SORT_BY_ALIGNMENT(.gnu.linkonce.armextab.*))

.ARM.exidx      0x00000000000046e0        0x0
                0x00000000000046e0                __exidx_start = .
 *(SORT_BY_ALIGNMENT(.ARM.exidx*) SORT_BY_ALIGNMENT(.gnu.linkonce.armexidx.*))
                0x00000000000046e0                __exidx_end = .
                0x00000000000046e0                _etext = .

.m_usb_data
 *(SORT_BY_ALIGNMENT(m_usb_bdt))

.data_RAM2      0x000000001fff0000        0x0 load address 0x00000000000046e0
 FILL mask 0xff
                [!provide]                        PROVIDE (__start_data_RAM2 = .)
                [!provide]                        PROVIDE (__start_data_SRAM_LOWER = .)
 *(SORT_BY_ALIGNMENT(.ramfunc.$RAM2))
 *(SORT_BY_ALIGNMENT(.ramfunc.$SRAM_LOWER))
 *(SORT_BY_ALIGNMENT(.data.$RAM2))
 *(SORT_BY_ALIGNMENT(.data.$SRAM_LOWER))
 *(SORT_BY_ALIGNMENT(.data.$RAM2.*))
 *(SORT_BY_ALIGNMENT(.data.$SRAM_LOWER.*))
                0x000000001fff0000                . = ALIGN (0x8)
                [!provide]                        PROVIDE (__end_data_RAM2 = .)
                [!provide]                        PROVIDE (__end_data_SRAM_LOWER = .)

.data_RAM3      0x0000000014000000        0x0 load address 0x00000000000046e0
 FILL mask 0xff
                [!provide]                        PROVIDE (__start_data_RAM3 = .)
                [!provide]                        PROVIDE (__start_data_FLEX_RAM = .)
 *(SORT_BY_ALIGNMENT(.ramfunc.$RAM3))
 *(SORT_BY_ALIGNMENT(.ramfunc.$FLEX_RAM))
 *(SORT_BY_ALIGNMENT(.data.$RAM3))
 *(SORT_BY_ALIGNMENT(.data.$FLEX_RAM))
 *(SORT_BY_ALIGNMENT(.data.$RAM3.*))
 *(SORT_BY_ALIGNMENT(.data.$FLEX_RAM.*))
                0x0000000014000000                . = ALIGN (0x8)
                [!provide]                        PROVIDE (__end_data_RAM3 = .)
                [!provide]                        PROVIDE (__end_data_FLEX_RAM = .)

.uninit_RESERVED
                0x0000000020000000        0x0
                0x0000000020000000                _start_uninit_RESERVED = .
 *(SORT_BY_ALIGNMENT(.bss.$RESERVED*))
                0x0000000020000000                . = ALIGN (0x8)
                0x0000000020000000                _end_uninit_RESERVED = .

.data           0x0000000020000000       0x10 load address 0x00000000000046e0
 FILL mask 0xff
                0x0000000020000000                _data = .
                [!provide]                        PROVIDE (__start_data_RAM = .)
                [!provide]                        PROVIDE (__start_data_SRAM_UPPER = .)
 *(SORT_BY_ALIGNMENT(vtable))
 *(SORT_BY_ALIGNMENT(.ramfunc*))
 *(SORT_BY_ALIGNMENT(CodeQuickAccess))
 *(SORT_BY_ALIGNMENT(DataQuickAccess))
 *(SORT_BY_ALIGNMENT(RamFunction))
 *(SORT_BY_ALIGNMENT(.data*))
 .data.s_slowIrcFreq
                0x0000000020000000        0x4 ./drivers/fsl_clock.o
 .data.s_fastIrcFreq
                0x0000000020000004        0x4 ./drivers/fsl_clock.o
 .data.SystemCoreClock
                0x0000000020000008        0x4 ./device/system_MK66F18.o
                0x0000000020000008                SystemCoreClock
 .data.first.8361
                0x000000002000000c        0x1 ./source/rtos.o
                0x0000000020000010                . = ALIGN (0x8)
 *fill*         0x000000002000000d        0x3 ff
                0x0000000020000010                _edata = .
                [!provide]                        PROVIDE (__end_data_RAM = .)
                [!provide]                        PROVIDE (__end_data_SRAM_UPPER = .)

.igot.plt       0x0000000020000010        0x0 load address 0x00000000000046f0
 .igot.plt      0x0000000020000010        0x0 ./utilities/fsl_debug_console.o

.bss_RAM2       0x000000001fff0000        0x0
                [!provide]                        PROVIDE (__start_bss_RAM2 = .)
                [!provide]                        PROVIDE (__start_bss_SRAM_LOWER = .)
 *(SORT_BY_ALIGNMENT(.bss.$RAM2))
 *(SORT_BY_ALIGNMENT(.bss.$SRAM_LOWER))
 *(SORT_BY_ALIGNMENT(.bss.$RAM2.*))
 *(SORT_BY_ALIGNMENT(.bss.$SRAM_LOWER.*))
                0x000000001fff0000                . = ALIGN ((. != 0x0)?0x8:0x1)
                [!provide]                        PROVIDE (__end_bss_RAM2 = .)
                [!provide]                        PROVIDE (__end_bss_SRAM_LOWER = .)

.bss_RAM3       0x0000000014000000        0x0
                [!provide]                        PROVIDE (__start_bss_RAM3 = .)
                [!provide]                        PROVIDE (__start_bss_FLEX_RAM = .)
 *(SORT_BY_ALIGNMENT(.bss.$RAM3))
 *(SORT_BY_ALIGNMENT(.bss.$FLEX_RAM))
 *(SORT_BY_ALIGNMENT(.bss.$RAM3.*))
 *(SORT_BY_ALIGNMENT(.bss.$FLEX_RAM.*))
                0x0000000014000000                . = ALIGN ((. != 0x0)?0x8:0x1)
                [!provide]                        PROVIDE (__end_bss_RAM3 = .)
                [!provide]                        PROVIDE (__end_bss_FLEX_RAM = .)

.bss            0x0000000020000010     0x8d78
                0x0000000020000010                _bss = .
                [!provide]                        PROVIDE (__start_bss_RAM = .)
                [!provide]                        PROVIDE (__start_bss_SRAM_UPPER = .)
 *(SORT_BY_ALIGNMENT(.bss*))
 .bss.task_list
                0x0000000020000010     0x8c50 ./source/rtos.o
                0x0000000020000010                task_list
 .bss.s_debugConsoleState
                0x0000000020008c60       0x1c ./utilities/fsl_debug_console.o
 .bss.g_serialHandle
                0x0000000020008c7c        0x4 ./utilities/fsl_debug_console.o
                0x0000000020008c7c                g_serialHandle
 .bss.count.8388
                0x0000000020008c80        0x4 ./source/rtos.o
 .bss.s_extPllFreq
                0x0000000020008c84        0x4 ./drivers/fsl_clock.o
 .bss.g_xtal0Freq
                0x0000000020008c88        0x4 ./drivers/fsl_clock.o
                0x0000000020008c88                g_xtal0Freq
 .bss.g_xtal32Freq
                0x0000000020008c8c        0x4 ./drivers/fsl_clock.o
                0x0000000020008c8c                g_xtal32Freq
 .bss.s_i2cHandle
                0x0000000020008c90       0x10 ./drivers/fsl_i2c.o
 .bss.s_i2cMasterIsr
                0x0000000020008ca0        0x4 ./drivers/fsl_i2c.o
 .bss.s_i2cSlaveIsr
                0x0000000020008ca4        0x4 ./drivers/fsl_i2c.o
 .bss.s_uartHandle
                0x0000000020008ca8       0x14 ./drivers/fsl_uart.o
 .bss.s_uartIsr
                0x0000000020008cbc        0x4 ./drivers/fsl_uart.o
 .bss.__Ciob    0x0000000020008cc0       0xb4 /usr/local/mcuxpressoide-11.2.0_4120/ide/plugins/com.nxp.mcuxpresso.tools.linux_11.2.0.202001021529/tools/bin/../lib/gcc/arm-none-eabi/9.2.1/../../../../arm-none-eabi/lib/thumb/v7e-m+fp/hard/libcr_nohost_nf.a(__ciob.o)
                0x0000000020008cc0                __Ciob
 .bss.__end_of_heap
                0x0000000020008d74        0x4 /usr/local/mcuxpressoide-11.2.0_4120/ide/plugins/com.nxp.mcuxpresso.tools.linux_11.2.0.202001021529/tools/bin/../lib/gcc/arm-none-eabi/9.2.1/../../../../arm-none-eabi/lib/thumb/v7e-m+fp/hard/libcr_c.a(__init_alloc.o)
                0x0000000020008d74                __end_of_heap
 .bss.__heaps   0x0000000020008d78        0x4 /usr/local/mcuxpressoide-11.2.0_4120/ide/plugins/com.nxp.mcuxpresso.tools.linux_11.2.0.202001021529/tools/bin/../lib/gcc/arm-none-eabi/9.2.1/../../../../arm-none-eabi/lib/thumb/v7e-m+fp/hard/libcr_c.a(__init_alloc.o)
                0x0000000020008d78                __heaps
 .bss.errno     0x0000000020008d7c        0x4 /usr/local/mcuxpressoide-11.2.0_4120/ide/plugins/com.nxp.mcuxpresso.tools.linux_11.2.0.202001021529/tools/bin/../lib/gcc/arm-none-eabi/9.2.1/../../../../arm-none-eabi/lib/thumb/v7e-m+fp/hard/libcr_c.a(errno.o)
                0x0000000020008d7c                errno
 .bss.state.8387
                0x0000000020008d80        0x1 ./source/rtos.o
 *(SORT_BY_ALIGNMENT(COMMON))
                0x0000000020008d88                . = ALIGN (0x8)
 *fill*         0x0000000020008d81        0x7 
                0x0000000020008d88                _ebss = .
                [!provide]                        PROVIDE (__end_bss_RAM = .)
                [!provide]                        PROVIDE (__end_bss_SRAM_UPPER = .)
                [!provide]                        PROVIDE (end = .)

.noinit_RAM2    0x000000001fff0000        0x0
                [!provide]                        PROVIDE (__start_noinit_RAM2 = .)
                [!provide]                        PROVIDE (__start_noinit_SRAM_LOWER = .)
 *(SORT_BY_ALIGNMENT(.noinit.$RAM2))
 *(SORT_BY_ALIGNMENT(.noinit.$SRAM_LOWER))
 *(SORT_BY_ALIGNMENT(.noinit.$RAM2.*))
 *(SORT_BY_ALIGNMENT(.noinit.$SRAM_LOWER.*))
                0x000000001fff0000                . = ALIGN (0x8)
                [!provide]                        PROVIDE (__end_noinit_RAM2 = .)
                [!provide]                        PROVIDE (__end_noinit_SRAM_LOWER = .)

.noinit_RAM3    0x0000000014000000        0x0
                [!provide]                        PROVIDE (__start_noinit_RAM3 = .)
                [!provide]                        PROVIDE (__start_noinit_FLEX_RAM = .)
 *(SORT_BY_ALIGNMENT(.noinit.$RAM3))
 *(SORT_BY_ALIGNMENT(.noinit.$FLEX_RAM))
 *(SORT_BY_ALIGNMENT(.noinit.$RAM3.*))
 *(SORT_BY_ALIGNMENT(.noinit.$FLEX_RAM.*))
                0x0000000014000000                . = ALIGN (0x8)
                [!provide]                        PROVIDE (__end_noinit_RAM3 = .)
                [!provide]                        PROVIDE (__end_noinit_FLEX_RAM = .)

.noinit         0x0000000020008d88        0x0
                0x0000000020008d88                _noinit = .
                [!provide]                        PROVIDE (__start_noinit_RAM = .)
                [!provide]                        PROVIDE (__start_noinit_SRAM_UPPER = .)
 *(SORT_BY_ALIGNMENT(.noinit*))
                0x0000000020008d88                . = ALIGN (0x8)
                0x0000000020008d88                _end_noinit = .
                [!provide]                        PROVIDE (__end_noinit_RAM = .)
                [!provide]                        PROVIDE (__end_noinit_SRAM_UPPER = .)
                0x0000000000001000                _HeapSize = 0x1000

.heap           0x0000000020008d88     0x1000
                0x0000000020008d88                _pvHeapStart = .
                0x0000000020009d88                . = (. + _HeapSize)
 *fill*         0x0000000020008d88     0x1000 
                0x0000000020009d88                . = ALIGN (0x8)
                0x0000000020009d88                _pvHeapLimit = .
                0x0000000000001000                _StackSize = 0x1000

.heap2stackfill
                0x0000000020009d88     0x1000
                0x000000002000ad88                . = (. + _StackSize)
 *fill*         0x0000000020009d88     0x1000 

.stack          0x000000002002f000        0x0
                0x000000002002f000                _vStackBase = .
                0x000000002002f000                . = ALIGN (0x8)
                0x0000000020030000                _vStackTop = (. + _StackSize)
                0x0000000000000000                _image_start = LOADADDR (.text)
                0x00000000000046f0                _image_end = (LOADADDR (.data) + SIZEOF (.data))
                0x00000000000046f0                _image_size = (_image_end - _image_start)
OUTPUT(MK66FN2M0xxx18_Project.axf elf32-littlearm)

.debug_info     0x0000000000000000    0x1002a
 .debug_info    0x0000000000000000      0xa96 ./utilities/fsl_debug_console.o
 .debug_info    0x0000000000000a96      0x55e ./utilities/fsl_str.o
 .debug_info    0x0000000000000ff4      0xa38 ./startup/startup_mk66f18.o
 .debug_info    0x0000000000001a2c      0x681 ./source/MK66FN2M0xxx18_Project.o
 .debug_info    0x00000000000020ad     0x1803 ./source/rtos.o
 .debug_info    0x00000000000038b0       0x3c ./source/semihost_hardfault.o
 .debug_info    0x00000000000038ec     0x293f ./drivers/fsl_clock.o
 .debug_info    0x000000000000622b      0x6e0 ./drivers/fsl_gpio.o
 .debug_info    0x000000000000690b     0x1fb5 ./drivers/fsl_i2c.o
 .debug_info    0x00000000000088c0      0xb84 ./drivers/fsl_smc.o
 .debug_info    0x0000000000009444     0x1da6 ./drivers/fsl_uart.o
 .debug_info    0x000000000000b1ea      0xaa4 ./device/system_MK66F18.o
 .debug_info    0x000000000000bc8e      0xb24 ./component/uart/uart_adapter.o
 .debug_info    0x000000000000c7b2      0x8e0 ./component/serial_manager/serial_manager.o
 .debug_info    0x000000000000d092      0x574 ./component/serial_manager/serial_port_uart.o
 .debug_info    0x000000000000d606      0x51e ./board/board.o
 .debug_info    0x000000000000db24     0x16c7 ./board/clock_config.o
 .debug_info    0x000000000000f1eb       0x4e ./board/peripherals.o
 .debug_info    0x000000000000f239      0xdf1 ./board/pin_mux.o

.debug_abbrev   0x0000000000000000     0x28c4
 .debug_abbrev  0x0000000000000000      0x20b ./utilities/fsl_debug_console.o
 .debug_abbrev  0x000000000000020b      0x1b3 ./utilities/fsl_str.o
 .debug_abbrev  0x00000000000003be      0x17a ./startup/startup_mk66f18.o
 .debug_abbrev  0x0000000000000538      0x196 ./source/MK66FN2M0xxx18_Project.o
 .debug_abbrev  0x00000000000006ce      0x44d ./source/rtos.o
 .debug_abbrev  0x0000000000000b1b       0x31 ./source/semihost_hardfault.o
 .debug_abbrev  0x0000000000000b4c      0x37a ./drivers/fsl_clock.o
 .debug_abbrev  0x0000000000000ec6      0x1b8 ./drivers/fsl_gpio.o
 .debug_abbrev  0x000000000000107e      0x3a6 ./drivers/fsl_i2c.o
 .debug_abbrev  0x0000000000001424      0x33d ./drivers/fsl_smc.o
 .debug_abbrev  0x0000000000001761      0x358 ./drivers/fsl_uart.o
 .debug_abbrev  0x0000000000001ab9      0x170 ./device/system_MK66F18.o
 .debug_abbrev  0x0000000000001c29      0x1fb ./component/uart/uart_adapter.o
 .debug_abbrev  0x0000000000001e24      0x237 ./component/serial_manager/serial_manager.o
 .debug_abbrev  0x000000000000205b      0x160 ./component/serial_manager/serial_port_uart.o
 .debug_abbrev  0x00000000000021bb      0x135 ./board/board.o
 .debug_abbrev  0x00000000000022f0      0x2df ./board/clock_config.o
 .debug_abbrev  0x00000000000025cf       0x4b ./board/peripherals.o
 .debug_abbrev  0x000000000000261a      0x2aa ./board/pin_mux.o

.debug_aranges  0x0000000000000000      0xea0
 .debug_aranges
                0x0000000000000000       0x88 ./utilities/fsl_debug_console.o
 .debug_aranges
                0x0000000000000088       0x38 ./utilities/fsl_str.o
 .debug_aranges
                0x00000000000000c0      0x3a0 ./startup/startup_mk66f18.o
 .debug_aranges
                0x0000000000000460       0x38 ./source/MK66FN2M0xxx18_Project.o
 .debug_aranges
                0x0000000000000498       0xa8 ./source/rtos.o
 .debug_aranges
                0x0000000000000540       0x20 ./source/semihost_hardfault.o
 .debug_aranges
                0x0000000000000560      0x258 ./drivers/fsl_clock.o
 .debug_aranges
                0x00000000000007b8       0x40 ./drivers/fsl_gpio.o
 .debug_aranges
                0x00000000000007f8      0x188 ./drivers/fsl_i2c.o
 .debug_aranges
                0x0000000000000980       0x98 ./drivers/fsl_smc.o
 .debug_aranges
                0x0000000000000a18      0x170 ./drivers/fsl_uart.o
 .debug_aranges
                0x0000000000000b88       0x30 ./device/system_MK66F18.o
 .debug_aranges
                0x0000000000000bb8       0x50 ./component/uart/uart_adapter.o
 .debug_aranges
                0x0000000000000c08       0x98 ./component/serial_manager/serial_manager.o
 .debug_aranges
                0x0000000000000ca0       0x48 ./component/serial_manager/serial_port_uart.o
 .debug_aranges
                0x0000000000000ce8       0x20 ./board/board.o
 .debug_aranges
                0x0000000000000d08       0xd8 ./board/clock_config.o
 .debug_aranges
                0x0000000000000de0       0x28 ./board/peripherals.o
 .debug_aranges
                0x0000000000000e08       0x98 ./board/pin_mux.o

.debug_ranges   0x0000000000000000      0xd70
 .debug_ranges  0x0000000000000000       0x78 ./utilities/fsl_debug_console.o
 .debug_ranges  0x0000000000000078       0x28 ./utilities/fsl_str.o
 .debug_ranges  0x00000000000000a0      0x390 ./startup/startup_mk66f18.o
 .debug_ranges  0x0000000000000430       0x28 ./source/MK66FN2M0xxx18_Project.o
 .debug_ranges  0x0000000000000458       0x98 ./source/rtos.o
 .debug_ranges  0x00000000000004f0       0x10 ./source/semihost_hardfault.o
 .debug_ranges  0x0000000000000500      0x248 ./drivers/fsl_clock.o
 .debug_ranges  0x0000000000000748       0x30 ./drivers/fsl_gpio.o
 .debug_ranges  0x0000000000000778      0x178 ./drivers/fsl_i2c.o
 .debug_ranges  0x00000000000008f0       0x88 ./drivers/fsl_smc.o
 .debug_ranges  0x0000000000000978      0x160 ./drivers/fsl_uart.o
 .debug_ranges  0x0000000000000ad8       0x20 ./device/system_MK66F18.o
 .debug_ranges  0x0000000000000af8       0x40 ./component/uart/uart_adapter.o
 .debug_ranges  0x0000000000000b38       0x88 ./component/serial_manager/serial_manager.o
 .debug_ranges  0x0000000000000bc0       0x38 ./component/serial_manager/serial_port_uart.o
 .debug_ranges  0x0000000000000bf8       0x10 ./board/board.o
 .debug_ranges  0x0000000000000c08       0xc8 ./board/clock_config.o
 .debug_ranges  0x0000000000000cd0       0x18 ./board/peripherals.o
 .debug_ranges  0x0000000000000ce8       0x88 ./board/pin_mux.o

.debug_macro    0x0000000000000000    0x1b52a
 .debug_macro   0x0000000000000000      0x18a ./utilities/fsl_debug_console.o
 .debug_macro   0x000000000000018a      0xae4 ./utilities/fsl_debug_console.o
 .debug_macro   0x0000000000000c6e       0x10 ./utilities/fsl_debug_console.o
 .debug_macro   0x0000000000000c7e       0x16 ./utilities/fsl_debug_console.o
 .debug_macro   0x0000000000000c94       0x10 ./utilities/fsl_debug_console.o
 .debug_macro   0x0000000000000ca4      0x12e ./utilities/fsl_debug_console.o
 .debug_macro   0x0000000000000dd2       0x28 ./utilities/fsl_debug_console.o
 .debug_macro   0x0000000000000dfa       0x56 ./utilities/fsl_debug_console.o
 .debug_macro   0x0000000000000e50       0x16 ./utilities/fsl_debug_console.o
 .debug_macro   0x0000000000000e66       0x22 ./utilities/fsl_debug_console.o
 .debug_macro   0x0000000000000e88      0x5b3 ./utilities/fsl_debug_console.o
 .debug_macro   0x000000000000143b       0x10 ./utilities/fsl_debug_console.o
 .debug_macro   0x000000000000144b       0x56 ./utilities/fsl_debug_console.o
 .debug_macro   0x00000000000014a1       0x1c ./utilities/fsl_debug_console.o
 .debug_macro   0x00000000000014bd       0x22 ./utilities/fsl_debug_console.o
 .debug_macro   0x00000000000014df       0xd8 ./utilities/fsl_debug_console.o
 .debug_macro   0x00000000000015b7      0xeeb ./utilities/fsl_debug_console.o
 .debug_macro   0x00000000000024a2       0x40 ./utilities/fsl_debug_console.o
 .debug_macro   0x00000000000024e2    0x15ebc ./utilities/fsl_debug_console.o
 .debug_macro   0x000000000001839e     0x1440 ./utilities/fsl_debug_console.o
 .debug_macro   0x00000000000197de       0xd7 ./utilities/fsl_debug_console.o
 .debug_macro   0x00000000000198b5      0x190 ./utilities/fsl_debug_console.o
 .debug_macro   0x0000000000019a45       0x2e ./utilities/fsl_debug_console.o
 .debug_macro   0x0000000000019a73       0x28 ./utilities/fsl_debug_console.o
 .debug_macro   0x0000000000019a9b       0x32 ./utilities/fsl_debug_console.o
 .debug_macro   0x0000000000019acd       0x34 ./utilities/fsl_debug_console.o
 .debug_macro   0x0000000000019b01      0x113 ./utilities/fsl_str.o
 .debug_macro   0x0000000000019c14       0xc4 ./utilities/fsl_str.o
 .debug_macro   0x0000000000019cd8       0x1c ./utilities/fsl_str.o
 .debug_macro   0x0000000000019cf4       0x29 ./startup/startup_mk66f18.o
 .debug_macro   0x0000000000019d1d      0x195 ./source/MK66FN2M0xxx18_Project.o
 .debug_macro   0x0000000000019eb2       0xd8 ./source/MK66FN2M0xxx18_Project.o
 .debug_macro   0x0000000000019f8a       0x22 ./source/MK66FN2M0xxx18_Project.o
 .debug_macro   0x0000000000019fac       0x1c ./source/MK66FN2M0xxx18_Project.o
 .debug_macro   0x0000000000019fc8       0x10 ./source/MK66FN2M0xxx18_Project.o
 .debug_macro   0x0000000000019fd8       0x16 ./source/MK66FN2M0xxx18_Project.o
 .debug_macro   0x0000000000019fee      0x28e ./source/MK66FN2M0xxx18_Project.o
 .debug_macro   0x000000000001a27c      0x268 ./source/MK66FN2M0xxx18_Project.o
 .debug_macro   0x000000000001a4e4       0x2e ./source/MK66FN2M0xxx18_Project.o
 .debug_macro   0x000000000001a512       0x34 ./source/MK66FN2M0xxx18_Project.o
 .debug_macro   0x000000000001a546      0x15e ./source/rtos.o
 .debug_macro   0x000000000001a6a4       0x11 ./source/semihost_hardfault.o
 .debug_macro   0x000000000001a6b5      0x1c6 ./drivers/fsl_clock.o
 .debug_macro   0x000000000001a87b       0x1c ./drivers/fsl_clock.o
 .debug_macro   0x000000000001a897      0x104 ./drivers/fsl_gpio.o
 .debug_macro   0x000000000001a99b      0x103 ./drivers/fsl_i2c.o
 .debug_macro   0x000000000001aa9e       0x1c ./drivers/fsl_i2c.o
 .debug_macro   0x000000000001aaba      0x104 ./drivers/fsl_smc.o
 .debug_macro   0x000000000001abbe      0x10a ./drivers/fsl_uart.o
 .debug_macro   0x000000000001acc8       0x98 ./device/system_MK66F18.o
 .debug_macro   0x000000000001ad60      0x100 ./component/uart/uart_adapter.o
 .debug_macro   0x000000000001ae60       0x10 ./component/uart/uart_adapter.o
 .debug_macro   0x000000000001ae70       0x28 ./component/uart/uart_adapter.o
 .debug_macro   0x000000000001ae98      0x137 ./component/serial_manager/serial_manager.o
 .debug_macro   0x000000000001afcf      0x11f ./component/serial_manager/serial_port_uart.o
 .debug_macro   0x000000000001b0ee      0x15a ./board/board.o
 .debug_macro   0x000000000001b248      0x1aa ./board/clock_config.o
 .debug_macro   0x000000000001b3f2       0x10 ./board/clock_config.o
 .debug_macro   0x000000000001b402       0x1b ./board/peripherals.o
 .debug_macro   0x000000000001b41d      0x10d ./board/pin_mux.o

.debug_line     0x0000000000000000     0x9bc5
 .debug_line    0x0000000000000000      0x7df ./utilities/fsl_debug_console.o
 .debug_line    0x00000000000007df      0x9f1 ./utilities/fsl_str.o
 .debug_line    0x00000000000011d0      0xa5e ./startup/startup_mk66f18.o
 .debug_line    0x0000000000001c2e      0x5ca ./source/MK66FN2M0xxx18_Project.o
 .debug_line    0x00000000000021f8      0x771 ./source/rtos.o
 .debug_line    0x0000000000002969       0x59 ./source/semihost_hardfault.o
 .debug_line    0x00000000000029c2     0x180b ./drivers/fsl_clock.o
 .debug_line    0x00000000000041cd      0x3df ./drivers/fsl_gpio.o
 .debug_line    0x00000000000045ac     0x13f7 ./drivers/fsl_i2c.o
 .debug_line    0x00000000000059a3      0x620 ./drivers/fsl_smc.o
 .debug_line    0x0000000000005fc3     0x12d8 ./drivers/fsl_uart.o
 .debug_line    0x000000000000729b      0x429 ./device/system_MK66F18.o
 .debug_line    0x00000000000076c4      0x4cd ./component/uart/uart_adapter.o
 .debug_line    0x0000000000007b91      0x791 ./component/serial_manager/serial_manager.o
 .debug_line    0x0000000000008322      0x539 ./component/serial_manager/serial_port_uart.o
 .debug_line    0x000000000000885b      0x49b ./board/board.o
 .debug_line    0x0000000000008cf6      0x78f ./board/clock_config.o
 .debug_line    0x0000000000009485       0x71 ./board/peripherals.o
 .debug_line    0x00000000000094f6      0x6cf ./board/pin_mux.o

.debug_str      0x0000000000000000    0xbeba6
 .debug_str     0x0000000000000000    0xb5739 ./utilities/fsl_debug_console.o
                                      0xb5850 (size before relaxing)
 .debug_str     0x00000000000b5739      0x6c9 ./utilities/fsl_str.o
                                      0xb4a5e (size before relaxing)
 .debug_str     0x00000000000b5e02      0x977 ./startup/startup_mk66f18.o
                                       0x38f5 (size before relaxing)
 .debug_str     0x00000000000b6779     0x21e4 ./source/MK66FN2M0xxx18_Project.o
                                      0xb6777 (size before relaxing)
 .debug_str     0x00000000000b895d     0x10ea ./source/rtos.o
                                      0xb6131 (size before relaxing)
 .debug_str     0x00000000000b9a47       0x1f ./source/semihost_hardfault.o
                                       0x2efd (size before relaxing)
 .debug_str     0x00000000000b9a66     0x1e16 ./drivers/fsl_clock.o
                                      0xb6ee4 (size before relaxing)
 .debug_str     0x00000000000bb87c       0xb6 ./drivers/fsl_gpio.o
                                      0xb4b04 (size before relaxing)
 .debug_str     0x00000000000bb932      0xcfb ./drivers/fsl_i2c.o
                                      0xb60f0 (size before relaxing)
 .debug_str     0x00000000000bc62d      0x48e ./drivers/fsl_smc.o
                                      0xb4e88 (size before relaxing)
 .debug_str     0x00000000000bcabb      0xd55 ./drivers/fsl_uart.o
                                      0xb6247 (size before relaxing)
 .debug_str     0x00000000000bd810       0xc3 ./device/system_MK66F18.o
                                      0xb33ba (size before relaxing)
 .debug_str     0x00000000000bd8d3      0x2e8 ./component/uart/uart_adapter.o
                                      0xb502e (size before relaxing)
 .debug_str     0x00000000000bdbbb      0x388 ./component/serial_manager/serial_manager.o
                                      0xb4a81 (size before relaxing)
 .debug_str     0x00000000000bdf43       0xed ./component/serial_manager/serial_port_uart.o
                                      0xb4a4a (size before relaxing)
 .debug_str     0x00000000000be030       0x37 ./board/board.o
                                      0xb5ab4 (size before relaxing)
 .debug_str     0x00000000000be067      0x6be ./board/clock_config.o
                                      0xb5cc5 (size before relaxing)
 .debug_str     0x00000000000be725       0x47 ./board/peripherals.o
                                       0x2f24 (size before relaxing)
 .debug_str     0x00000000000be76c      0x43a ./board/pin_mux.o
                                      0xb5740 (size before relaxing)

.comment        0x0000000000000000       0x79
 .comment       0x0000000000000000       0x79 ./utilities/fsl_debug_console.o
                                         0x7a (size before relaxing)
 .comment       0x0000000000000079       0x7a ./utilities/fsl_str.o
 .comment       0x0000000000000079       0x7a ./startup/startup_mk66f18.o
 .comment       0x0000000000000079       0x7a ./source/MK66FN2M0xxx18_Project.o
 .comment       0x0000000000000079       0x7a ./source/rtos.o
 .comment       0x0000000000000079       0x7a ./source/semihost_hardfault.o
 .comment       0x0000000000000079       0x7a ./drivers/fsl_clock.o
 .comment       0x0000000000000079       0x7a ./drivers/fsl_gpio.o
 .comment       0x0000000000000079       0x7a ./drivers/fsl_i2c.o
 .comment       0x0000000000000079       0x7a ./drivers/fsl_smc.o
 .comment       0x0000000000000079       0x7a ./drivers/fsl_uart.o
 .comment       0x0000000000000079       0x7a ./device/system_MK66F18.o
 .comment       0x0000000000000079       0x7a ./component/uart/uart_adapter.o
 .comment       0x0000000000000079       0x7a ./component/serial_manager/serial_manager.o
 .comment       0x0000000000000079       0x7a ./component/serial_manager/serial_port_uart.o
 .comment       0x0000000000000079       0x7a ./board/board.o
 .comment       0x0000000000000079       0x7a ./board/clock_config.o
 .comment       0x0000000000000079       0x7a ./board/peripherals.o
 .comment       0x0000000000000079       0x7a ./board/pin_mux.o
 .comment       0x0000000000000079       0x7a /usr/local/mcuxpressoide-11.2.0_4120/ide/plugins/com.nxp.mcuxpresso.tools.linux_11.2.0.202001021529/tools/bin/../lib/gcc/arm-none-eabi/9.2.1/../../../../arm-none-eabi/lib/thumb/v7e-m+fp/hard/libcr_nohost_nf.a(_cr__main.o)
 .comment       0x0000000000000079       0x7a /usr/local/mcuxpressoide-11.2.0_4120/ide/plugins/com.nxp.mcuxpresso.tools.linux_11.2.0.202001021529/tools/bin/../lib/gcc/arm-none-eabi/9.2.1/../../../../arm-none-eabi/lib/thumb/v7e-m+fp/hard/libcr_nohost_nf.a(_cr_assert.o)
 .comment       0x0000000000000079       0x7a /usr/local/mcuxpressoide-11.2.0_4120/ide/plugins/com.nxp.mcuxpresso.tools.linux_11.2.0.202001021529/tools/bin/../lib/gcc/arm-none-eabi/9.2.1/../../../../arm-none-eabi/lib/thumb/v7e-m+fp/hard/libcr_nohost_nf.a(__ciob.o)
 .comment       0x0000000000000079       0x7a /usr/local/mcuxpressoide-11.2.0_4120/ide/plugins/com.nxp.mcuxpresso.tools.linux_11.2.0.202001021529/tools/bin/../lib/gcc/arm-none-eabi/9.2.1/../../../../arm-none-eabi/lib/thumb/v7e-m+fp/hard/libcr_nohost_nf.a(__sys_appexit.o)
 .comment       0x0000000000000079       0x7a /usr/local/mcuxpressoide-11.2.0_4120/ide/plugins/com.nxp.mcuxpresso.tools.linux_11.2.0.202001021529/tools/bin/../lib/gcc/arm-none-eabi/9.2.1/../../../../arm-none-eabi/lib/thumb/v7e-m+fp/hard/libcr_c.a(memset.o)
 .comment       0x0000000000000079       0x7a /usr/local/mcuxpressoide-11.2.0_4120/ide/plugins/com.nxp.mcuxpresso.tools.linux_11.2.0.202001021529/tools/bin/../lib/gcc/arm-none-eabi/9.2.1/../../../../arm-none-eabi/lib/thumb/v7e-m+fp/hard/libcr_c.a(_deferredlazyseek.o)
 .comment       0x0000000000000079       0x7a /usr/local/mcuxpressoide-11.2.0_4120/ide/plugins/com.nxp.mcuxpresso.tools.linux_11.2.0.202001021529/tools/bin/../lib/gcc/arm-none-eabi/9.2.1/../../../../arm-none-eabi/lib/thumb/v7e-m+fp/hard/libcr_c.a(_fflush.o)
 .comment       0x0000000000000079       0x7a /usr/local/mcuxpressoide-11.2.0_4120/ide/plugins/com.nxp.mcuxpresso.tools.linux_11.2.0.202001021529/tools/bin/../lib/gcc/arm-none-eabi/9.2.1/../../../../arm-none-eabi/lib/thumb/v7e-m+fp/hard/libcr_c.a(_writebuf.o)