12:49:02 **** Incremental Build of configuration Debug for project MK66FN2M0xxx18_Project ****
make -r -j2 all 
make: Nothing to be done for 'all'.
12:49:10 **** Incremental Build of configuration Debug for project MK66FN2M0xxx18_Project ****
make -r -j2 all 
make: Nothing to be done for 'all'.
12:51:24 **** Incremental Build of configuration Debug for project MK66FN2M0xxx18_Project ****
make -r -j2 all 
Building file: ../source/rtos.c
Invoking: MCU C Compiler
arm-none-eabi-gcc -D__REDLIB__ -DCPU_MK66FN2M0VMD18 -DCPU_MK66FN2M0VMD18_cm4 -DFSL_RTOS_BM -DSDK_OS_BAREMETAL -DSERIAL_PORT_TYPE_UART=1 -DSDK_DEBUGCONSOLE=1 -DCR_INTEGER_PRINTF -DPRINTF_FLOAT_ENABLE=0 -D__MCUXPRESSO -D__USE_CMSIS -DDEBUG -I"/home/ethan/Documents/SEI2/Practica1/MK66FN2M0xxx18_Project/board" -I"/home/ethan/Documents/SEI2/Practica1/MK66FN2M0xxx18_Project/source" -I"/home/ethan/Documents/SEI2/Practica1/MK66FN2M0xxx18_Project" -I"/home/ethan/Documents/SEI2/Practica1/MK66FN2M0xxx18_Project/drivers" -I"/home/ethan/Documents/SEI2/Practica1/MK66FN2M0xxx18_Project/device" -I"/home/ethan/Documents/SEI2/Practica1/MK66FN2M0xxx18_Project/CMSIS" -I"/home/ethan/Documents/SEI2/Practica1/MK66FN2M0xxx18_Project/component/uart" -I"/home/ethan/Documents/SEI2/Practica1/MK66FN2M0xxx18_Project/utilities" -I"/home/ethan/Documents/SEI2/Practica1/MK66FN2M0xxx18_Project/component/serial_manager" -I"/home/ethan/Documents/SEI2/Practica1/MK66FN2M0xxx18_Project/component/lists" -O0 -fno-common -g3 -Wall -c -ffunction-sections -fdata-sections -ffreestanding -fno-builtin -fmerge-constants -fmacro-prefix-map="../source/"=. -mcpu=cortex-m4 -mfpu=fpv4-sp-d16 -mfloat-abi=hard -mthumb -D__REDLIB__ -fstack-usage -specs=redlib.specs -MMD -MP -MF"source/rtos.d" -MT"source/rtos.o" -MT"source/rtos.d" -o "source/rtos.o" "../source/rtos.c"
../source/rtos.c: In function 'dispatcher':
../source/rtos.c:177:10: warning: variable 'nextTask' set but not used [-Wunused-but-set-variable]
  177 |  uint8_t nextTask = task_list.nTasks;
      |          ^~~~~~~~
Finished building: ../source/rtos.c
 
Building target: MK66FN2M0xxx18_Project.axf
Invoking: MCU Linker
arm-none-eabi-gcc -nostdlib -Xlinker -Map="MK66FN2M0xxx18_Project.map" -Xlinker --gc-sections -Xlinker -print-memory-usage -Xlinker --sort-section=alignment -Xlinker --cref -mcpu=cortex-m4 -mfpu=fpv4-sp-d16 -mfloat-abi=hard -mthumb -T MK66FN2M0xxx18_Project_Debug.ld -o "MK66FN2M0xxx18_Project.axf"  ./utilities/fsl_debug_console.o ./utilities/fsl_str.o  ./startup/startup_mk66f18.o  ./source/MK66FN2M0xxx18_Project.o ./source/rtos.o ./source/semihost_hardfault.o  ./drivers/fsl_clock.o ./drivers/fsl_common.o ./drivers/fsl_gpio.o ./drivers/fsl_i2c.o ./drivers/fsl_rtc.o ./drivers/fsl_smc.o ./drivers/fsl_uart.o  ./device/system_MK66F18.o  ./component/uart/uart_adapter.o  ./component/serial_manager/serial_manager.o ./component/serial_manager/serial_port_uart.o  ./component/lists/generic_list.o  ./board/board.o ./board/clock_config.o ./board/peripherals.o ./board/pin_mux.o   
Memory region         Used Size  Region Size  %age Used
   PROGRAM_FLASH:       18168 B         2 MB      0.87%
      SRAM_UPPER:       13624 B       192 KB      6.93%
      SRAM_LOWER:          0 GB        64 KB      0.00%
        FLEX_RAM:          0 GB         4 KB      0.00%
Finished building target: MK66FN2M0xxx18_Project.axf
 
make --no-print-directory post-build
Performing post-build steps
arm-none-eabi-size "MK66FN2M0xxx18_Project.axf"; # arm-none-eabi-objcopy -v -O binary "MK66FN2M0xxx18_Project.axf" "MK66FN2M0xxx18_Project.bin" ; # checksum -p MK66FN2M0xxx18 -d "MK66FN2M0xxx18_Project.bin";
   text	   data	    bss	    dec	    hex	filename
  18152	     16	  13608	  31776	   7c20	MK66FN2M0xxx18_Project.axf
 
12:54:25 **** Incremental Build of configuration Debug for project MK66FN2M0xxx18_Project ****
make -r -j2 all 
Building file: ../source/MK66FN2M0xxx18_Project.c
Building file: ../source/rtos.c
Invoking: MCU C Compiler
arm-none-eabi-gcc -D__REDLIB__ -DCPU_MK66FN2M0VMD18 -DCPU_MK66FN2M0VMD18_cm4 -DFSL_RTOS_BM -DSDK_OS_BAREMETAL -DSERIAL_PORT_TYPE_UART=1 -DSDK_DEBUGCONSOLE=1 -DCR_INTEGER_PRINTF -DPRINTF_FLOAT_ENABLE=0 -D__MCUXPRESSO -D__USE_CMSIS -DDEBUG -I"/home/ethan/Documents/SEI2/Practica1/MK66FN2M0xxx18_Project/board" -I"/home/ethan/Documents/SEI2/Practica1/MK66FN2M0xxx18_Project/source" -I"/home/ethan/Documents/SEI2/Practica1/MK66FN2M0xxx18_Project" -I"/home/ethan/Documents/SEI2/Practica1/MK66FN2M0xxx18_Project/drivers" -I"/home/ethan/Documents/SEI2/Practica1/MK66FN2M0xxx18_Project/device" -I"/home/ethan/Documents/SEI2/Practica1/MK66FN2M0xxx18_Project/CMSIS" -I"/home/ethan/Documents/SEI2/Practica1/MK66FN2M0xxx18_Project/component/uart" -I"/home/ethan/Documents/SEI2/Practica1/MK66FN2M0xxx18_Project/utilities" -I"/home/ethan/Documents/SEI2/Practica1/MK66FN2M0xxx18_Project/component/serial_manager" -I"/home/ethan/Documents/SEI2/Practica1/MK66FN2M0xxx18_Project/component/lists" -O0 -fno-common -g3 -Wall -c -ffunction-sections -fdata-sections -ffreestanding -fno-builtin -fmerge-constants -fmacro-prefix-map="../source/"=. -mcpu=cortex-m4 -mfpu=fpv4-sp-d16 -mfloat-abi=hard -mthumb -D__REDLIB__ -fstack-usage -specs=redlib.specs -MMD -MP -MF"source/MK66FN2M0xxx18_Project.d" -MT"source/MK66FN2M0xxx18_Project.o" -MT"source/MK66FN2M0xxx18_Project.d" -o "source/MK66FN2M0xxx18_Project.o" "../source/MK66FN2M0xxx18_Project.c"
Invoking: MCU C Compiler
arm-none-eabi-gcc -D__REDLIB__ -DCPU_MK66FN2M0VMD18 -DCPU_MK66FN2M0VMD18_cm4 -DFSL_RTOS_BM -DSDK_OS_BAREMETAL -DSERIAL_PORT_TYPE_UART=1 -DSDK_DEBUGCONSOLE=1 -DCR_INTEGER_PRINTF -DPRINTF_FLOAT_ENABLE=0 -D__MCUXPRESSO -D__USE_CMSIS -DDEBUG -I"/home/ethan/Documents/SEI2/Practica1/MK66FN2M0xxx18_Project/board" -I"/home/ethan/Documents/SEI2/Practica1/MK66FN2M0xxx18_Project/source" -I"/home/ethan/Documents/SEI2/Practica1/MK66FN2M0xxx18_Project" -I"/home/ethan/Documents/SEI2/Practica1/MK66FN2M0xxx18_Project/drivers" -I"/home/ethan/Documents/SEI2/Practica1/MK66FN2M0xxx18_Project/device" -I"/home/ethan/Documents/SEI2/Practica1/MK66FN2M0xxx18_Project/CMSIS" -I"/home/ethan/Documents/SEI2/Practica1/MK66FN2M0xxx18_Project/component/uart" -I"/home/ethan/Documents/SEI2/Practica1/MK66FN2M0xxx18_Project/utilities" -I"/home/ethan/Documents/SEI2/Practica1/MK66FN2M0xxx18_Project/component/serial_manager" -I"/home/ethan/Documents/SEI2/Practica1/MK66FN2M0xxx18_Project/component/lists" -O0 -fno-common -g3 -Wall -c -ffunction-sections -fdata-sections -ffreestanding -fno-builtin -fmerge-constants -fmacro-prefix-map="../source/"=. -mcpu=cortex-m4 -mfpu=fpv4-sp-d16 -mfloat-abi=hard -mthumb -D__REDLIB__ -fstack-usage -specs=redlib.specs -MMD -MP -MF"source/rtos.d" -MT"source/rtos.o" -MT"source/rtos.d" -o "source/rtos.o" "../source/rtos.c"
../source/rtos.c: In function 'dispatcher':
../source/rtos.c:177:10: warning: variable 'nextTask' set but not used [-Wunused-but-set-variable]
  177 |  uint8_t nextTask = task_list.nTasks;
      |          ^~~~~~~~
Finished building: ../source/rtos.c
Finished building: ../source/MK66FN2M0xxx18_Project.c
 
 
Building target: MK66FN2M0xxx18_Project.axf
Invoking: MCU Linker
arm-none-eabi-gcc -nostdlib -Xlinker -Map="MK66FN2M0xxx18_Project.map" -Xlinker --gc-sections -Xlinker -print-memory-usage -Xlinker --sort-section=alignment -Xlinker --cref -mcpu=cortex-m4 -mfpu=fpv4-sp-d16 -mfloat-abi=hard -mthumb -T MK66FN2M0xxx18_Project_Debug.ld -o "MK66FN2M0xxx18_Project.axf"  ./utilities/fsl_debug_console.o ./utilities/fsl_str.o  ./startup/startup_mk66f18.o  ./source/MK66FN2M0xxx18_Project.o ./source/rtos.o ./source/semihost_hardfault.o  ./drivers/fsl_clock.o ./drivers/fsl_common.o ./drivers/fsl_gpio.o ./drivers/fsl_i2c.o ./drivers/fsl_rtc.o ./drivers/fsl_smc.o ./drivers/fsl_uart.o  ./device/system_MK66F18.o  ./component/uart/uart_adapter.o  ./component/serial_manager/serial_manager.o ./component/serial_manager/serial_port_uart.o  ./component/lists/generic_list.o  ./board/board.o ./board/clock_config.o ./board/peripherals.o ./board/pin_mux.o   
Memory region         Used Size  Region Size  %age Used
   PROGRAM_FLASH:       18168 B         2 MB      0.87%
      SRAM_UPPER:       31224 B       192 KB     15.88%
      SRAM_LOWER:          0 GB        64 KB      0.00%
        FLEX_RAM:          0 GB         4 KB      0.00%
Finished building target: MK66FN2M0xxx18_Project.axf
 
make --no-print-directory post-build
Performing post-build steps
arm-none-eabi-size "MK66FN2M0xxx18_Project.axf"; # arm-none-eabi-objcopy -v -O binary "MK66FN2M0xxx18_Project.axf" "MK66FN2M0xxx18_Project.bin" ; # checksum -p MK66FN2M0xxx18 -d "MK66FN2M0xxx18_Project.bin";
   text	   data	    bss	    dec	    hex	filename
  18152	     16	  31208	  49376	   c0e0	MK66FN2M0xxx18_Project.axf
 
12:57:37 **** Incremental Build of configuration Debug for project MK66FN2M0xxx18_Project ****
make -r -j2 all 
Building file: ../source/MK66FN2M0xxx18_Project.c
Building file: ../source/rtos.c
Invoking: MCU C Compiler
arm-none-eabi-gcc -D__REDLIB__ -DCPU_MK66FN2M0VMD18 -DCPU_MK66FN2M0VMD18_cm4 -DFSL_RTOS_BM -DSDK_OS_BAREMETAL -DSERIAL_PORT_TYPE_UART=1 -DSDK_DEBUGCONSOLE=1 -DCR_INTEGER_PRINTF -DPRINTF_FLOAT_ENABLE=0 -D__MCUXPRESSO -D__USE_CMSIS -DDEBUG -I"/home/ethan/Documents/SEI2/Practica1/MK66FN2M0xxx18_Project/board" -I"/home/ethan/Documents/SEI2/Practica1/MK66FN2M0xxx18_Project/source" -I"/home/ethan/Documents/SEI2/Practica1/MK66FN2M0xxx18_Project" -I"/home/ethan/Documents/SEI2/Practica1/MK66FN2M0xxx18_Project/drivers" -I"/home/ethan/Documents/SEI2/Practica1/MK66FN2M0xxx18_Project/device" -I"/home/ethan/Documents/SEI2/Practica1/MK66FN2M0xxx18_Project/CMSIS" -I"/home/ethan/Documents/SEI2/Practica1/MK66FN2M0xxx18_Project/component/uart" -I"/home/ethan/Documents/SEI2/Practica1/MK66FN2M0xxx18_Project/utilities" -I"/home/ethan/Documents/SEI2/Practica1/MK66FN2M0xxx18_Project/component/serial_manager" -I"/home/ethan/Documents/SEI2/Practica1/MK66FN2M0xxx18_Project/component/lists" -O0 -fno-common -g3 -Wall -c -ffunction-sections -fdata-sections -ffreestanding -fno-builtin -fmerge-constants -fmacro-prefix-map="../source/"=. -mcpu=cortex-m4 -mfpu=fpv4-sp-d16 -mfloat-abi=hard -mthumb -D__REDLIB__ -fstack-usage -specs=redlib.specs -MMD -MP -MF"source/MK66FN2M0xxx18_Project.d" -MT"source/MK66FN2M0xxx18_Project.o" -MT"source/MK66FN2M0xxx18_Project.d" -o "source/MK66FN2M0xxx18_Project.o" "../source/MK66FN2M0xxx18_Project.c"
Invoking: MCU C Compiler
arm-none-eabi-gcc -D__REDLIB__ -DCPU_MK66FN2M0VMD18 -DCPU_MK66FN2M0VMD18_cm4 -DFSL_RTOS_BM -DSDK_OS_BAREMETAL -DSERIAL_PORT_TYPE_UART=1 -DSDK_DEBUGCONSOLE=1 -DCR_INTEGER_PRINTF -DPRINTF_FLOAT_ENABLE=0 -D__MCUXPRESSO -D__USE_CMSIS -DDEBUG -I"/home/ethan/Documents/SEI2/Practica1/MK66FN2M0xxx18_Project/board" -I"/home/ethan/Documents/SEI2/Practica1/MK66FN2M0xxx18_Project/source" -I"/home/ethan/Documents/SEI2/Practica1/MK66FN2M0xxx18_Project" -I"/home/ethan/Documents/SEI2/Practica1/MK66FN2M0xxx18_Project/drivers" -I"/home/ethan/Documents/SEI2/Practica1/MK66FN2M0xxx18_Project/device" -I"/home/ethan/Documents/SEI2/Practica1/MK66FN2M0xxx18_Project/CMSIS" -I"/home/ethan/Documents/SEI2/Practica1/MK66FN2M0xxx18_Project/component/uart" -I"/home/ethan/Documents/SEI2/Practica1/MK66FN2M0xxx18_Project/utilities" -I"/home/ethan/Documents/SEI2/Practica1/MK66FN2M0xxx18_Project/component/serial_manager" -I"/home/ethan/Documents/SEI2/Practica1/MK66FN2M0xxx18_Project/component/lists" -O0 -fno-common -g3 -Wall -c -ffunction-sections -fdata-sections -ffreestanding -fno-builtin -fmerge-constants -fmacro-prefix-map="../source/"=. -mcpu=cortex-m4 -mfpu=fpv4-sp-d16 -mfloat-abi=hard -mthumb -D__REDLIB__ -fstack-usage -specs=redlib.specs -MMD -MP -MF"source/rtos.d" -MT"source/rtos.o" -MT"source/rtos.d" -o "source/rtos.o" "../source/rtos.c"
../source/rtos.c: In function 'dispatcher':
../source/rtos.c:177:10: warning: variable 'nextTask' set but not used [-Wunused-but-set-variable]
  177 |  uint8_t nextTask = task_list.nTasks;
      |          ^~~~~~~~
Finished building: ../source/MK66FN2M0xxx18_Project.c
 
Finished building: ../source/rtos.c
 
Building target: MK66FN2M0xxx18_Project.axf
Invoking: MCU Linker
arm-none-eabi-gcc -nostdlib -Xlinker -Map="MK66FN2M0xxx18_Project.map" -Xlinker --gc-sections -Xlinker -print-memory-usage -Xlinker --sort-section=alignment -Xlinker --cref -mcpu=cortex-m4 -mfpu=fpv4-sp-d16 -mfloat-abi=hard -mthumb -T MK66FN2M0xxx18_Project_Debug.ld -o "MK66FN2M0xxx18_Project.axf"  ./utilities/fsl_debug_console.o ./utilities/fsl_str.o  ./startup/startup_mk66f18.o  ./source/MK66FN2M0xxx18_Project.o ./source/rtos.o ./source/semihost_hardfault.o  ./drivers/fsl_clock.o ./drivers/fsl_common.o ./drivers/fsl_gpio.o ./drivers/fsl_i2c.o ./drivers/fsl_rtc.o ./drivers/fsl_smc.o ./drivers/fsl_uart.o  ./device/system_MK66F18.o  ./component/uart/uart_adapter.o  ./component/serial_manager/serial_manager.o ./component/serial_manager/serial_port_uart.o  ./component/lists/generic_list.o  ./board/board.o ./board/clock_config.o ./board/peripherals.o ./board/pin_mux.o   
Memory region         Used Size  Region Size  %age Used
   PROGRAM_FLASH:       18168 B         2 MB      0.87%
      SRAM_UPPER:       53224 B       192 KB     27.07%
      SRAM_LOWER:          0 GB        64 KB      0.00%
        FLEX_RAM:          0 GB         4 KB      0.00%
Finished building target: MK66FN2M0xxx18_Project.axf
 
make --no-print-directory post-build
Performing post-build steps
arm-none-eabi-size "MK66FN2M0xxx18_Project.axf"; # arm-none-eabi-objcopy -v -O binary "MK66FN2M0xxx18_Project.axf" "MK66FN2M0xxx18_Project.bin" ; # checksum -p MK66FN2M0xxx18 -d "MK66FN2M0xxx18_Project.bin";
   text	   data	    bss	    dec	    hex	filename
  18152	     16	  53208	  71376	  116d0	MK66FN2M0xxx18_Project.axf
 
13:00:01 **** Incremental Build of configuration Debug for project MK66FN2M0xxx18_Project ****
make -r -j2 all 
Building file: ../source/MK66FN2M0xxx18_Project.c
Building file: ../source/rtos.c
Invoking: MCU C Compiler
Invoking: MCU C Compiler
arm-none-eabi-gcc -D__REDLIB__ -DCPU_MK66FN2M0VMD18 -DCPU_MK66FN2M0VMD18_cm4 -DFSL_RTOS_BM -DSDK_OS_BAREMETAL -DSERIAL_PORT_TYPE_UART=1 -DSDK_DEBUGCONSOLE=1 -DCR_INTEGER_PRINTF -DPRINTF_FLOAT_ENABLE=0 -D__MCUXPRESSO -D__USE_CMSIS -DDEBUG -I"/home/ethan/Documents/SEI2/Practica1/MK66FN2M0xxx18_Project/board" -I"/home/ethan/Documents/SEI2/Practica1/MK66FN2M0xxx18_Project/source" -I"/home/ethan/Documents/SEI2/Practica1/MK66FN2M0xxx18_Project" -I"/home/ethan/Documents/SEI2/Practica1/MK66FN2M0xxx18_Project/drivers" -I"/home/ethan/Documents/SEI2/Practica1/MK66FN2M0xxx18_Project/device" -I"/home/ethan/Documents/SEI2/Practica1/MK66FN2M0xxx18_Project/CMSIS" -I"/home/ethan/Documents/SEI2/Practica1/MK66FN2M0xxx18_Project/component/uart" -I"/home/ethan/Documents/SEI2/Practica1/MK66FN2M0xxx18_Project/utilities" -I"/home/ethan/Documents/SEI2/Practica1/MK66FN2M0xxx18_Project/component/serial_manager" -I"/home/ethan/Documents/SEI2/Practica1/MK66FN2M0xxx18_Project/component/lists" -O0 -fno-common -g3 -Wall -c -ffunction-sections -fdata-sections -ffreestanding -fno-builtin -fmerge-constants -fmacro-prefix-map="../source/"=. -mcpu=cortex-m4 -mfpu=fpv4-sp-d16 -mfloat-abi=hard -mthumb -D__REDLIB__ -fstack-usage -specs=redlib.specs -MMD -MP -MF"source/rtos.d" -MT"source/rtos.o" -MT"source/rtos.d" -o "source/rtos.o" "../source/rtos.c"
arm-none-eabi-gcc -D__REDLIB__ -DCPU_MK66FN2M0VMD18 -DCPU_MK66FN2M0VMD18_cm4 -DFSL_RTOS_BM -DSDK_OS_BAREMETAL -DSERIAL_PORT_TYPE_UART=1 -DSDK_DEBUGCONSOLE=1 -DCR_INTEGER_PRINTF -DPRINTF_FLOAT_ENABLE=0 -D__MCUXPRESSO -D__USE_CMSIS -DDEBUG -I"/home/ethan/Documents/SEI2/Practica1/MK66FN2M0xxx18_Project/board" -I"/home/ethan/Documents/SEI2/Practica1/MK66FN2M0xxx18_Project/source" -I"/home/ethan/Documents/SEI2/Practica1/MK66FN2M0xxx18_Project" -I"/home/ethan/Documents/SEI2/Practica1/MK66FN2M0xxx18_Project/drivers" -I"/home/ethan/Documents/SEI2/Practica1/MK66FN2M0xxx18_Project/device" -I"/home/ethan/Documents/SEI2/Practica1/MK66FN2M0xxx18_Project/CMSIS" -I"/home/ethan/Documents/SEI2/Practica1/MK66FN2M0xxx18_Project/component/uart" -I"/home/ethan/Documents/SEI2/Practica1/MK66FN2M0xxx18_Project/utilities" -I"/home/ethan/Documents/SEI2/Practica1/MK66FN2M0xxx18_Project/component/serial_manager" -I"/home/ethan/Documents/SEI2/Practica1/MK66FN2M0xxx18_Project/component/lists" -O0 -fno-common -g3 -Wall -c -ffunction-sections -fdata-sections -ffreestanding -fno-builtin -fmerge-constants -fmacro-prefix-map="../source/"=. -mcpu=cortex-m4 -mfpu=fpv4-sp-d16 -mfloat-abi=hard -mthumb -D__REDLIB__ -fstack-usage -specs=redlib.specs -MMD -MP -MF"source/MK66FN2M0xxx18_Project.d" -MT"source/MK66FN2M0xxx18_Project.o" -MT"source/MK66FN2M0xxx18_Project.d" -o "source/MK66FN2M0xxx18_Project.o" "../source/MK66FN2M0xxx18_Project.c"
../source/rtos.c: In function 'dispatcher':
../source/rtos.c:177:10: warning: variable 'nextTask' set but not used [-Wunused-but-set-variable]
  177 |  uint8_t nextTask = task_list.nTasks;
      |          ^~~~~~~~
Finished building: ../source/MK66FN2M0xxx18_Project.c
Finished building: ../source/rtos.c
 
 
Building target: MK66FN2M0xxx18_Project.axf
Invoking: MCU Linker
arm-none-eabi-gcc -nostdlib -Xlinker -Map="MK66FN2M0xxx18_Project.map" -Xlinker --gc-sections -Xlinker -print-memory-usage -Xlinker --sort-section=alignment -Xlinker --cref -mcpu=cortex-m4 -mfpu=fpv4-sp-d16 -mfloat-abi=hard -mthumb -T MK66FN2M0xxx18_Project_Debug.ld -o "MK66FN2M0xxx18_Project.axf"  ./utilities/fsl_debug_console.o ./utilities/fsl_str.o  ./startup/startup_mk66f18.o  ./source/MK66FN2M0xxx18_Project.o ./source/rtos.o ./source/semihost_hardfault.o  ./drivers/fsl_clock.o ./drivers/fsl_common.o ./drivers/fsl_gpio.o ./drivers/fsl_i2c.o ./drivers/fsl_rtc.o ./drivers/fsl_smc.o ./drivers/fsl_uart.o  ./device/system_MK66F18.o  ./component/uart/uart_adapter.o  ./component/serial_manager/serial_manager.o ./component/serial_manager/serial_port_uart.o  ./component/lists/generic_list.o  ./board/board.o ./board/clock_config.o ./board/peripherals.o ./board/pin_mux.o   
Memory region         Used Size  Region Size  %age Used
   PROGRAM_FLASH:       18168 B         2 MB      0.87%
      SRAM_UPPER:       53224 B       192 KB     27.07%
      SRAM_LOWER:          0 GB        64 KB      0.00%
        FLEX_RAM:          0 GB         4 KB      0.00%
Finished building target: MK66FN2M0xxx18_Project.axf
 
make --no-print-directory post-build
Performing post-build steps
arm-none-eabi-size "MK66FN2M0xxx18_Project.axf"; # arm-none-eabi-objcopy -v -O binary "MK66FN2M0xxx18_Project.axf" "MK66FN2M0xxx18_Project.bin" ; # checksum -p MK66FN2M0xxx18 -d "MK66FN2M0xxx18_Project.bin";
   text	   data	    bss	    dec	    hex	filename
  18152	     16	  53208	  71376	  116d0	MK66FN2M0xxx18_Project.axf
 
13:00:55 **** Incremental Build of configuration Debug for project MK66FN2M0xxx18_Project ****
make -r -j2 all 
Building file: ../source/rtos.c
Invoking: MCU C Compiler
arm-none-eabi-gcc -D__REDLIB__ -DCPU_MK66FN2M0VMD18 -DCPU_MK66FN2M0VMD18_cm4 -DFSL_RTOS_BM -DSDK_OS_BAREMETAL -DSERIAL_PORT_TYPE_UART=1 -DSDK_DEBUGCONSOLE=1 -DCR_INTEGER_PRINTF -DPRINTF_FLOAT_ENABLE=0 -D__MCUXPRESSO -D__USE_CMSIS -DDEBUG -I"/home/ethan/Documents/SEI2/Practica1/MK66FN2M0xxx18_Project/board" -I"/home/ethan/Documents/SEI2/Practica1/MK66FN2M0xxx18_Project/source" -I"/home/ethan/Documents/SEI2/Practica1/MK66FN2M0xxx18_Project" -I"/home/ethan/Documents/SEI2/Practica1/MK66FN2M0xxx18_Project/drivers" -I"/home/ethan/Documents/SEI2/Practica1/MK66FN2M0xxx18_Project/device" -I"/home/ethan/Documents/SEI2/Practica1/MK66FN2M0xxx18_Project/CMSIS" -I"/home/ethan/Documents/SEI2/Practica1/MK66FN2M0xxx18_Project/component/uart" -I"/home/ethan/Documents/SEI2/Practica1/MK66FN2M0xxx18_Project/utilities" -I"/home/ethan/Documents/SEI2/Practica1/MK66FN2M0xxx18_Project/component/serial_manager" -I"/home/ethan/Documents/SEI2/Practica1/MK66FN2M0xxx18_Project/component/lists" -O0 -fno-common -g3 -Wall -c -ffunction-sections -fdata-sections -ffreestanding -fno-builtin -fmerge-constants -fmacro-prefix-map="../source/"=. -mcpu=cortex-m4 -mfpu=fpv4-sp-d16 -mfloat-abi=hard -mthumb -D__REDLIB__ -fstack-usage -specs=redlib.specs -MMD -MP -MF"source/rtos.d" -MT"source/rtos.o" -MT"source/rtos.d" -o "source/rtos.o" "../source/rtos.c"
Finished building: ../source/rtos.c
 
Building target: MK66FN2M0xxx18_Project.axf
Invoking: MCU Linker
arm-none-eabi-gcc -nostdlib -Xlinker -Map="MK66FN2M0xxx18_Project.map" -Xlinker --gc-sections -Xlinker -print-memory-usage -Xlinker --sort-section=alignment -Xlinker --cref -mcpu=cortex-m4 -mfpu=fpv4-sp-d16 -mfloat-abi=hard -mthumb -T MK66FN2M0xxx18_Project_Debug.ld -o "MK66FN2M0xxx18_Project.axf"  ./utilities/fsl_debug_console.o ./utilities/fsl_str.o  ./startup/startup_mk66f18.o  ./source/MK66FN2M0xxx18_Project.o ./source/rtos.o ./source/semihost_hardfault.o  ./drivers/fsl_clock.o ./drivers/fsl_common.o ./drivers/fsl_gpio.o ./drivers/fsl_i2c.o ./drivers/fsl_rtc.o ./drivers/fsl_smc.o ./drivers/fsl_uart.o  ./device/system_MK66F18.o  ./component/uart/uart_adapter.o  ./component/serial_manager/serial_manager.o ./component/serial_manager/serial_port_uart.o  ./component/lists/generic_list.o  ./board/board.o ./board/clock_config.o ./board/peripherals.o ./board/pin_mux.o   
Memory region         Used Size  Region Size  %age Used
   PROGRAM_FLASH:       18176 B         2 MB      0.87%
      SRAM_UPPER:       53224 B       192 KB     27.07%
      SRAM_LOWER:          0 GB        64 KB      0.00%
        FLEX_RAM:          0 GB         4 KB      0.00%
Finished building target: MK66FN2M0xxx18_Project.axf
 
make --no-print-directory post-build
Performing post-build steps
arm-none-eabi-size "MK66FN2M0xxx18_Project.axf"; # arm-none-eabi-objcopy -v -O binary "MK66FN2M0xxx18_Project.axf" "MK66FN2M0xxx18_Project.bin" ; # checksum -p MK66FN2M0xxx18 -d "MK66FN2M0xxx18_Project.bin";
   text	   data	    bss	    dec	    hex	filename
  18160	     16	  53208	  71384	  116d8	MK66FN2M0xxx18_Project.axf
 
13:15:40 **** Incremental Build of configuration Debug for project MK66FN2M0xxx18_Project ****
make -r -j2 all 
Building file: ../source/rtos.c
Invoking: MCU C Compiler
arm-none-eabi-gcc -D__REDLIB__ -DCPU_MK66FN2M0VMD18 -DCPU_MK66FN2M0VMD18_cm4 -DFSL_RTOS_BM -DSDK_OS_BAREMETAL -DSERIAL_PORT_TYPE_UART=1 -DSDK_DEBUGCONSOLE=1 -DCR_INTEGER_PRINTF -DPRINTF_FLOAT_ENABLE=0 -D__MCUXPRESSO -D__USE_CMSIS -DDEBUG -I"/home/ethan/Documents/SEI2/Practica1/MK66FN2M0xxx18_Project/board" -I"/home/ethan/Documents/SEI2/Practica1/MK66FN2M0xxx18_Project/source" -I"/home/ethan/Documents/SEI2/Practica1/MK66FN2M0xxx18_Project" -I"/home/ethan/Documents/SEI2/Practica1/MK66FN2M0xxx18_Project/drivers" -I"/home/ethan/Documents/SEI2/Practica1/MK66FN2M0xxx18_Project/device" -I"/home/ethan/Documents/SEI2/Practica1/MK66FN2M0xxx18_Project/CMSIS" -I"/home/ethan/Documents/SEI2/Practica1/MK66FN2M0xxx18_Project/component/uart" -I"/home/ethan/Documents/SEI2/Practica1/MK66FN2M0xxx18_Project/utilities" -I"/home/ethan/Documents/SEI2/Practica1/MK66FN2M0xxx18_Project/component/serial_manager" -I"/home/ethan/Documents/SEI2/Practica1/MK66FN2M0xxx18_Project/component/lists" -O0 -fno-common -g3 -Wall -c -ffunction-sections -fdata-sections -ffreestanding -fno-builtin -fmerge-constants -fmacro-prefix-map="../source/"=. -mcpu=cortex-m4 -mfpu=fpv4-sp-d16 -mfloat-abi=hard -mthumb -D__REDLIB__ -fstack-usage -specs=redlib.specs -MMD -MP -MF"source/rtos.d" -MT"source/rtos.o" -MT"source/rtos.d" -o "source/rtos.o" "../source/rtos.c"
Finished building: ../source/rtos.c
 
Building target: MK66FN2M0xxx18_Project.axf
Invoking: MCU Linker
arm-none-eabi-gcc -nostdlib -Xlinker -Map="MK66FN2M0xxx18_Project.map" -Xlinker --gc-sections -Xlinker -print-memory-usage -Xlinker --sort-section=alignment -Xlinker --cref -mcpu=cortex-m4 -mfpu=fpv4-sp-d16 -mfloat-abi=hard -mthumb -T MK66FN2M0xxx18_Project_Debug.ld -o "MK66FN2M0xxx18_Project.axf"  ./utilities/fsl_debug_console.o ./utilities/fsl_str.o  ./startup/startup_mk66f18.o  ./source/MK66FN2M0xxx18_Project.o ./source/rtos.o ./source/semihost_hardfault.o  ./drivers/fsl_clock.o ./drivers/fsl_common.o ./drivers/fsl_gpio.o ./drivers/fsl_i2c.o ./drivers/fsl_rtc.o ./drivers/fsl_smc.o ./drivers/fsl_uart.o  ./device/system_MK66F18.o  ./component/uart/uart_adapter.o  ./component/serial_manager/serial_manager.o ./component/serial_manager/serial_port_uart.o  ./component/lists/generic_list.o  ./board/board.o ./board/clock_config.o ./board/peripherals.o ./board/pin_mux.o   
Memory region         Used Size  Region Size  %age Used
   PROGRAM_FLASH:       18176 B         2 MB      0.87%
      SRAM_UPPER:       53224 B       192 KB     27.07%
      SRAM_LOWER:          0 GB        64 KB      0.00%
        FLEX_RAM:          0 GB         4 KB      0.00%
Finished building target: MK66FN2M0xxx18_Project.axf
 
make --no-print-directory post-build
Performing post-build steps
arm-none-eabi-size "MK66FN2M0xxx18_Project.axf"; # arm-none-eabi-objcopy -v -O binary "MK66FN2M0xxx18_Project.axf" "MK66FN2M0xxx18_Project.bin" ; # checksum -p MK66FN2M0xxx18 -d "MK66FN2M0xxx18_Project.bin";
   text	   data	    bss	    dec	    hex	filename
  18160	     16	  53208	  71384	  116d8	MK66FN2M0xxx18_Project.axf
 
13:21:49 **** Incremental Build of configuration Debug for project MK66FN2M0xxx18_Project ****
make -r -j2 all 
Building file: ../source/rtos.c
Invoking: MCU C Compiler
arm-none-eabi-gcc -D__REDLIB__ -DCPU_MK66FN2M0VMD18 -DCPU_MK66FN2M0VMD18_cm4 -DFSL_RTOS_BM -DSDK_OS_BAREMETAL -DSERIAL_PORT_TYPE_UART=1 -DSDK_DEBUGCONSOLE=1 -DCR_INTEGER_PRINTF -DPRINTF_FLOAT_ENABLE=0 -D__MCUXPRESSO -D__USE_CMSIS -DDEBUG -I"/home/ethan/Documents/SEI2/Practica1/MK66FN2M0xxx18_Project/board" -I"/home/ethan/Documents/SEI2/Practica1/MK66FN2M0xxx18_Project/source" -I"/home/ethan/Documents/SEI2/Practica1/MK66FN2M0xxx18_Project" -I"/home/ethan/Documents/SEI2/Practica1/MK66FN2M0xxx18_Project/drivers" -I"/home/ethan/Documents/SEI2/Practica1/MK66FN2M0xxx18_Project/device" -I"/home/ethan/Documents/SEI2/Practica1/MK66FN2M0xxx18_Project/CMSIS" -I"/home/ethan/Documents/SEI2/Practica1/MK66FN2M0xxx18_Project/component/uart" -I"/home/ethan/Documents/SEI2/Practica1/MK66FN2M0xxx18_Project/utilities" -I"/home/ethan/Documents/SEI2/Practica1/MK66FN2M0xxx18_Project/component/serial_manager" -I"/home/ethan/Documents/SEI2/Practica1/MK66FN2M0xxx18_Project/component/lists" -O0 -fno-common -g3 -Wall -c -ffunction-sections -fdata-sections -ffreestanding -fno-builtin -fmerge-constants -fmacro-prefix-map="../source/"=. -mcpu=cortex-m4 -mfpu=fpv4-sp-d16 -mfloat-abi=hard -mthumb -D__REDLIB__ -fstack-usage -specs=redlib.specs -MMD -MP -MF"source/rtos.d" -MT"source/rtos.o" -MT"source/rtos.d" -o "source/rtos.o" "../source/rtos.c"
Finished building: ../source/rtos.c
 
Building target: MK66FN2M0xxx18_Project.axf
Invoking: MCU Linker
arm-none-eabi-gcc -nostdlib -Xlinker -Map="MK66FN2M0xxx18_Project.map" -Xlinker --gc-sections -Xlinker -print-memory-usage -Xlinker --sort-section=alignment -Xlinker --cref -mcpu=cortex-m4 -mfpu=fpv4-sp-d16 -mfloat-abi=hard -mthumb -T MK66FN2M0xxx18_Project_Debug.ld -o "MK66FN2M0xxx18_Project.axf"  ./utilities/fsl_debug_console.o ./utilities/fsl_str.o  ./startup/startup_mk66f18.o  ./source/MK66FN2M0xxx18_Project.o ./source/rtos.o ./source/semihost_hardfault.o  ./drivers/fsl_clock.o ./drivers/fsl_common.o ./drivers/fsl_gpio.o ./drivers/fsl_i2c.o ./drivers/fsl_rtc.o ./drivers/fsl_smc.o ./drivers/fsl_uart.o  ./device/system_MK66F18.o  ./component/uart/uart_adapter.o  ./component/serial_manager/serial_manager.o ./component/serial_manager/serial_port_uart.o  ./component/lists/generic_list.o  ./board/board.o ./board/clock_config.o ./board/peripherals.o ./board/pin_mux.o   
Memory region         Used Size  Region Size  %age Used
   PROGRAM_FLASH:       18176 B         2 MB      0.87%
      SRAM_UPPER:       53224 B       192 KB     27.07%
      SRAM_LOWER:          0 GB        64 KB      0.00%
        FLEX_RAM:          0 GB         4 KB      0.00%
Finished building target: MK66FN2M0xxx18_Project.axf
 
make --no-print-directory post-build
Performing post-build steps
arm-none-eabi-size "MK66FN2M0xxx18_Project.axf"; # arm-none-eabi-objcopy -v -O binary "MK66FN2M0xxx18_Project.axf" "MK66FN2M0xxx18_Project.bin" ; # checksum -p MK66FN2M0xxx18 -d "MK66FN2M0xxx18_Project.bin";
   text	   data	    bss	    dec	    hex	filename
  18160	     16	  53208	  71384	  116d8	MK66FN2M0xxx18_Project.axf
 
13:29:02 **** Incremental Build of configuration Debug for project MK66FN2M0xxx18_Project ****
make -r -j2 all 
Building file: ../source/MK66FN2M0xxx18_Project.c
Building file: ../source/rtos.c
Invoking: MCU C Compiler
arm-none-eabi-gcc -D__REDLIB__ -DCPU_MK66FN2M0VMD18 -DCPU_MK66FN2M0VMD18_cm4 -DFSL_RTOS_BM -DSDK_OS_BAREMETAL -DSERIAL_PORT_TYPE_UART=1 -DSDK_DEBUGCONSOLE=1 -DCR_INTEGER_PRINTF -DPRINTF_FLOAT_ENABLE=0 -D__MCUXPRESSO -D__USE_CMSIS -DDEBUG -I"/home/ethan/Documents/SEI2/Practica1/MK66FN2M0xxx18_Project/board" -I"/home/ethan/Documents/SEI2/Practica1/MK66FN2M0xxx18_Project/source" -I"/home/ethan/Documents/SEI2/Practica1/MK66FN2M0xxx18_Project" -I"/home/ethan/Documents/SEI2/Practica1/MK66FN2M0xxx18_Project/drivers" -I"/home/ethan/Documents/SEI2/Practica1/MK66FN2M0xxx18_Project/device" -I"/home/ethan/Documents/SEI2/Practica1/MK66FN2M0xxx18_Project/CMSIS" -I"/home/ethan/Documents/SEI2/Practica1/MK66FN2M0xxx18_Project/component/uart" -I"/home/ethan/Documents/SEI2/Practica1/MK66FN2M0xxx18_Project/utilities" -I"/home/ethan/Documents/SEI2/Practica1/MK66FN2M0xxx18_Project/component/serial_manager" -I"/home/ethan/Documents/SEI2/Practica1/MK66FN2M0xxx18_Project/component/lists" -O0 -fno-common -g3 -Wall -c -ffunction-sections -fdata-sections -ffreestanding -fno-builtin -fmerge-constants -fmacro-prefix-map="../source/"=. -mcpu=cortex-m4 -mfpu=fpv4-sp-d16 -mfloat-abi=hard -mthumb -D__REDLIB__ -fstack-usage -specs=redlib.specs -MMD -MP -MF"source/MK66FN2M0xxx18_Project.d" -MT"source/MK66FN2M0xxx18_Project.o" -MT"source/MK66FN2M0xxx18_Project.d" -o "source/MK66FN2M0xxx18_Project.o" "../source/MK66FN2M0xxx18_Project.c"
Invoking: MCU C Compiler
arm-none-eabi-gcc -D__REDLIB__ -DCPU_MK66FN2M0VMD18 -DCPU_MK66FN2M0VMD18_cm4 -DFSL_RTOS_BM -DSDK_OS_BAREMETAL -DSERIAL_PORT_TYPE_UART=1 -DSDK_DEBUGCONSOLE=1 -DCR_INTEGER_PRINTF -DPRINTF_FLOAT_ENABLE=0 -D__MCUXPRESSO -D__USE_CMSIS -DDEBUG -I"/home/ethan/Documents/SEI2/Practica1/MK66FN2M0xxx18_Project/board" -I"/home/ethan/Documents/SEI2/Practica1/MK66FN2M0xxx18_Project/source" -I"/home/ethan/Documents/SEI2/Practica1/MK66FN2M0xxx18_Project" -I"/home/ethan/Documents/SEI2/Practica1/MK66FN2M0xxx18_Project/drivers" -I"/home/ethan/Documents/SEI2/Practica1/MK66FN2M0xxx18_Project/device" -I"/home/ethan/Documents/SEI2/Practica1/MK66FN2M0xxx18_Project/CMSIS" -I"/home/ethan/Documents/SEI2/Practica1/MK66FN2M0xxx18_Project/component/uart" -I"/home/ethan/Documents/SEI2/Practica1/MK66FN2M0xxx18_Project/utilities" -I"/home/ethan/Documents/SEI2/Practica1/MK66FN2M0xxx18_Project/component/serial_manager" -I"/home/ethan/Documents/SEI2/Practica1/MK66FN2M0xxx18_Project/component/lists" -O0 -fno-common -g3 -Wall -c -ffunction-sections -fdata-sections -ffreestanding -fno-builtin -fmerge-constants -fmacro-prefix-map="../source/"=. -mcpu=cortex-m4 -mfpu=fpv4-sp-d16 -mfloat-abi=hard -mthumb -D__REDLIB__ -fstack-usage -specs=redlib.specs -MMD -MP -MF"source/rtos.d" -MT"source/rtos.o" -MT"source/rtos.d" -o "source/rtos.o" "../source/rtos.c"
Finished building: ../source/rtos.c
 
Finished building: ../source/MK66FN2M0xxx18_Project.c
 
Building target: MK66FN2M0xxx18_Project.axf
Invoking: MCU Linker
arm-none-eabi-gcc -nostdlib -Xlinker -Map="MK66FN2M0xxx18_Project.map" -Xlinker --gc-sections -Xlinker -print-memory-usage -Xlinker --sort-section=alignment -Xlinker --cref -mcpu=cortex-m4 -mfpu=fpv4-sp-d16 -mfloat-abi=hard -mthumb -T MK66FN2M0xxx18_Project_Debug.ld -o "MK66FN2M0xxx18_Project.axf"  ./utilities/fsl_debug_console.o ./utilities/fsl_str.o  ./startup/startup_mk66f18.o  ./source/MK66FN2M0xxx18_Project.o ./source/rtos.o ./source/semihost_hardfault.o  ./drivers/fsl_clock.o ./drivers/fsl_common.o ./drivers/fsl_gpio.o ./drivers/fsl_i2c.o ./drivers/fsl_rtc.o ./drivers/fsl_smc.o ./drivers/fsl_uart.o  ./device/system_MK66F18.o  ./component/uart/uart_adapter.o  ./component/serial_manager/serial_manager.o ./component/serial_manager/serial_port_uart.o  ./component/lists/generic_list.o  ./board/board.o ./board/clock_config.o ./board/peripherals.o ./board/pin_mux.o   
Memory region         Used Size  Region Size  %age Used
   PROGRAM_FLASH:       18176 B         2 MB      0.87%
      SRAM_UPPER:       13624 B       192 KB      6.93%
      SRAM_LOWER:          0 GB        64 KB      0.00%
        FLEX_RAM:          0 GB         4 KB      0.00%
Finished building target: MK66FN2M0xxx18_Project.axf
 
make --no-print-directory post-build
Performing post-build steps
arm-none-eabi-size "MK66FN2M0xxx18_Project.axf"; # arm-none-eabi-objcopy -v -O binary "MK66FN2M0xxx18_Project.axf" "MK66FN2M0xxx18_Project.bin" ; # checksum -p MK66FN2M0xxx18 -d "MK66FN2M0xxx18_Project.bin";
   text	   data	    bss	    dec	    hex	filename
  18160	     16	  13608	  31784	   7c28	MK66FN2M0xxx18_Project.axf
 
13:30:07 **** Incremental Build of configuration Debug for project MK66FN2M0xxx18_Project ****
make -r -j2 all 
Building file: ../source/MK66FN2M0xxx18_Project.c
Building file: ../source/rtos.c
Invoking: MCU C Compiler
arm-none-eabi-gcc -D__REDLIB__ -DCPU_MK66FN2M0VMD18 -DCPU_MK66FN2M0VMD18_cm4 -DFSL_RTOS_BM -DSDK_OS_BAREMETAL -DSERIAL_PORT_TYPE_UART=1 -DSDK_DEBUGCONSOLE=1 -DCR_INTEGER_PRINTF -DPRINTF_FLOAT_ENABLE=0 -D__MCUXPRESSO -D__USE_CMSIS -DDEBUG -I"/home/ethan/Documents/SEI2/Practica1/MK66FN2M0xxx18_Project/board" -I"/home/ethan/Documents/SEI2/Practica1/MK66FN2M0xxx18_Project/source" -I"/home/ethan/Documents/SEI2/Practica1/MK66FN2M0xxx18_Project" -I"/home/ethan/Documents/SEI2/Practica1/MK66FN2M0xxx18_Project/drivers" -I"/home/ethan/Documents/SEI2/Practica1/MK66FN2M0xxx18_Project/device" -I"/home/ethan/Documents/SEI2/Practica1/MK66FN2M0xxx18_Project/CMSIS" -I"/home/ethan/Documents/SEI2/Practica1/MK66FN2M0xxx18_Project/component/uart" -I"/home/ethan/Documents/SEI2/Practica1/MK66FN2M0xxx18_Project/utilities" -I"/home/ethan/Documents/SEI2/Practica1/MK66FN2M0xxx18_Project/component/serial_manager" -I"/home/ethan/Documents/SEI2/Practica1/MK66FN2M0xxx18_Project/component/lists" -O0 -fno-common -g3 -Wall -c -ffunction-sections -fdata-sections -ffreestanding -fno-builtin -fmerge-constants -fmacro-prefix-map="../source/"=. -mcpu=cortex-m4 -mfpu=fpv4-sp-d16 -mfloat-abi=hard -mthumb -D__REDLIB__ -fstack-usage -specs=redlib.specs -MMD -MP -MF"source/MK66FN2M0xxx18_Project.d" -MT"source/MK66FN2M0xxx18_Project.o" -MT"source/MK66FN2M0xxx18_Project.d" -o "source/MK66FN2M0xxx18_Project.o" "../source/MK66FN2M0xxx18_Project.c"
Invoking: MCU C Compiler
arm-none-eabi-gcc -D__REDLIB__ -DCPU_MK66FN2M0VMD18 -DCPU_MK66FN2M0VMD18_cm4 -DFSL_RTOS_BM -DSDK_OS_BAREMETAL -DSERIAL_PORT_TYPE_UART=1 -DSDK_DEBUGCONSOLE=1 -DCR_INTEGER_PRINTF -DPRINTF_FLOAT_ENABLE=0 -D__MCUXPRESSO -D__USE_CMSIS -DDEBUG -I"/home/ethan/Documents/SEI2/Practica1/MK66FN2M0xxx18_Project/board" -I"/home/ethan/Documents/SEI2/Practica1/MK66FN2M0xxx18_Project/source" -I"/home/ethan/Documents/SEI2/Practica1/MK66FN2M0xxx18_Project" -I"/home/ethan/Documents/SEI2/Practica1/MK66FN2M0xxx18_Project/drivers" -I"/home/ethan/Documents/SEI2/Practica1/MK66FN2M0xxx18_Project/device" -I"/home/ethan/Documents/SEI2/Practica1/MK66FN2M0xxx18_Project/CMSIS" -I"/home/ethan/Documents/SEI2/Practica1/MK66FN2M0xxx18_Project/component/uart" -I"/home/ethan/Documents/SEI2/Practica1/MK66FN2M0xxx18_Project/utilities" -I"/home/ethan/Documents/SEI2/Practica1/MK66FN2M0xxx18_Project/component/serial_manager" -I"/home/ethan/Documents/SEI2/Practica1/MK66FN2M0xxx18_Project/component/lists" -O0 -fno-common -g3 -Wall -c -ffunction-sections -fdata-sections -ffreestanding -fno-builtin -fmerge-constants -fmacro-prefix-map="../source/"=. -mcpu=cortex-m4 -mfpu=fpv4-sp-d16 -mfloat-abi=hard -mthumb -D__REDLIB__ -fstack-usage -specs=redlib.specs -MMD -MP -MF"source/rtos.d" -MT"source/rtos.o" -MT"source/rtos.d" -o "source/rtos.o" "../source/rtos.c"
Finished building: ../source/MK66FN2M0xxx18_Project.c
 
Finished building: ../source/rtos.c
 
Building target: MK66FN2M0xxx18_Project.axf
Invoking: MCU Linker
arm-none-eabi-gcc -nostdlib -Xlinker -Map="MK66FN2M0xxx18_Project.map" -Xlinker --gc-sections -Xlinker -print-memory-usage -Xlinker --sort-section=alignment -Xlinker --cref -mcpu=cortex-m4 -mfpu=fpv4-sp-d16 -mfloat-abi=hard -mthumb -T MK66FN2M0xxx18_Project_Debug.ld -o "MK66FN2M0xxx18_Project.axf"  ./utilities/fsl_debug_console.o ./utilities/fsl_str.o  ./startup/startup_mk66f18.o  ./source/MK66FN2M0xxx18_Project.o ./source/rtos.o ./source/semihost_hardfault.o  ./drivers/fsl_clock.o ./drivers/fsl_common.o ./drivers/fsl_gpio.o ./drivers/fsl_i2c.o ./drivers/fsl_rtc.o ./drivers/fsl_smc.o ./drivers/fsl_uart.o  ./device/system_MK66F18.o  ./component/uart/uart_adapter.o  ./component/serial_manager/serial_manager.o ./component/serial_manager/serial_port_uart.o  ./component/lists/generic_list.o  ./board/board.o ./board/clock_config.o ./board/peripherals.o ./board/pin_mux.o   
Memory region         Used Size  Region Size  %age Used
   PROGRAM_FLASH:       18176 B         2 MB      0.87%
      SRAM_UPPER:       31224 B       192 KB     15.88%
      SRAM_LOWER:          0 GB        64 KB      0.00%
        FLEX_RAM:          0 GB         4 KB      0.00%
Finished building target: MK66FN2M0xxx18_Project.axf
 
make --no-print-directory post-build
Performing post-build steps
arm-none-eabi-size "MK66FN2M0xxx18_Project.axf"; # arm-none-eabi-objcopy -v -O binary "MK66FN2M0xxx18_Project.axf" "MK66FN2M0xxx18_Project.bin" ; # checksum -p MK66FN2M0xxx18 -d "MK66FN2M0xxx18_Project.bin";
   text	   data	    bss	    dec	    hex	filename
  18160	     16	  31208	  49384	   c0e8	MK66FN2M0xxx18_Project.axf
 
13:42:10 **** Incremental Build of configuration Debug for project MK66FN2M0xxx18_Project ****
make -r -j2 all 
Building file: ../source/rtos.c
Invoking: MCU C Compiler
arm-none-eabi-gcc -D__REDLIB__ -DCPU_MK66FN2M0VMD18 -DCPU_MK66FN2M0VMD18_cm4 -DFSL_RTOS_BM -DSDK_OS_BAREMETAL -DSERIAL_PORT_TYPE_UART=1 -DSDK_DEBUGCONSOLE=1 -DCR_INTEGER_PRINTF -DPRINTF_FLOAT_ENABLE=0 -D__MCUXPRESSO -D__USE_CMSIS -DDEBUG -I"/home/ethan/Documents/SEI2/Practica1/MK66FN2M0xxx18_Project/board" -I"/home/ethan/Documents/SEI2/Practica1/MK66FN2M0xxx18_Project/source" -I"/home/ethan/Documents/SEI2/Practica1/MK66FN2M0xxx18_Project" -I"/home/ethan/Documents/SEI2/Practica1/MK66FN2M0xxx18_Project/drivers" -I"/home/ethan/Documents/SEI2/Practica1/MK66FN2M0xxx18_Project/device" -I"/home/ethan/Documents/SEI2/Practica1/MK66FN2M0xxx18_Project/CMSIS" -I"/home/ethan/Documents/SEI2/Practica1/MK66FN2M0xxx18_Project/component/uart" -I"/home/ethan/Documents/SEI2/Practica1/MK66FN2M0xxx18_Project/utilities" -I"/home/ethan/Documents/SEI2/Practica1/MK66FN2M0xxx18_Project/component/serial_manager" -I"/home/ethan/Documents/SEI2/Practica1/MK66FN2M0xxx18_Project/component/lists" -O0 -fno-common -g3 -Wall -c -ffunction-sections -fdata-sections -ffreestanding -fno-builtin -fmerge-constants -fmacro-prefix-map="../source/"=. -mcpu=cortex-m4 -mfpu=fpv4-sp-d16 -mfloat-abi=hard -mthumb -D__REDLIB__ -fstack-usage -specs=redlib.specs -MMD -MP -MF"source/rtos.d" -MT"source/rtos.o" -MT"source/rtos.d" -o "source/rtos.o" "../source/rtos.c"
Finished building: ../source/rtos.c
 
Building target: MK66FN2M0xxx18_Project.axf
Invoking: MCU Linker
arm-none-eabi-gcc -nostdlib -Xlinker -Map="MK66FN2M0xxx18_Project.map" -Xlinker --gc-sections -Xlinker -print-memory-usage -Xlinker --sort-section=alignment -Xlinker --cref -mcpu=cortex-m4 -mfpu=fpv4-sp-d16 -mfloat-abi=hard -mthumb -T MK66FN2M0xxx18_Project_Debug.ld -o "MK66FN2M0xxx18_Project.axf"  ./utilities/fsl_debug_console.o ./utilities/fsl_str.o  ./startup/startup_mk66f18.o  ./source/MK66FN2M0xxx18_Project.o ./source/rtos.o ./source/semihost_hardfault.o  ./drivers/fsl_clock.o ./drivers/fsl_common.o ./drivers/fsl_gpio.o ./drivers/fsl_i2c.o ./drivers/fsl_rtc.o ./drivers/fsl_smc.o ./drivers/fsl_uart.o  ./device/system_MK66F18.o  ./component/uart/uart_adapter.o  ./component/serial_manager/serial_manager.o ./component/serial_manager/serial_port_uart.o  ./component/lists/generic_list.o  ./board/board.o ./board/clock_config.o ./board/peripherals.o ./board/pin_mux.o   
Memory region         Used Size  Region Size  %age Used
   PROGRAM_FLASH:       18176 B         2 MB      0.87%
      SRAM_UPPER:       31224 B       192 KB     15.88%
      SRAM_LOWER:          0 GB        64 KB      0.00%
        FLEX_RAM:          0 GB         4 KB      0.00%
Finished building target: MK66FN2M0xxx18_Project.axf
 
make --no-print-directory post-build
Performing post-build steps
arm-none-eabi-size "MK66FN2M0xxx18_Project.axf"; # arm-none-eabi-objcopy -v -O binary "MK66FN2M0xxx18_Project.axf" "MK66FN2M0xxx18_Project.bin" ; # checksum -p MK66FN2M0xxx18 -d "MK66FN2M0xxx18_Project.bin";
   text	   data	    bss	    dec	    hex	filename
  18160	     16	  31208	  49384	   c0e8	MK66FN2M0xxx18_Project.axf
 
13:46:20 **** Incremental Build of configuration Debug for project MK66FN2M0xxx18_Project ****
make -r -j2 all 
Building file: ../source/MK66FN2M0xxx18_Project.c
Invoking: MCU C Compiler
Building file: ../source/rtos.c
arm-none-eabi-gcc -D__REDLIB__ -DCPU_MK66FN2M0VMD18 -DCPU_MK66FN2M0VMD18_cm4 -DFSL_RTOS_BM -DSDK_OS_BAREMETAL -DSERIAL_PORT_TYPE_UART=1 -DSDK_DEBUGCONSOLE=1 -DCR_INTEGER_PRINTF -DPRINTF_FLOAT_ENABLE=0 -D__MCUXPRESSO -D__USE_CMSIS -DDEBUG -I"/home/ethan/Documents/SEI2/Practica1/MK66FN2M0xxx18_Project/board" -I"/home/ethan/Documents/SEI2/Practica1/MK66FN2M0xxx18_Project/source" -I"/home/ethan/Documents/SEI2/Practica1/MK66FN2M0xxx18_Project" -I"/home/ethan/Documents/SEI2/Practica1/MK66FN2M0xxx18_Project/drivers" -I"/home/ethan/Documents/SEI2/Practica1/MK66FN2M0xxx18_Project/device" -I"/home/ethan/Documents/SEI2/Practica1/MK66FN2M0xxx18_Project/CMSIS" -I"/home/ethan/Documents/SEI2/Practica1/MK66FN2M0xxx18_Project/component/uart" -I"/home/ethan/Documents/SEI2/Practica1/MK66FN2M0xxx18_Project/utilities" -I"/home/ethan/Documents/SEI2/Practica1/MK66FN2M0xxx18_Project/component/serial_manager" -I"/home/ethan/Documents/SEI2/Practica1/MK66FN2M0xxx18_Project/component/lists" -O0 -fno-common -g3 -Wall -c -ffunction-sections -fdata-sections -ffreestanding -fno-builtin -fmerge-constants -fmacro-prefix-map="../source/"=. -mcpu=cortex-m4 -mfpu=fpv4-sp-d16 -mfloat-abi=hard -mthumb -D__REDLIB__ -fstack-usage -specs=redlib.specs -MMD -MP -MF"source/MK66FN2M0xxx18_Project.d" -MT"source/MK66FN2M0xxx18_Project.o" -MT"source/MK66FN2M0xxx18_Project.d" -o "source/MK66FN2M0xxx18_Project.o" "../source/MK66FN2M0xxx18_Project.c"
Invoking: MCU C Compiler
arm-none-eabi-gcc -D__REDLIB__ -DCPU_MK66FN2M0VMD18 -DCPU_MK66FN2M0VMD18_cm4 -DFSL_RTOS_BM -DSDK_OS_BAREMETAL -DSERIAL_PORT_TYPE_UART=1 -DSDK_DEBUGCONSOLE=1 -DCR_INTEGER_PRINTF -DPRINTF_FLOAT_ENABLE=0 -D__MCUXPRESSO -D__USE_CMSIS -DDEBUG -I"/home/ethan/Documents/SEI2/Practica1/MK66FN2M0xxx18_Project/board" -I"/home/ethan/Documents/SEI2/Practica1/MK66FN2M0xxx18_Project/source" -I"/home/ethan/Documents/SEI2/Practica1/MK66FN2M0xxx18_Project" -I"/home/ethan/Documents/SEI2/Practica1/MK66FN2M0xxx18_Project/drivers" -I"/home/ethan/Documents/SEI2/Practica1/MK66FN2M0xxx18_Project/device" -I"/home/ethan/Documents/SEI2/Practica1/MK66FN2M0xxx18_Project/CMSIS" -I"/home/ethan/Documents/SEI2/Practica1/MK66FN2M0xxx18_Project/component/uart" -I"/home/ethan/Documents/SEI2/Practica1/MK66FN2M0xxx18_Project/utilities" -I"/home/ethan/Documents/SEI2/Practica1/MK66FN2M0xxx18_Project/component/serial_manager" -I"/home/ethan/Documents/SEI2/Practica1/MK66FN2M0xxx18_Project/component/lists" -O0 -fno-common -g3 -Wall -c -ffunction-sections -fdata-sections -ffreestanding -fno-builtin -fmerge-constants -fmacro-prefix-map="../source/"=. -mcpu=cortex-m4 -mfpu=fpv4-sp-d16 -mfloat-abi=hard -mthumb -D__REDLIB__ -fstack-usage -specs=redlib.specs -MMD -MP -MF"source/rtos.d" -MT"source/rtos.o" -MT"source/rtos.d" -o "source/rtos.o" "../source/rtos.c"
Finished building: ../source/rtos.c
 
Finished building: ../source/MK66FN2M0xxx18_Project.c
 
Building target: MK66FN2M0xxx18_Project.axf
Invoking: MCU Linker
arm-none-eabi-gcc -nostdlib -Xlinker -Map="MK66FN2M0xxx18_Project.map" -Xlinker --gc-sections -Xlinker -print-memory-usage -Xlinker --sort-section=alignment -Xlinker --cref -mcpu=cortex-m4 -mfpu=fpv4-sp-d16 -mfloat-abi=hard -mthumb -T MK66FN2M0xxx18_Project_Debug.ld -o "MK66FN2M0xxx18_Project.axf"  ./utilities/fsl_debug_console.o ./utilities/fsl_str.o  ./startup/startup_mk66f18.o  ./source/MK66FN2M0xxx18_Project.o ./source/rtos.o ./source/semihost_hardfault.o  ./drivers/fsl_clock.o ./drivers/fsl_common.o ./drivers/fsl_gpio.o ./drivers/fsl_i2c.o ./drivers/fsl_rtc.o ./drivers/fsl_smc.o ./drivers/fsl_uart.o  ./device/system_MK66F18.o  ./component/uart/uart_adapter.o  ./component/serial_manager/serial_manager.o ./component/serial_manager/serial_port_uart.o  ./component/lists/generic_list.o  ./board/board.o ./board/clock_config.o ./board/peripherals.o ./board/pin_mux.o   
Memory region         Used Size  Region Size  %age Used
   PROGRAM_FLASH:       18128 B         2 MB      0.86%
      SRAM_UPPER:       31224 B       192 KB     15.88%
      SRAM_LOWER:          0 GB        64 KB      0.00%
        FLEX_RAM:          0 GB         4 KB      0.00%
Finished building target: MK66FN2M0xxx18_Project.axf
 
make --no-print-directory post-build
Performing post-build steps
arm-none-eabi-size "MK66FN2M0xxx18_Project.axf"; # arm-none-eabi-objcopy -v -O binary "MK66FN2M0xxx18_Project.axf" "MK66FN2M0xxx18_Project.bin" ; # checksum -p MK66FN2M0xxx18 -d "MK66FN2M0xxx18_Project.bin";
   text	   data	    bss	    dec	    hex	filename
  18112	     16	  31208	  49336	   c0b8	MK66FN2M0xxx18_Project.axf
 
13:59:02 **** Incremental Build of configuration Debug for project MK66FN2M0xxx18_Project ****
make -r -j2 all 
Building file: ../source/rtos.c
Invoking: MCU C Compiler
arm-none-eabi-gcc -D__REDLIB__ -DCPU_MK66FN2M0VMD18 -DCPU_MK66FN2M0VMD18_cm4 -DFSL_RTOS_BM -DSDK_OS_BAREMETAL -DSERIAL_PORT_TYPE_UART=1 -DSDK_DEBUGCONSOLE=1 -DCR_INTEGER_PRINTF -DPRINTF_FLOAT_ENABLE=0 -D__MCUXPRESSO -D__USE_CMSIS -DDEBUG -I"/home/ethan/Documents/SEI2/Practica1/MK66FN2M0xxx18_Project/board" -I"/home/ethan/Documents/SEI2/Practica1/MK66FN2M0xxx18_Project/source" -I"/home/ethan/Documents/SEI2/Practica1/MK66FN2M0xxx18_Project" -I"/home/ethan/Documents/SEI2/Practica1/MK66FN2M0xxx18_Project/drivers" -I"/home/ethan/Documents/SEI2/Practica1/MK66FN2M0xxx18_Project/device" -I"/home/ethan/Documents/SEI2/Practica1/MK66FN2M0xxx18_Project/CMSIS" -I"/home/ethan/Documents/SEI2/Practica1/MK66FN2M0xxx18_Project/component/uart" -I"/home/ethan/Documents/SEI2/Practica1/MK66FN2M0xxx18_Project/utilities" -I"/home/ethan/Documents/SEI2/Practica1/MK66FN2M0xxx18_Project/component/serial_manager" -I"/home/ethan/Documents/SEI2/Practica1/MK66FN2M0xxx18_Project/component/lists" -O0 -fno-common -g3 -Wall -c -ffunction-sections -fdata-sections -ffreestanding -fno-builtin -fmerge-constants -fmacro-prefix-map="../source/"=. -mcpu=cortex-m4 -mfpu=fpv4-sp-d16 -mfloat-abi=hard -mthumb -D__REDLIB__ -fstack-usage -specs=redlib.specs -MMD -MP -MF"source/rtos.d" -MT"source/rtos.o" -MT"source/rtos.d" -o "source/rtos.o" "../source/rtos.c"
Finished building: ../source/rtos.c
 
Building target: MK66FN2M0xxx18_Project.axf
Invoking: MCU Linker
arm-none-eabi-gcc -nostdlib -Xlinker -Map="MK66FN2M0xxx18_Project.map" -Xlinker --gc-sections -Xlinker -print-memory-usage -Xlinker --sort-section=alignment -Xlinker --cref -mcpu=cortex-m4 -mfpu=fpv4-sp-d16 -mfloat-abi=hard -mthumb -T MK66FN2M0xxx18_Project_Debug.ld -o "MK66FN2M0xxx18_Project.axf"  ./utilities/fsl_debug_console.o ./utilities/fsl_str.o  ./startup/startup_mk66f18.o  ./source/MK66FN2M0xxx18_Project.o ./source/rtos.o ./source/semihost_hardfault.o  ./drivers/fsl_clock.o ./drivers/fsl_common.o ./drivers/fsl_gpio.o ./drivers/fsl_i2c.o ./drivers/fsl_rtc.o ./drivers/fsl_smc.o ./drivers/fsl_uart.o  ./device/system_MK66F18.o  ./component/uart/uart_adapter.o  ./component/serial_manager/serial_manager.o ./component/serial_manager/serial_port_uart.o  ./component/lists/generic_list.o  ./board/board.o ./board/clock_config.o ./board/peripherals.o ./board/pin_mux.o   
Memory region         Used Size  Region Size  %age Used
   PROGRAM_FLASH:       18168 B         2 MB      0.87%
      SRAM_UPPER:       31224 B       192 KB     15.88%
      SRAM_LOWER:          0 GB        64 KB      0.00%
        FLEX_RAM:          0 GB         4 KB      0.00%
Finished building target: MK66FN2M0xxx18_Project.axf
 
make --no-print-directory post-build
Performing post-build steps
arm-none-eabi-size "MK66FN2M0xxx18_Project.axf"; # arm-none-eabi-objcopy -v -O binary "MK66FN2M0xxx18_Project.axf" "MK66FN2M0xxx18_Project.bin" ; # checksum -p MK66FN2M0xxx18 -d "MK66FN2M0xxx18_Project.bin";
   text	   data	    bss	    dec	    hex	filename
  18152	     16	  31208	  49376	   c0e0	MK66FN2M0xxx18_Project.axf
 
14:29:50 **** Incremental Build of configuration Debug for project MK66FN2M0xxx18_Project ****
make -r -j2 all 
Building file: ../source/rtos.c
Invoking: MCU C Compiler
arm-none-eabi-gcc -D__REDLIB__ -DCPU_MK66FN2M0VMD18 -DCPU_MK66FN2M0VMD18_cm4 -DFSL_RTOS_BM -DSDK_OS_BAREMETAL -DSERIAL_PORT_TYPE_UART=1 -DSDK_DEBUGCONSOLE=1 -DCR_INTEGER_PRINTF -DPRINTF_FLOAT_ENABLE=0 -D__MCUXPRESSO -D__USE_CMSIS -DDEBUG -I"/home/ethan/Documents/SEI2/Practica1/MK66FN2M0xxx18_Project/board" -I"/home/ethan/Documents/SEI2/Practica1/MK66FN2M0xxx18_Project/source" -I"/home/ethan/Documents/SEI2/Practica1/MK66FN2M0xxx18_Project" -I"/home/ethan/Documents/SEI2/Practica1/MK66FN2M0xxx18_Project/drivers" -I"/home/ethan/Documents/SEI2/Practica1/MK66FN2M0xxx18_Project/device" -I"/home/ethan/Documents/SEI2/Practica1/MK66FN2M0xxx18_Project/CMSIS" -I"/home/ethan/Documents/SEI2/Practica1/MK66FN2M0xxx18_Project/component/uart" -I"/home/ethan/Documents/SEI2/Practica1/MK66FN2M0xxx18_Project/utilities" -I"/home/ethan/Documents/SEI2/Practica1/MK66FN2M0xxx18_Project/component/serial_manager" -I"/home/ethan/Documents/SEI2/Practica1/MK66FN2M0xxx18_Project/component/lists" -O0 -fno-common -g3 -Wall -c -ffunction-sections -fdata-sections -ffreestanding -fno-builtin -fmerge-constants -fmacro-prefix-map="../source/"=. -mcpu=cortex-m4 -mfpu=fpv4-sp-d16 -mfloat-abi=hard -mthumb -D__REDLIB__ -fstack-usage -specs=redlib.specs -MMD -MP -MF"source/rtos.d" -MT"source/rtos.o" -MT"source/rtos.d" -o "source/rtos.o" "../source/rtos.c"
Finished building: ../source/rtos.c
 
Building target: MK66FN2M0xxx18_Project.axf
Invoking: MCU Linker
arm-none-eabi-gcc -nostdlib -Xlinker -Map="MK66FN2M0xxx18_Project.map" -Xlinker --gc-sections -Xlinker -print-memory-usage -Xlinker --sort-section=alignment -Xlinker --cref -mcpu=cortex-m4 -mfpu=fpv4-sp-d16 -mfloat-abi=hard -mthumb -T MK66FN2M0xxx18_Project_Debug.ld -o "MK66FN2M0xxx18_Project.axf"  ./utilities/fsl_debug_console.o ./utilities/fsl_str.o  ./startup/startup_mk66f18.o  ./source/MK66FN2M0xxx18_Project.o ./source/rtos.o ./source/semihost_hardfault.o  ./drivers/fsl_clock.o ./drivers/fsl_common.o ./drivers/fsl_gpio.o ./drivers/fsl_i2c.o ./drivers/fsl_rtc.o ./drivers/fsl_smc.o ./drivers/fsl_uart.o  ./device/system_MK66F18.o  ./component/uart/uart_adapter.o  ./component/serial_manager/serial_manager.o ./component/serial_manager/serial_port_uart.o  ./component/lists/generic_list.o  ./board/board.o ./board/clock_config.o ./board/peripherals.o ./board/pin_mux.o   
Memory region         Used Size  Region Size  %age Used
   PROGRAM_FLASH:       18168 B         2 MB      0.87%
      SRAM_UPPER:       31224 B       192 KB     15.88%
      SRAM_LOWER:          0 GB        64 KB      0.00%
        FLEX_RAM:          0 GB         4 KB      0.00%
Finished building target: MK66FN2M0xxx18_Project.axf
 
make --no-print-directory post-build
Performing post-build steps
arm-none-eabi-size "MK66FN2M0xxx18_Project.axf"; # arm-none-eabi-objcopy -v -O binary "MK66FN2M0xxx18_Project.axf" "MK66FN2M0xxx18_Project.bin" ; # checksum -p MK66FN2M0xxx18 -d "MK66FN2M0xxx18_Project.bin";
   text	   data	    bss	    dec	    hex	filename
  18152	     16	  31208	  49376	   c0e0	MK66FN2M0xxx18_Project.axf
 
14:44:51 **** Incremental Build of configuration Debug for project MK66FN2M0xxx18_Project ****
make -r -j2 all 
Building file: ../source/rtos.c
Invoking: MCU C Compiler
arm-none-eabi-gcc -D__REDLIB__ -DCPU_MK66FN2M0VMD18 -DCPU_MK66FN2M0VMD18_cm4 -DFSL_RTOS_BM -DSDK_OS_BAREMETAL -DSERIAL_PORT_TYPE_UART=1 -DSDK_DEBUGCONSOLE=1 -DCR_INTEGER_PRINTF -DPRINTF_FLOAT_ENABLE=0 -D__MCUXPRESSO -D__USE_CMSIS -DDEBUG -I"/home/ethan/Documents/SEI2/Practica1/MK66FN2M0xxx18_Project/board" -I"/home/ethan/Documents/SEI2/Practica1/MK66FN2M0xxx18_Project/source" -I"/home/ethan/Documents/SEI2/Practica1/MK66FN2M0xxx18_Project" -I"/home/ethan/Documents/SEI2/Practica1/MK66FN2M0xxx18_Project/drivers" -I"/home/ethan/Documents/SEI2/Practica1/MK66FN2M0xxx18_Project/device" -I"/home/ethan/Documents/SEI2/Practica1/MK66FN2M0xxx18_Project/CMSIS" -I"/home/ethan/Documents/SEI2/Practica1/MK66FN2M0xxx18_Project/component/uart" -I"/home/ethan/Documents/SEI2/Practica1/MK66FN2M0xxx18_Project/utilities" -I"/home/ethan/Documents/SEI2/Practica1/MK66FN2M0xxx18_Project/component/serial_manager" -I"/home/ethan/Documents/SEI2/Practica1/MK66FN2M0xxx18_Project/component/lists" -O0 -fno-common -g3 -Wall -c -ffunction-sections -fdata-sections -ffreestanding -fno-builtin -fmerge-constants -fmacro-prefix-map="../source/"=. -mcpu=cortex-m4 -mfpu=fpv4-sp-d16 -mfloat-abi=hard -mthumb -D__REDLIB__ -fstack-usage -specs=redlib.specs -MMD -MP -MF"source/rtos.d" -MT"source/rtos.o" -MT"source/rtos.d" -o "source/rtos.o" "../source/rtos.c"
Finished building: ../source/rtos.c
 
Building target: MK66FN2M0xxx18_Project.axf
Invoking: MCU Linker
arm-none-eabi-gcc -nostdlib -Xlinker -Map="MK66FN2M0xxx18_Project.map" -Xlinker --gc-sections -Xlinker -print-memory-usage -Xlinker --sort-section=alignment -Xlinker --cref -mcpu=cortex-m4 -mfpu=fpv4-sp-d16 -mfloat-abi=hard -mthumb -T MK66FN2M0xxx18_Project_Debug.ld -o "MK66FN2M0xxx18_Project.axf"  ./utilities/fsl_debug_console.o ./utilities/fsl_str.o  ./startup/startup_mk66f18.o  ./source/MK66FN2M0xxx18_Project.o ./source/rtos.o ./source/semihost_hardfault.o  ./drivers/fsl_clock.o ./drivers/fsl_common.o ./drivers/fsl_gpio.o ./drivers/fsl_i2c.o ./drivers/fsl_rtc.o ./drivers/fsl_smc.o ./drivers/fsl_uart.o  ./device/system_MK66F18.o  ./component/uart/uart_adapter.o  ./component/serial_manager/serial_manager.o ./component/serial_manager/serial_port_uart.o  ./component/lists/generic_list.o  ./board/board.o ./board/clock_config.o ./board/peripherals.o ./board/pin_mux.o   
Memory region         Used Size  Region Size  %age Used
   PROGRAM_FLASH:       17992 B         2 MB      0.86%
      SRAM_UPPER:       31224 B       192 KB     15.88%
      SRAM_LOWER:          0 GB        64 KB      0.00%
        FLEX_RAM:          0 GB         4 KB      0.00%
Finished building target: MK66FN2M0xxx18_Project.axf
 
make --no-print-directory post-build
Performing post-build steps
arm-none-eabi-size "MK66FN2M0xxx18_Project.axf"; # arm-none-eabi-objcopy -v -O binary "MK66FN2M0xxx18_Project.axf" "MK66FN2M0xxx18_Project.bin" ; # checksum -p MK66FN2M0xxx18 -d "MK66FN2M0xxx18_Project.bin";
   text	   data	    bss	    dec	    hex	filename
  17976	     16	  31208	  49200	   c030	MK66FN2M0xxx18_Project.axf
 
14:47:00 **** Incremental Build of configuration Debug for project MK66FN2M0xxx18_Project ****
make -r -j2 all 
Building file: ../source/rtos.c
Invoking: MCU C Compiler
arm-none-eabi-gcc -D__REDLIB__ -DCPU_MK66FN2M0VMD18 -DCPU_MK66FN2M0VMD18_cm4 -DFSL_RTOS_BM -DSDK_OS_BAREMETAL -DSERIAL_PORT_TYPE_UART=1 -DSDK_DEBUGCONSOLE=1 -DCR_INTEGER_PRINTF -DPRINTF_FLOAT_ENABLE=0 -D__MCUXPRESSO -D__USE_CMSIS -DDEBUG -I"/home/ethan/Documents/SEI2/Practica1/MK66FN2M0xxx18_Project/board" -I"/home/ethan/Documents/SEI2/Practica1/MK66FN2M0xxx18_Project/source" -I"/home/ethan/Documents/SEI2/Practica1/MK66FN2M0xxx18_Project" -I"/home/ethan/Documents/SEI2/Practica1/MK66FN2M0xxx18_Project/drivers" -I"/home/ethan/Documents/SEI2/Practica1/MK66FN2M0xxx18_Project/device" -I"/home/ethan/Documents/SEI2/Practica1/MK66FN2M0xxx18_Project/CMSIS" -I"/home/ethan/Documents/SEI2/Practica1/MK66FN2M0xxx18_Project/component/uart" -I"/home/ethan/Documents/SEI2/Practica1/MK66FN2M0xxx18_Project/utilities" -I"/home/ethan/Documents/SEI2/Practica1/MK66FN2M0xxx18_Project/component/serial_manager" -I"/home/ethan/Documents/SEI2/Practica1/MK66FN2M0xxx18_Project/component/lists" -O0 -fno-common -g3 -Wall -c -ffunction-sections -fdata-sections -ffreestanding -fno-builtin -fmerge-constants -fmacro-prefix-map="../source/"=. -mcpu=cortex-m4 -mfpu=fpv4-sp-d16 -mfloat-abi=hard -mthumb -D__REDLIB__ -fstack-usage -specs=redlib.specs -MMD -MP -MF"source/rtos.d" -MT"source/rtos.o" -MT"source/rtos.d" -o "source/rtos.o" "../source/rtos.c"
Finished building: ../source/rtos.c
 
Building target: MK66FN2M0xxx18_Project.axf
Invoking: MCU Linker
arm-none-eabi-gcc -nostdlib -Xlinker -Map="MK66FN2M0xxx18_Project.map" -Xlinker --gc-sections -Xlinker -print-memory-usage -Xlinker --sort-section=alignment -Xlinker --cref -mcpu=cortex-m4 -mfpu=fpv4-sp-d16 -mfloat-abi=hard -mthumb -T MK66FN2M0xxx18_Project_Debug.ld -o "MK66FN2M0xxx18_Project.axf"  ./utilities/fsl_debug_console.o ./utilities/fsl_str.o  ./startup/startup_mk66f18.o  ./source/MK66FN2M0xxx18_Project.o ./source/rtos.o ./source/semihost_hardfault.o  ./drivers/fsl_clock.o ./drivers/fsl_common.o ./drivers/fsl_gpio.o ./drivers/fsl_i2c.o ./drivers/fsl_rtc.o ./drivers/fsl_smc.o ./drivers/fsl_uart.o  ./device/system_MK66F18.o  ./component/uart/uart_adapter.o  ./component/serial_manager/serial_manager.o ./component/serial_manager/serial_port_uart.o  ./component/lists/generic_list.o  ./board/board.o ./board/clock_config.o ./board/peripherals.o ./board/pin_mux.o   
Memory region         Used Size  Region Size  %age Used
   PROGRAM_FLASH:       18112 B         2 MB      0.86%
      SRAM_UPPER:       31224 B       192 KB     15.88%
      SRAM_LOWER:          0 GB        64 KB      0.00%
        FLEX_RAM:          0 GB         4 KB      0.00%
Finished building target: MK66FN2M0xxx18_Project.axf
 
make --no-print-directory post-build
Performing post-build steps
arm-none-eabi-size "MK66FN2M0xxx18_Project.axf"; # arm-none-eabi-objcopy -v -O binary "MK66FN2M0xxx18_Project.axf" "MK66FN2M0xxx18_Project.bin" ; # checksum -p MK66FN2M0xxx18 -d "MK66FN2M0xxx18_Project.bin";
   text	   data	    bss	    dec	    hex	filename
  18096	     16	  31208	  49320	   c0a8	MK66FN2M0xxx18_Project.axf
 
14:48:32 **** Incremental Build of configuration Debug for project MK66FN2M0xxx18_Project ****
make -r -j2 all 
Building file: ../source/rtos.c
Invoking: MCU C Compiler
arm-none-eabi-gcc -D__REDLIB__ -DCPU_MK66FN2M0VMD18 -DCPU_MK66FN2M0VMD18_cm4 -DFSL_RTOS_BM -DSDK_OS_BAREMETAL -DSERIAL_PORT_TYPE_UART=1 -DSDK_DEBUGCONSOLE=1 -DCR_INTEGER_PRINTF -DPRINTF_FLOAT_ENABLE=0 -D__MCUXPRESSO -D__USE_CMSIS -DDEBUG -I"/home/ethan/Documents/SEI2/Practica1/MK66FN2M0xxx18_Project/board" -I"/home/ethan/Documents/SEI2/Practica1/MK66FN2M0xxx18_Project/source" -I"/home/ethan/Documents/SEI2/Practica1/MK66FN2M0xxx18_Project" -I"/home/ethan/Documents/SEI2/Practica1/MK66FN2M0xxx18_Project/drivers" -I"/home/ethan/Documents/SEI2/Practica1/MK66FN2M0xxx18_Project/device" -I"/home/ethan/Documents/SEI2/Practica1/MK66FN2M0xxx18_Project/CMSIS" -I"/home/ethan/Documents/SEI2/Practica1/MK66FN2M0xxx18_Project/component/uart" -I"/home/ethan/Documents/SEI2/Practica1/MK66FN2M0xxx18_Project/utilities" -I"/home/ethan/Documents/SEI2/Practica1/MK66FN2M0xxx18_Project/component/serial_manager" -I"/home/ethan/Documents/SEI2/Practica1/MK66FN2M0xxx18_Project/component/lists" -O0 -fno-common -g3 -Wall -c -ffunction-sections -fdata-sections -ffreestanding -fno-builtin -fmerge-constants -fmacro-prefix-map="../source/"=. -mcpu=cortex-m4 -mfpu=fpv4-sp-d16 -mfloat-abi=hard -mthumb -D__REDLIB__ -fstack-usage -specs=redlib.specs -MMD -MP -MF"source/rtos.d" -MT"source/rtos.o" -MT"source/rtos.d" -o "source/rtos.o" "../source/rtos.c"
Finished building: ../source/rtos.c
 
Building target: MK66FN2M0xxx18_Project.axf
Invoking: MCU Linker
arm-none-eabi-gcc -nostdlib -Xlinker -Map="MK66FN2M0xxx18_Project.map" -Xlinker --gc-sections -Xlinker -print-memory-usage -Xlinker --sort-section=alignment -Xlinker --cref -mcpu=cortex-m4 -mfpu=fpv4-sp-d16 -mfloat-abi=hard -mthumb -T MK66FN2M0xxx18_Project_Debug.ld -o "MK66FN2M0xxx18_Project.axf"  ./utilities/fsl_debug_console.o ./utilities/fsl_str.o  ./startup/startup_mk66f18.o  ./source/MK66FN2M0xxx18_Project.o ./source/rtos.o ./source/semihost_hardfault.o  ./drivers/fsl_clock.o ./drivers/fsl_common.o ./drivers/fsl_gpio.o ./drivers/fsl_i2c.o ./drivers/fsl_rtc.o ./drivers/fsl_smc.o ./drivers/fsl_uart.o  ./device/system_MK66F18.o  ./component/uart/uart_adapter.o  ./component/serial_manager/serial_manager.o ./component/serial_manager/serial_port_uart.o  ./component/lists/generic_list.o  ./board/board.o ./board/clock_config.o ./board/peripherals.o ./board/pin_mux.o   
Memory region         Used Size  Region Size  %age Used
   PROGRAM_FLASH:       18168 B         2 MB      0.87%
      SRAM_UPPER:       31224 B       192 KB     15.88%
      SRAM_LOWER:          0 GB        64 KB      0.00%
        FLEX_RAM:          0 GB         4 KB      0.00%
Finished building target: MK66FN2M0xxx18_Project.axf
 
make --no-print-directory post-build
Performing post-build steps
arm-none-eabi-size "MK66FN2M0xxx18_Project.axf"; # arm-none-eabi-objcopy -v -O binary "MK66FN2M0xxx18_Project.axf" "MK66FN2M0xxx18_Project.bin" ; # checksum -p MK66FN2M0xxx18 -d "MK66FN2M0xxx18_Project.bin";
   text	   data	    bss	    dec	    hex	filename
  18152	     16	  31208	  49376	   c0e0	MK66FN2M0xxx18_Project.axf
 
14:49:36 **** Incremental Build of configuration Debug for project MK66FN2M0xxx18_Project ****
make -r -j2 all 
Building file: ../source/rtos.c
Invoking: MCU C Compiler
arm-none-eabi-gcc -D__REDLIB__ -DCPU_MK66FN2M0VMD18 -DCPU_MK66FN2M0VMD18_cm4 -DFSL_RTOS_BM -DSDK_OS_BAREMETAL -DSERIAL_PORT_TYPE_UART=1 -DSDK_DEBUGCONSOLE=1 -DCR_INTEGER_PRINTF -DPRINTF_FLOAT_ENABLE=0 -D__MCUXPRESSO -D__USE_CMSIS -DDEBUG -I"/home/ethan/Documents/SEI2/Practica1/MK66FN2M0xxx18_Project/board" -I"/home/ethan/Documents/SEI2/Practica1/MK66FN2M0xxx18_Project/source" -I"/home/ethan/Documents/SEI2/Practica1/MK66FN2M0xxx18_Project" -I"/home/ethan/Documents/SEI2/Practica1/MK66FN2M0xxx18_Project/drivers" -I"/home/ethan/Documents/SEI2/Practica1/MK66FN2M0xxx18_Project/device" -I"/home/ethan/Documents/SEI2/Practica1/MK66FN2M0xxx18_Project/CMSIS" -I"/home/ethan/Documents/SEI2/Practica1/MK66FN2M0xxx18_Project/component/uart" -I"/home/ethan/Documents/SEI2/Practica1/MK66FN2M0xxx18_Project/utilities" -I"/home/ethan/Documents/SEI2/Practica1/MK66FN2M0xxx18_Project/component/serial_manager" -I"/home/ethan/Documents/SEI2/Practica1/MK66FN2M0xxx18_Project/component/lists" -O0 -fno-common -g3 -Wall -c -ffunction-sections -fdata-sections -ffreestanding -fno-builtin -fmerge-constants -fmacro-prefix-map="../source/"=. -mcpu=cortex-m4 -mfpu=fpv4-sp-d16 -mfloat-abi=hard -mthumb -D__REDLIB__ -fstack-usage -specs=redlib.specs -MMD -MP -MF"source/rtos.d" -MT"source/rtos.o" -MT"source/rtos.d" -o "source/rtos.o" "../source/rtos.c"
Finished building: ../source/rtos.c
 
Building target: MK66FN2M0xxx18_Project.axf
Invoking: MCU Linker
arm-none-eabi-gcc -nostdlib -Xlinker -Map="MK66FN2M0xxx18_Project.map" -Xlinker --gc-sections -Xlinker -print-memory-usage -Xlinker --sort-section=alignment -Xlinker --cref -mcpu=cortex-m4 -mfpu=fpv4-sp-d16 -mfloat-abi=hard -mthumb -T MK66FN2M0xxx18_Project_Debug.ld -o "MK66FN2M0xxx18_Project.axf"  ./utilities/fsl_debug_console.o ./utilities/fsl_str.o  ./startup/startup_mk66f18.o  ./source/MK66FN2M0xxx18_Project.o ./source/rtos.o ./source/semihost_hardfault.o  ./drivers/fsl_clock.o ./drivers/fsl_common.o ./drivers/fsl_gpio.o ./drivers/fsl_i2c.o ./drivers/fsl_rtc.o ./drivers/fsl_smc.o ./drivers/fsl_uart.o  ./device/system_MK66F18.o  ./component/uart/uart_adapter.o  ./component/serial_manager/serial_manager.o ./component/serial_manager/serial_port_uart.o  ./component/lists/generic_list.o  ./board/board.o ./board/clock_config.o ./board/peripherals.o ./board/pin_mux.o   
Memory region         Used Size  Region Size  %age Used
   PROGRAM_FLASH:       18184 B         2 MB      0.87%
      SRAM_UPPER:       31224 B       192 KB     15.88%
      SRAM_LOWER:          0 GB        64 KB      0.00%
        FLEX_RAM:          0 GB         4 KB      0.00%
Finished building target: MK66FN2M0xxx18_Project.axf
 
make --no-print-directory post-build
Performing post-build steps
arm-none-eabi-size "MK66FN2M0xxx18_Project.axf"; # arm-none-eabi-objcopy -v -O binary "MK66FN2M0xxx18_Project.axf" "MK66FN2M0xxx18_Project.bin" ; # checksum -p MK66FN2M0xxx18 -d "MK66FN2M0xxx18_Project.bin";
   text	   data	    bss	    dec	    hex	filename
  18168	     16	  31208	  49392	   c0f0	MK66FN2M0xxx18_Project.axf
 
14:50:56 **** Incremental Build of configuration Debug for project MK66FN2M0xxx18_Project ****
make -r -j2 all 
Building file: ../source/rtos.c
Invoking: MCU C Compiler
arm-none-eabi-gcc -D__REDLIB__ -DCPU_MK66FN2M0VMD18 -DCPU_MK66FN2M0VMD18_cm4 -DFSL_RTOS_BM -DSDK_OS_BAREMETAL -DSERIAL_PORT_TYPE_UART=1 -DSDK_DEBUGCONSOLE=1 -DCR_INTEGER_PRINTF -DPRINTF_FLOAT_ENABLE=0 -D__MCUXPRESSO -D__USE_CMSIS -DDEBUG -I"/home/ethan/Documents/SEI2/Practica1/MK66FN2M0xxx18_Project/board" -I"/home/ethan/Documents/SEI2/Practica1/MK66FN2M0xxx18_Project/source" -I"/home/ethan/Documents/SEI2/Practica1/MK66FN2M0xxx18_Project" -I"/home/ethan/Documents/SEI2/Practica1/MK66FN2M0xxx18_Project/drivers" -I"/home/ethan/Documents/SEI2/Practica1/MK66FN2M0xxx18_Project/device" -I"/home/ethan/Documents/SEI2/Practica1/MK66FN2M0xxx18_Project/CMSIS" -I"/home/ethan/Documents/SEI2/Practica1/MK66FN2M0xxx18_Project/component/uart" -I"/home/ethan/Documents/SEI2/Practica1/MK66FN2M0xxx18_Project/utilities" -I"/home/ethan/Documents/SEI2/Practica1/MK66FN2M0xxx18_Project/component/serial_manager" -I"/home/ethan/Documents/SEI2/Practica1/MK66FN2M0xxx18_Project/component/lists" -O0 -fno-common -g3 -Wall -c -ffunction-sections -fdata-sections -ffreestanding -fno-builtin -fmerge-constants -fmacro-prefix-map="../source/"=. -mcpu=cortex-m4 -mfpu=fpv4-sp-d16 -mfloat-abi=hard -mthumb -D__REDLIB__ -fstack-usage -specs=redlib.specs -MMD -MP -MF"source/rtos.d" -MT"source/rtos.o" -MT"source/rtos.d" -o "source/rtos.o" "../source/rtos.c"
Finished building: ../source/rtos.c
 
Building target: MK66FN2M0xxx18_Project.axf
Invoking: MCU Linker
arm-none-eabi-gcc -nostdlib -Xlinker -Map="MK66FN2M0xxx18_Project.map" -Xlinker --gc-sections -Xlinker -print-memory-usage -Xlinker --sort-section=alignment -Xlinker --cref -mcpu=cortex-m4 -mfpu=fpv4-sp-d16 -mfloat-abi=hard -mthumb -T MK66FN2M0xxx18_Project_Debug.ld -o "MK66FN2M0xxx18_Project.axf"  ./utilities/fsl_debug_console.o ./utilities/fsl_str.o  ./startup/startup_mk66f18.o  ./source/MK66FN2M0xxx18_Project.o ./source/rtos.o ./source/semihost_hardfault.o  ./drivers/fsl_clock.o ./drivers/fsl_common.o ./drivers/fsl_gpio.o ./drivers/fsl_i2c.o ./drivers/fsl_rtc.o ./drivers/fsl_smc.o ./drivers/fsl_uart.o  ./device/system_MK66F18.o  ./component/uart/uart_adapter.o  ./component/serial_manager/serial_manager.o ./component/serial_manager/serial_port_uart.o  ./component/lists/generic_list.o  ./board/board.o ./board/clock_config.o ./board/peripherals.o ./board/pin_mux.o   
Memory region         Used Size  Region Size  %age Used
   PROGRAM_FLASH:       18112 B         2 MB      0.86%
      SRAM_UPPER:       31224 B       192 KB     15.88%
      SRAM_LOWER:          0 GB        64 KB      0.00%
        FLEX_RAM:          0 GB         4 KB      0.00%
Finished building target: MK66FN2M0xxx18_Project.axf
 
make --no-print-directory post-build
Performing post-build steps
arm-none-eabi-size "MK66FN2M0xxx18_Project.axf"; # arm-none-eabi-objcopy -v -O binary "MK66FN2M0xxx18_Project.axf" "MK66FN2M0xxx18_Project.bin" ; # checksum -p MK66FN2M0xxx18 -d "MK66FN2M0xxx18_Project.bin";
   text	   data	    bss	    dec	    hex	filename
  18096	     16	  31208	  49320	   c0a8	MK66FN2M0xxx18_Project.axf
 
14:51:54 **** Incremental Build of configuration Debug for project MK66FN2M0xxx18_Project ****
make -r -j2 all 
Building file: ../source/rtos.c
Invoking: MCU C Compiler
arm-none-eabi-gcc -D__REDLIB__ -DCPU_MK66FN2M0VMD18 -DCPU_MK66FN2M0VMD18_cm4 -DFSL_RTOS_BM -DSDK_OS_BAREMETAL -DSERIAL_PORT_TYPE_UART=1 -DSDK_DEBUGCONSOLE=1 -DCR_INTEGER_PRINTF -DPRINTF_FLOAT_ENABLE=0 -D__MCUXPRESSO -D__USE_CMSIS -DDEBUG -I"/home/ethan/Documents/SEI2/Practica1/MK66FN2M0xxx18_Project/board" -I"/home/ethan/Documents/SEI2/Practica1/MK66FN2M0xxx18_Project/source" -I"/home/ethan/Documents/SEI2/Practica1/MK66FN2M0xxx18_Project" -I"/home/ethan/Documents/SEI2/Practica1/MK66FN2M0xxx18_Project/drivers" -I"/home/ethan/Documents/SEI2/Practica1/MK66FN2M0xxx18_Project/device" -I"/home/ethan/Documents/SEI2/Practica1/MK66FN2M0xxx18_Project/CMSIS" -I"/home/ethan/Documents/SEI2/Practica1/MK66FN2M0xxx18_Project/component/uart" -I"/home/ethan/Documents/SEI2/Practica1/MK66FN2M0xxx18_Project/utilities" -I"/home/ethan/Documents/SEI2/Practica1/MK66FN2M0xxx18_Project/component/serial_manager" -I"/home/ethan/Documents/SEI2/Practica1/MK66FN2M0xxx18_Project/component/lists" -O0 -fno-common -g3 -Wall -c -ffunction-sections -fdata-sections -ffreestanding -fno-builtin -fmerge-constants -fmacro-prefix-map="../source/"=. -mcpu=cortex-m4 -mfpu=fpv4-sp-d16 -mfloat-abi=hard -mthumb -D__REDLIB__ -fstack-usage -specs=redlib.specs -MMD -MP -MF"source/rtos.d" -MT"source/rtos.o" -MT"source/rtos.d" -o "source/rtos.o" "../source/rtos.c"
Finished building: ../source/rtos.c
 
Building target: MK66FN2M0xxx18_Project.axf
Invoking: MCU Linker
arm-none-eabi-gcc -nostdlib -Xlinker -Map="MK66FN2M0xxx18_Project.map" -Xlinker --gc-sections -Xlinker -print-memory-usage -Xlinker --sort-section=alignment -Xlinker --cref -mcpu=cortex-m4 -mfpu=fpv4-sp-d16 -mfloat-abi=hard -mthumb -T MK66FN2M0xxx18_Project_Debug.ld -o "MK66FN2M0xxx18_Project.axf"  ./utilities/fsl_debug_console.o ./utilities/fsl_str.o  ./startup/startup_mk66f18.o  ./source/MK66FN2M0xxx18_Project.o ./source/rtos.o ./source/semihost_hardfault.o  ./drivers/fsl_clock.o ./drivers/fsl_common.o ./drivers/fsl_gpio.o ./drivers/fsl_i2c.o ./drivers/fsl_rtc.o ./drivers/fsl_smc.o ./drivers/fsl_uart.o  ./device/system_MK66F18.o  ./component/uart/uart_adapter.o  ./component/serial_manager/serial_manager.o ./component/serial_manager/serial_port_uart.o  ./component/lists/generic_list.o  ./board/board.o ./board/clock_config.o ./board/peripherals.o ./board/pin_mux.o   
Memory region         Used Size  Region Size  %age Used
   PROGRAM_FLASH:       18120 B         2 MB      0.86%
      SRAM_UPPER:       31224 B       192 KB     15.88%
      SRAM_LOWER:          0 GB        64 KB      0.00%
        FLEX_RAM:          0 GB         4 KB      0.00%
Finished building target: MK66FN2M0xxx18_Project.axf
 
make --no-print-directory post-build
Performing post-build steps
arm-none-eabi-size "MK66FN2M0xxx18_Project.axf"; # arm-none-eabi-objcopy -v -O binary "MK66FN2M0xxx18_Project.axf" "MK66FN2M0xxx18_Project.bin" ; # checksum -p MK66FN2M0xxx18 -d "MK66FN2M0xxx18_Project.bin";
   text	   data	    bss	    dec	    hex	filename
  18104	     16	  31208	  49328	   c0b0	MK66FN2M0xxx18_Project.axf
 
14:53:00 **** Incremental Build of configuration Debug for project MK66FN2M0xxx18_Project ****
make -r -j2 all 
make: Nothing to be done for 'all'.
14:53:51 **** Incremental Build of configuration Debug for project MK66FN2M0xxx18_Project ****
make -r -j2 all 
Building file: ../source/rtos.c
Invoking: MCU C Compiler
arm-none-eabi-gcc -D__REDLIB__ -DCPU_MK66FN2M0VMD18 -DCPU_MK66FN2M0VMD18_cm4 -DFSL_RTOS_BM -DSDK_OS_BAREMETAL -DSERIAL_PORT_TYPE_UART=1 -DSDK_DEBUGCONSOLE=1 -DCR_INTEGER_PRINTF -DPRINTF_FLOAT_ENABLE=0 -D__MCUXPRESSO -D__USE_CMSIS -DDEBUG -I"/home/ethan/Documents/SEI2/Practica1/MK66FN2M0xxx18_Project/board" -I"/home/ethan/Documents/SEI2/Practica1/MK66FN2M0xxx18_Project/source" -I"/home/ethan/Documents/SEI2/Practica1/MK66FN2M0xxx18_Project" -I"/home/ethan/Documents/SEI2/Practica1/MK66FN2M0xxx18_Project/drivers" -I"/home/ethan/Documents/SEI2/Practica1/MK66FN2M0xxx18_Project/device" -I"/home/ethan/Documents/SEI2/Practica1/MK66FN2M0xxx18_Project/CMSIS" -I"/home/ethan/Documents/SEI2/Practica1/MK66FN2M0xxx18_Project/component/uart" -I"/home/ethan/Documents/SEI2/Practica1/MK66FN2M0xxx18_Project/utilities" -I"/home/ethan/Documents/SEI2/Practica1/MK66FN2M0xxx18_Project/component/serial_manager" -I"/home/ethan/Documents/SEI2/Practica1/MK66FN2M0xxx18_Project/component/lists" -O0 -fno-common -g3 -Wall -c -ffunction-sections -fdata-sections -ffreestanding -fno-builtin -fmerge-constants -fmacro-prefix-map="../source/"=. -mcpu=cortex-m4 -mfpu=fpv4-sp-d16 -mfloat-abi=hard -mthumb -D__REDLIB__ -fstack-usage -specs=redlib.specs -MMD -MP -MF"source/rtos.d" -MT"source/rtos.o" -MT"source/rtos.d" -o "source/rtos.o" "../source/rtos.c"
Finished building: ../source/rtos.c
 
Building target: MK66FN2M0xxx18_Project.axf
Invoking: MCU Linker
arm-none-eabi-gcc -nostdlib -Xlinker -Map="MK66FN2M0xxx18_Project.map" -Xlinker --gc-sections -Xlinker -print-memory-usage -Xlinker --sort-section=alignment -Xlinker --cref -mcpu=cortex-m4 -mfpu=fpv4-sp-d16 -mfloat-abi=hard -mthumb -T MK66FN2M0xxx18_Project_Debug.ld -o "MK66FN2M0xxx18_Project.axf"  ./utilities/fsl_debug_console.o ./utilities/fsl_str.o  ./startup/startup_mk66f18.o  ./source/MK66FN2M0xxx18_Project.o ./source/rtos.o ./source/semihost_hardfault.o  ./drivers/fsl_clock.o ./drivers/fsl_common.o ./drivers/fsl_gpio.o ./drivers/fsl_i2c.o ./drivers/fsl_rtc.o ./drivers/fsl_smc.o ./drivers/fsl_uart.o  ./device/system_MK66F18.o  ./component/uart/uart_adapter.o  ./component/serial_manager/serial_manager.o ./component/serial_manager/serial_port_uart.o  ./component/lists/generic_list.o  ./board/board.o ./board/clock_config.o ./board/peripherals.o ./board/pin_mux.o   
Memory region         Used Size  Region Size  %age Used
   PROGRAM_FLASH:       18112 B         2 MB      0.86%
      SRAM_UPPER:       31224 B       192 KB     15.88%
      SRAM_LOWER:          0 GB        64 KB      0.00%
        FLEX_RAM:          0 GB         4 KB      0.00%
Finished building target: MK66FN2M0xxx18_Project.axf
 
make --no-print-directory post-build
Performing post-build steps
arm-none-eabi-size "MK66FN2M0xxx18_Project.axf"; # arm-none-eabi-objcopy -v -O binary "MK66FN2M0xxx18_Project.axf" "MK66FN2M0xxx18_Project.bin" ; # checksum -p MK66FN2M0xxx18 -d "MK66FN2M0xxx18_Project.bin";
   text	   data	    bss	    dec	    hex	filename
  18096	     16	  31208	  49320	   c0a8	MK66FN2M0xxx18_Project.axf
 
15:22:16 **** Incremental Build of configuration Debug for project MK66FN2M0xxx18_Project ****
make -r -j2 all 
Building file: ../source/rtos.c
Invoking: MCU C Compiler
arm-none-eabi-gcc -D__REDLIB__ -DCPU_MK66FN2M0VMD18 -DCPU_MK66FN2M0VMD18_cm4 -DFSL_RTOS_BM -DSDK_OS_BAREMETAL -DSERIAL_PORT_TYPE_UART=1 -DSDK_DEBUGCONSOLE=1 -DCR_INTEGER_PRINTF -DPRINTF_FLOAT_ENABLE=0 -D__MCUXPRESSO -D__USE_CMSIS -DDEBUG -I"/home/ethan/Documents/SEI2/Practica1/MK66FN2M0xxx18_Project/board" -I"/home/ethan/Documents/SEI2/Practica1/MK66FN2M0xxx18_Project/source" -I"/home/ethan/Documents/SEI2/Practica1/MK66FN2M0xxx18_Project" -I"/home/ethan/Documents/SEI2/Practica1/MK66FN2M0xxx18_Project/drivers" -I"/home/ethan/Documents/SEI2/Practica1/MK66FN2M0xxx18_Project/device" -I"/home/ethan/Documents/SEI2/Practica1/MK66FN2M0xxx18_Project/CMSIS" -I"/home/ethan/Documents/SEI2/Practica1/MK66FN2M0xxx18_Project/component/uart" -I"/home/ethan/Documents/SEI2/Practica1/MK66FN2M0xxx18_Project/utilities" -I"/home/ethan/Documents/SEI2/Practica1/MK66FN2M0xxx18_Project/component/serial_manager" -I"/home/ethan/Documents/SEI2/Practica1/MK66FN2M0xxx18_Project/component/lists" -O0 -fno-common -g3 -Wall -c -ffunction-sections -fdata-sections -ffreestanding -fno-builtin -fmerge-constants -fmacro-prefix-map="../source/"=. -mcpu=cortex-m4 -mfpu=fpv4-sp-d16 -mfloat-abi=hard -mthumb -D__REDLIB__ -fstack-usage -specs=redlib.specs -MMD -MP -MF"source/rtos.d" -MT"source/rtos.o" -MT"source/rtos.d" -o "source/rtos.o" "../source/rtos.c"
Finished building: ../source/rtos.c
 
Building target: MK66FN2M0xxx18_Project.axf
Invoking: MCU Linker
arm-none-eabi-gcc -nostdlib -Xlinker -Map="MK66FN2M0xxx18_Project.map" -Xlinker --gc-sections -Xlinker -print-memory-usage -Xlinker --sort-section=alignment -Xlinker --cref -mcpu=cortex-m4 -mfpu=fpv4-sp-d16 -mfloat-abi=hard -mthumb -T MK66FN2M0xxx18_Project_Debug.ld -o "MK66FN2M0xxx18_Project.axf"  ./utilities/fsl_debug_console.o ./utilities/fsl_str.o  ./startup/startup_mk66f18.o  ./source/MK66FN2M0xxx18_Project.o ./source/rtos.o ./source/semihost_hardfault.o  ./drivers/fsl_clock.o ./drivers/fsl_common.o ./drivers/fsl_gpio.o ./drivers/fsl_i2c.o ./drivers/fsl_rtc.o ./drivers/fsl_smc.o ./drivers/fsl_uart.o  ./device/system_MK66F18.o  ./component/uart/uart_adapter.o  ./component/serial_manager/serial_manager.o ./component/serial_manager/serial_port_uart.o  ./component/lists/generic_list.o  ./board/board.o ./board/clock_config.o ./board/peripherals.o ./board/pin_mux.o   
Memory region         Used Size  Region Size  %age Used
   PROGRAM_FLASH:       18112 B         2 MB      0.86%
      SRAM_UPPER:       31224 B       192 KB     15.88%
      SRAM_LOWER:          0 GB        64 KB      0.00%
        FLEX_RAM:          0 GB         4 KB      0.00%
Finished building target: MK66FN2M0xxx18_Project.axf
 
make --no-print-directory post-build
Performing post-build steps
arm-none-eabi-size "MK66FN2M0xxx18_Project.axf"; # arm-none-eabi-objcopy -v -O binary "MK66FN2M0xxx18_Project.axf" "MK66FN2M0xxx18_Project.bin" ; # checksum -p MK66FN2M0xxx18 -d "MK66FN2M0xxx18_Project.bin";
   text	   data	    bss	    dec	    hex	filename
  18096	     16	  31208	  49320	   c0a8	MK66FN2M0xxx18_Project.axf
 
15:24:08 **** Incremental Build of configuration Debug for project MK66FN2M0xxx18_Project ****
make -r -j2 all 
Building file: ../source/rtos.c
Invoking: MCU C Compiler
arm-none-eabi-gcc -D__REDLIB__ -DCPU_MK66FN2M0VMD18 -DCPU_MK66FN2M0VMD18_cm4 -DFSL_RTOS_BM -DSDK_OS_BAREMETAL -DSERIAL_PORT_TYPE_UART=1 -DSDK_DEBUGCONSOLE=1 -DCR_INTEGER_PRINTF -DPRINTF_FLOAT_ENABLE=0 -D__MCUXPRESSO -D__USE_CMSIS -DDEBUG -I"/home/ethan/Documents/SEI2/Practica1/MK66FN2M0xxx18_Project/board" -I"/home/ethan/Documents/SEI2/Practica1/MK66FN2M0xxx18_Project/source" -I"/home/ethan/Documents/SEI2/Practica1/MK66FN2M0xxx18_Project" -I"/home/ethan/Documents/SEI2/Practica1/MK66FN2M0xxx18_Project/drivers" -I"/home/ethan/Documents/SEI2/Practica1/MK66FN2M0xxx18_Project/device" -I"/home/ethan/Documents/SEI2/Practica1/MK66FN2M0xxx18_Project/CMSIS" -I"/home/ethan/Documents/SEI2/Practica1/MK66FN2M0xxx18_Project/component/uart" -I"/home/ethan/Documents/SEI2/Practica1/MK66FN2M0xxx18_Project/utilities" -I"/home/ethan/Documents/SEI2/Practica1/MK66FN2M0xxx18_Project/component/serial_manager" -I"/home/ethan/Documents/SEI2/Practica1/MK66FN2M0xxx18_Project/component/lists" -O0 -fno-common -g3 -Wall -c -ffunction-sections -fdata-sections -ffreestanding -fno-builtin -fmerge-constants -fmacro-prefix-map="../source/"=. -mcpu=cortex-m4 -mfpu=fpv4-sp-d16 -mfloat-abi=hard -mthumb -D__REDLIB__ -fstack-usage -specs=redlib.specs -MMD -MP -MF"source/rtos.d" -MT"source/rtos.o" -MT"source/rtos.d" -o "source/rtos.o" "../source/rtos.c"
Finished building: ../source/rtos.c
 
Building target: MK66FN2M0xxx18_Project.axf
Invoking: MCU Linker
[...]
Memory region         Used Size  Region Size  %age Used
   PROGRAM_FLASH:       18040 B         2 MB      0.86%
      SRAM_UPPER:       31224 B       192 KB     15.88%
      SRAM_LOWER:          0 GB        64 KB      0.00%
        FLEX_RAM:          0 GB         4 KB      0.00%
Finished building target: MK66FN2M0xxx18_Project.axf
 
make --no-print-directory post-build
Performing post-build steps
arm-none-eabi-size "MK66FN2M0xxx18_Project.axf"; # arm-none-eabi-objcopy -v -O binary "MK66FN2M0xxx18_Project.axf" "MK66FN2M0xxx18_Project.bin" ; # checksum -p MK66FN2M0xxx18 -d "MK66FN2M0xxx18_Project.bin";
   text	   data	    bss	    dec	    hex	filename
  18024	     16	  31208	  49248	   c060	MK66FN2M0xxx18_Project.axf
 
21:22:24 **** Incremental Build of configuration Debug for project MK66FN2M0xxx18_Project ****
make -r -j2 all 
Building file: ../source/rtos.c
Invoking: MCU C Compiler
arm-none-eabi-gcc -D__REDLIB__ -DCPU_MK66FN2M0VMD18 -DCPU_MK66FN2M0VMD18_cm4 -DFSL_RTOS_BM -DSDK_OS_BAREMETAL -DSERIAL_PORT_TYPE_UART=1 -DSDK_DEBUGCONSOLE=1 -DCR_INTEGER_PRINTF -DPRINTF_FLOAT_ENABLE=0 -D__MCUXPRESSO -D__USE_CMSIS -DDEBUG -I"/home/ethan/Documents/SEI2/Practica1/MK66FN2M0xxx18_Project/board" -I"/home/ethan/Documents/SEI2/Practica1/MK66FN2M0xxx18_Project/source" -I"/home/ethan/Documents/SEI2/Practica1/MK66FN2M0xxx18_Project" -I"/home/ethan/Documents/SEI2/Practica1/MK66FN2M0xxx18_Project/drivers" -I"/home/ethan/Documents/SEI2/Practica1/MK66FN2M0xxx18_Project/device" -I"/home/ethan/Documents/SEI2/Practica1/MK66FN2M0xxx18_Project/CMSIS" -I"/home/ethan/Documents/SEI2/Practica1/MK66FN2M0xxx18_Project/component/uart" -I"/home/ethan/Documents/SEI2/Practica1/MK66FN2M0xxx18_Project/utilities" -I"/home/ethan/Documents/SEI2/Practica1/MK66FN2M0xxx18_Project/component/serial_manager" -I"/home/ethan/Documents/SEI2/Practica1/MK66FN2M0xxx18_Project/component/lists" -O0 -fno-common -g3 -Wall -c -ffunction-sections -fdata-sections -ffreestanding -fno-builtin -fmerge-constants -fmacro-prefix-map="../source/"=. -mcpu=cortex-m4 -mfpu=fpv4-sp-d16 -mfloat-abi=hard -mthumb -D__REDLIB__ -fstack-usage -specs=redlib.specs -MMD -MP -MF"source/rtos.d" -MT"source/rtos.o" -MT"source/rtos.d" -o "source/rtos.o" "../source/rtos.c"
Finished building: ../source/rtos.c
 
Building target: MK66FN2M0xxx18_Project.axf
Invoking: MCU Linker
arm-none-eabi-gcc -nostdlib -Xlinker -Map="MK66FN2M0xxx18_Project.map" -Xlinker --gc-sections -Xlinker -print-memory-usage -Xlinker --sort-section=alignment -Xlinker --cref -mcpu=cortex-m4 -mfpu=fpv4-sp-d16 -mfloat-abi=hard -mthumb -T MK66FN2M0xxx18_Project_Debug.ld -o "MK66FN2M0xxx18_Project.axf"  ./utilities/fsl_debug_console.o ./utilities/fsl_str.o  ./startup/startup_mk66f18.o  ./source/MK66FN2M0xxx18_Project.o ./source/rtos.o ./source/semihost_hardfault.o  ./drivers/fsl_clock.o ./drivers/fsl_common.o ./drivers/fsl_gpio.o ./drivers/fsl_i2c.o ./drivers/fsl_rtc.o ./drivers/fsl_smc.o ./drivers/fsl_uart.o  ./device/system_MK66F18.o  ./component/uart/uart_adapter.o  ./component/serial_manager/serial_manager.o ./component/serial_manager/serial_port_uart.o  ./component/lists/generic_list.o  ./board/board.o ./board/clock_config.o ./board/peripherals.o ./board/pin_mux.o   
Memory region         Used Size  Region Size  %age Used
   PROGRAM_FLASH:       18064 B         2 MB      0.86%
      SRAM_UPPER:       31224 B       192 KB     15.88%
      SRAM_LOWER:          0 GB        64 KB      0.00%
        FLEX_RAM:          0 GB         4 KB      0.00%
Finished building target: MK66FN2M0xxx18_Project.axf
 
make --no-print-directory post-build
Performing post-build steps
arm-none-eabi-size "MK66FN2M0xxx18_Project.axf"; # arm-none-eabi-objcopy -v -O binary "MK66FN2M0xxx18_Project.axf" "MK66FN2M0xxx18_Project.bin" ; # checksum -p MK66FN2M0xxx18 -d "MK66FN2M0xxx18_Project.bin";
   text	   data	    bss	    dec	    hex	filename
  18048	     16	  31208	  49272	   c078	MK66FN2M0xxx18_Project.axf
 
21:25:23 **** Incremental Build of configuration Debug for project MK66FN2M0xxx18_Project ****
make -r -j2 all 
Building file: ../source/rtos.c
Invoking: MCU C Compiler
arm-none-eabi-gcc -D__REDLIB__ -DCPU_MK66FN2M0VMD18 -DCPU_MK66FN2M0VMD18_cm4 -DFSL_RTOS_BM -DSDK_OS_BAREMETAL -DSERIAL_PORT_TYPE_UART=1 -DSDK_DEBUGCONSOLE=1 -DCR_INTEGER_PRINTF -DPRINTF_FLOAT_ENABLE=0 -D__MCUXPRESSO -D__USE_CMSIS -DDEBUG -I"/home/ethan/Documents/SEI2/Practica1/MK66FN2M0xxx18_Project/board" -I"/home/ethan/Documents/SEI2/Practica1/MK66FN2M0xxx18_Project/source" -I"/home/ethan/Documents/SEI2/Practica1/MK66FN2M0xxx18_Project" -I"/home/ethan/Documents/SEI2/Practica1/MK66FN2M0xxx18_Project/drivers" -I"/home/ethan/Documents/SEI2/Practica1/MK66FN2M0xxx18_Project/device" -I"/home/ethan/Documents/SEI2/Practica1/MK66FN2M0xxx18_Project/CMSIS" -I"/home/ethan/Documents/SEI2/Practica1/MK66FN2M0xxx18_Project/component/uart" -I"/home/ethan/Documents/SEI2/Practica1/MK66FN2M0xxx18_Project/utilities" -I"/home/ethan/Documents/SEI2/Practica1/MK66FN2M0xxx18_Project/component/serial_manager" -I"/home/ethan/Documents/SEI2/Practica1/MK66FN2M0xxx18_Project/component/lists" -O0 -fno-common -g3 -Wall -c -ffunction-sections -fdata-sections -ffreestanding -fno-builtin -fmerge-constants -fmacro-prefix-map="../source/"=. -mcpu=cortex-m4 -mfpu=fpv4-sp-d16 -mfloat-abi=hard -mthumb -D__REDLIB__ -fstack-usage -specs=redlib.specs -MMD -MP -MF"source/rtos.d" -MT"source/rtos.o" -MT"source/rtos.d" -o "source/rtos.o" "../source/rtos.c"
Finished building: ../source/rtos.c
 
Building target: MK66FN2M0xxx18_Project.axf
Invoking: MCU Linker
arm-none-eabi-gcc -nostdlib -Xlinker -Map="MK66FN2M0xxx18_Project.map" -Xlinker --gc-sections -Xlinker -print-memory-usage -Xlinker --sort-section=alignment -Xlinker --cref -mcpu=cortex-m4 -mfpu=fpv4-sp-d16 -mfloat-abi=hard -mthumb -T MK66FN2M0xxx18_Project_Debug.ld -o "MK66FN2M0xxx18_Project.axf"  ./utilities/fsl_debug_console.o ./utilities/fsl_str.o  ./startup/startup_mk66f18.o  ./source/MK66FN2M0xxx18_Project.o ./source/rtos.o ./source/semihost_hardfault.o  ./drivers/fsl_clock.o ./drivers/fsl_common.o ./drivers/fsl_gpio.o ./drivers/fsl_i2c.o ./drivers/fsl_rtc.o ./drivers/fsl_smc.o ./drivers/fsl_uart.o  ./device/system_MK66F18.o  ./component/uart/uart_adapter.o  ./component/serial_manager/serial_manager.o ./component/serial_manager/serial_port_uart.o  ./component/lists/generic_list.o  ./board/board.o ./board/clock_config.o ./board/peripherals.o ./board/pin_mux.o   
Memory region         Used Size  Region Size  %age Used
   PROGRAM_FLASH:       18128 B         2 MB      0.86%
      SRAM_UPPER:       31224 B       192 KB     15.88%
      SRAM_LOWER:          0 GB        64 KB      0.00%
        FLEX_RAM:          0 GB         4 KB      0.00%
Finished building target: MK66FN2M0xxx18_Project.axf
 
make --no-print-directory post-build
Performing post-build steps
arm-none-eabi-size "MK66FN2M0xxx18_Project.axf"; # arm-none-eabi-objcopy -v -O binary "MK66FN2M0xxx18_Project.axf" "MK66FN2M0xxx18_Project.bin" ; # checksum -p MK66FN2M0xxx18 -d "MK66FN2M0xxx18_Project.bin";
   text	   data	    bss	    dec	    hex	filename
  18112	     16	  31208	  49336	   c0b8	MK66FN2M0xxx18_Project.axf
 
21:34:17 **** Incremental Build of configuration Debug for project MK66FN2M0xxx18_Project ****
make -r -j2 all 
Building file: ../source/rtos.c
Invoking: MCU C Compiler
arm-none-eabi-gcc -D__REDLIB__ -DCPU_MK66FN2M0VMD18 -DCPU_MK66FN2M0VMD18_cm4 -DFSL_RTOS_BM -DSDK_OS_BAREMETAL -DSERIAL_PORT_TYPE_UART=1 -DSDK_DEBUGCONSOLE=1 -DCR_INTEGER_PRINTF -DPRINTF_FLOAT_ENABLE=0 -D__MCUXPRESSO -D__USE_CMSIS -DDEBUG -I"/home/ethan/Documents/SEI2/Practica1/MK66FN2M0xxx18_Project/board" -I"/home/ethan/Documents/SEI2/Practica1/MK66FN2M0xxx18_Project/source" -I"/home/ethan/Documents/SEI2/Practica1/MK66FN2M0xxx18_Project" -I"/home/ethan/Documents/SEI2/Practica1/MK66FN2M0xxx18_Project/drivers" -I"/home/ethan/Documents/SEI2/Practica1/MK66FN2M0xxx18_Project/device" -I"/home/ethan/Documents/SEI2/Practica1/MK66FN2M0xxx18_Project/CMSIS" -I"/home/ethan/Documents/SEI2/Practica1/MK66FN2M0xxx18_Project/component/uart" -I"/home/ethan/Documents/SEI2/Practica1/MK66FN2M0xxx18_Project/utilities" -I"/home/ethan/Documents/SEI2/Practica1/MK66FN2M0xxx18_Project/component/serial_manager" -I"/home/ethan/Documents/SEI2/Practica1/MK66FN2M0xxx18_Project/component/lists" -O0 -fno-common -g3 -Wall -c -ffunction-sections -fdata-sections -ffreestanding -fno-builtin -fmerge-constants -fmacro-prefix-map="../source/"=. -mcpu=cortex-m4 -mfpu=fpv4-sp-d16 -mfloat-abi=hard -mthumb -D__REDLIB__ -fstack-usage -specs=redlib.specs -MMD -MP -MF"source/rtos.d" -MT"source/rtos.o" -MT"source/rtos.d" -o "source/rtos.o" "../source/rtos.c"
Finished building: ../source/rtos.c
 
Building target: MK66FN2M0xxx18_Project.axf
Invoking: MCU Linker
arm-none-eabi-gcc -nostdlib -Xlinker -Map="MK66FN2M0xxx18_Project.map" -Xlinker --gc-sections -Xlinker -print-memory-usage -Xlinker --sort-section=alignment -Xlinker --cref -mcpu=cortex-m4 -mfpu=fpv4-sp-d16 -mfloat-abi=hard -mthumb -T MK66FN2M0xxx18_Project_Debug.ld -o "MK66FN2M0xxx18_Project.axf"  ./utilities/fsl_debug_console.o ./utilities/fsl_str.o  ./startup/startup_mk66f18.o  ./source/MK66FN2M0xxx18_Project.o ./source/rtos.o ./source/semihost_hardfault.o  ./drivers/fsl_clock.o ./drivers/fsl_common.o ./drivers/fsl_gpio.o ./drivers/fsl_i2c.o ./drivers/fsl_rtc.o ./drivers/fsl_smc.o ./drivers/fsl_uart.o  ./device/system_MK66F18.o  ./component/uart/uart_adapter.o  ./component/serial_manager/serial_manager.o ./component/serial_manager/serial_port_uart.o  ./component/lists/generic_list.o  ./board/board.o ./board/clock_config.o ./board/peripherals.o ./board/pin_mux.o   
Memory region         Used Size  Region Size  %age Used
   PROGRAM_FLASH:       18136 B         2 MB      0.86%
      SRAM_UPPER:       31224 B       192 KB     15.88%
      SRAM_LOWER:          0 GB        64 KB      0.00%
        FLEX_RAM:          0 GB         4 KB      0.00%
Finished building target: MK66FN2M0xxx18_Project.axf
 
make --no-print-directory post-build
Performing post-build steps
arm-none-eabi-size "MK66FN2M0xxx18_Project.axf"; # arm-none-eabi-objcopy -v -O binary "MK66FN2M0xxx18_Project.axf" "MK66FN2M0xxx18_Project.bin" ; # checksum -p MK66FN2M0xxx18 -d "MK66FN2M0xxx18_Project.bin";
   text	   data	    bss	    dec	    hex	filename
  18120	     16	  31208	  49344	   c0c0	MK66FN2M0xxx18_Project.axf
 
21:39:27 **** Incremental Build of configuration Debug for project MK66FN2M0xxx18_Project ****
make -r -j2 all 
Building file: ../source/rtos.c
Invoking: MCU C Compiler
arm-none-eabi-gcc -D__REDLIB__ -DCPU_MK66FN2M0VMD18 -DCPU_MK66FN2M0VMD18_cm4 -DFSL_RTOS_BM -DSDK_OS_BAREMETAL -DSERIAL_PORT_TYPE_UART=1 -DSDK_DEBUGCONSOLE=1 -DCR_INTEGER_PRINTF -DPRINTF_FLOAT_ENABLE=0 -D__MCUXPRESSO -D__USE_CMSIS -DDEBUG -I"/home/ethan/Documents/SEI2/Practica1/MK66FN2M0xxx18_Project/board" -I"/home/ethan/Documents/SEI2/Practica1/MK66FN2M0xxx18_Project/source" -I"/home/ethan/Documents/SEI2/Practica1/MK66FN2M0xxx18_Project" -I"/home/ethan/Documents/SEI2/Practica1/MK66FN2M0xxx18_Project/drivers" -I"/home/ethan/Documents/SEI2/Practica1/MK66FN2M0xxx18_Project/device" -I"/home/ethan/Documents/SEI2/Practica1/MK66FN2M0xxx18_Project/CMSIS" -I"/home/ethan/Documents/SEI2/Practica1/MK66FN2M0xxx18_Project/component/uart" -I"/home/ethan/Documents/SEI2/Practica1/MK66FN2M0xxx18_Project/utilities" -I"/home/ethan/Documents/SEI2/Practica1/MK66FN2M0xxx18_Project/component/serial_manager" -I"/home/ethan/Documents/SEI2/Practica1/MK66FN2M0xxx18_Project/component/lists" -O0 -fno-common -g3 -Wall -c -ffunction-sections -fdata-sections -ffreestanding -fno-builtin -fmerge-constants -fmacro-prefix-map="../source/"=. -mcpu=cortex-m4 -mfpu=fpv4-sp-d16 -mfloat-abi=hard -mthumb -D__REDLIB__ -fstack-usage -specs=redlib.specs -MMD -MP -MF"source/rtos.d" -MT"source/rtos.o" -MT"source/rtos.d" -o "source/rtos.o" "../source/rtos.c"
../source/rtos.c:24:35: error: expected declaration specifiers or '...' before '(' token
   24 | #define FORCE_INLINE  _attribute_((always_inline)) inline
      |                                   ^
../source/rtos.c:89:1: note: in expansion of macro 'FORCE_INLINE'
   89 | FORCE_INLINE static void context_switch(task_switch_type_e type);
      | ^~~~~~~~~~~~
../source/rtos.c: In function 'dispatcher':
../source/rtos.c:198:3: warning: implicit declaration of function 'context_switch' [-Wimplicit-function-declaration]
  198 |   context_switch(type);
      |   ^~~~~~~~~~~~~~
../source/rtos.c: At top level:
../source/rtos.c:24:35: error: expected declaration specifiers or '...' before '(' token
   24 | #define FORCE_INLINE  _attribute_((always_inline)) inline
      |                                   ^
../source/rtos.c:202:1: note: in expansion of macro 'FORCE_INLINE'
  202 | FORCE_INLINE static void context_switch(task_switch_type_e type)
      | ^~~~~~~~~~~~
make: *** [source/subdir.mk:26: source/rtos.o] Error 1
"make -r -j2 all" terminated with exit code 2. Build might be incomplete.
21:40:27 **** Incremental Build of configuration Debug for project MK66FN2M0xxx18_Project ****
make -r -j2 all 
Building file: ../source/rtos.c
Invoking: MCU C Compiler
arm-none-eabi-gcc -D__REDLIB__ -DCPU_MK66FN2M0VMD18 -DCPU_MK66FN2M0VMD18_cm4 -DFSL_RTOS_BM -DSDK_OS_BAREMETAL -DSERIAL_PORT_TYPE_UART=1 -DSDK_DEBUGCONSOLE=1 -DCR_INTEGER_PRINTF -DPRINTF_FLOAT_ENABLE=0 -D__MCUXPRESSO -D__USE_CMSIS -DDEBUG -I"/home/ethan/Documents/SEI2/Practica1/MK66FN2M0xxx18_Project/board" -I"/home/ethan/Documents/SEI2/Practica1/MK66FN2M0xxx18_Project/source" -I"/home/ethan/Documents/SEI2/Practica1/MK66FN2M0xxx18_Project" -I"/home/ethan/Documents/SEI2/Practica1/MK66FN2M0xxx18_Project/drivers" -I"/home/ethan/Documents/SEI2/Practica1/MK66FN2M0xxx18_Project/device" -I"/home/ethan/Documents/SEI2/Practica1/MK66FN2M0xxx18_Project/CMSIS" -I"/home/ethan/Documents/SEI2/Practica1/MK66FN2M0xxx18_Project/component/uart" -I"/home/ethan/Documents/SEI2/Practica1/MK66FN2M0xxx18_Project/utilities" -I"/home/ethan/Documents/SEI2/Practica1/MK66FN2M0xxx18_Project/component/serial_manager" -I"/home/ethan/Documents/SEI2/Practica1/MK66FN2M0xxx18_Project/component/lists" -O0 -fno-common -g3 -Wall -c -ffunction-sections -fdata-sections -ffreestanding -fno-builtin -fmerge-constants -fmacro-prefix-map="../source/"=. -mcpu=cortex-m4 -mfpu=fpv4-sp-d16 -mfloat-abi=hard -mthumb -D__REDLIB__ -fstack-usage -specs=redlib.specs -MMD -MP -MF"source/rtos.d" -MT"source/rtos.o" -MT"source/rtos.d" -o "source/rtos.o" "../source/rtos.c"
Finished building: ../source/rtos.c
 
Building target: MK66FN2M0xxx18_Project.axf
Invoking: MCU Linker
arm-none-eabi-gcc -nostdlib -Xlinker -Map="MK66FN2M0xxx18_Project.map" -Xlinker --gc-sections -Xlinker -print-memory-usage -Xlinker --sort-section=alignment -Xlinker --cref -mcpu=cortex-m4 -mfpu=fpv4-sp-d16 -mfloat-abi=hard -mthumb -T MK66FN2M0xxx18_Project_Debug.ld -o "MK66FN2M0xxx18_Project.axf"  ./utilities/fsl_debug_console.o ./utilities/fsl_str.o  ./startup/startup_mk66f18.o  ./source/MK66FN2M0xxx18_Project.o ./source/rtos.o ./source/semihost_hardfault.o  ./drivers/fsl_clock.o ./drivers/fsl_common.o ./drivers/fsl_gpio.o ./drivers/fsl_i2c.o ./drivers/fsl_rtc.o ./drivers/fsl_smc.o ./drivers/fsl_uart.o  ./device/system_MK66F18.o  ./component/uart/uart_adapter.o  ./component/serial_manager/serial_manager.o ./component/serial_manager/serial_port_uart.o  ./component/lists/generic_list.o  ./board/board.o ./board/clock_config.o ./board/peripherals.o ./board/pin_mux.o   
Memory region         Used Size  Region Size  %age Used
   PROGRAM_FLASH:       18096 B         2 MB      0.86%
      SRAM_UPPER:       31224 B       192 KB     15.88%
      SRAM_LOWER:          0 GB        64 KB      0.00%
        FLEX_RAM:          0 GB         4 KB      0.00%
Finished building target: MK66FN2M0xxx18_Project.axf
 
make --no-print-directory post-build
Performing post-build steps
arm-none-eabi-size "MK66FN2M0xxx18_Project.axf"; # arm-none-eabi-objcopy -v -O binary "MK66FN2M0xxx18_Project.axf" "MK66FN2M0xxx18_Project.bin" ; # checksum -p MK66FN2M0xxx18 -d "MK66FN2M0xxx18_Project.bin";
   text	   data	    bss	    dec	    hex	filename
  18080	     16	  31208	  49304	   c098	MK66FN2M0xxx18_Project.axf
 
21:43:06 **** Incremental Build of configuration Debug for project MK66FN2M0xxx18_Project ****
make -r -j2 all 
Building file: ../source/rtos.c
Invoking: MCU C Compiler
arm-none-eabi-gcc -D__REDLIB__ -DCPU_MK66FN2M0VMD18 -DCPU_MK66FN2M0VMD18_cm4 -DFSL_RTOS_BM -DSDK_OS_BAREMETAL -DSERIAL_PORT_TYPE_UART=1 -DSDK_DEBUGCONSOLE=1 -DCR_INTEGER_PRINTF -DPRINTF_FLOAT_ENABLE=0 -D__MCUXPRESSO -D__USE_CMSIS -DDEBUG -I"/home/ethan/Documents/SEI2/Practica1/MK66FN2M0xxx18_Project/board" -I"/home/ethan/Documents/SEI2/Practica1/MK66FN2M0xxx18_Project/source" -I"/home/ethan/Documents/SEI2/Practica1/MK66FN2M0xxx18_Project" -I"/home/ethan/Documents/SEI2/Practica1/MK66FN2M0xxx18_Project/drivers" -I"/home/ethan/Documents/SEI2/Practica1/MK66FN2M0xxx18_Project/device" -I"/home/ethan/Documents/SEI2/Practica1/MK66FN2M0xxx18_Project/CMSIS" -I"/home/ethan/Documents/SEI2/Practica1/MK66FN2M0xxx18_Project/component/uart" -I"/home/ethan/Documents/SEI2/Practica1/MK66FN2M0xxx18_Project/utilities" -I"/home/ethan/Documents/SEI2/Practica1/MK66FN2M0xxx18_Project/component/serial_manager" -I"/home/ethan/Documents/SEI2/Practica1/MK66FN2M0xxx18_Project/component/lists" -O0 -fno-common -g3 -Wall -c -ffunction-sections -fdata-sections -ffreestanding -fno-builtin -fmerge-constants -fmacro-prefix-map="../source/"=. -mcpu=cortex-m4 -mfpu=fpv4-sp-d16 -mfloat-abi=hard -mthumb -D__REDLIB__ -fstack-usage -specs=redlib.specs -MMD -MP -MF"source/rtos.d" -MT"source/rtos.o" -MT"source/rtos.d" -o "source/rtos.o" "../source/rtos.c"
Finished building: ../source/rtos.c
 
Building target: MK66FN2M0xxx18_Project.axf
Invoking: MCU Linker
arm-none-eabi-gcc -nostdlib -Xlinker -Map="MK66FN2M0xxx18_Project.map" -Xlinker --gc-sections -Xlinker -print-memory-usage -Xlinker --sort-section=alignment -Xlinker --cref -mcpu=cortex-m4 -mfpu=fpv4-sp-d16 -mfloat-abi=hard -mthumb -T MK66FN2M0xxx18_Project_Debug.ld -o "MK66FN2M0xxx18_Project.axf"  ./utilities/fsl_debug_console.o ./utilities/fsl_str.o  ./startup/startup_mk66f18.o  ./source/MK66FN2M0xxx18_Project.o ./source/rtos.o ./source/semihost_hardfault.o  ./drivers/fsl_clock.o ./drivers/fsl_common.o ./drivers/fsl_gpio.o ./drivers/fsl_i2c.o ./drivers/fsl_rtc.o ./drivers/fsl_smc.o ./drivers/fsl_uart.o  ./device/system_MK66F18.o  ./component/uart/uart_adapter.o  ./component/serial_manager/serial_manager.o ./component/serial_manager/serial_port_uart.o  ./component/lists/generic_list.o  ./board/board.o ./board/clock_config.o ./board/peripherals.o ./board/pin_mux.o   
Memory region         Used Size  Region Size  %age Used
   PROGRAM_FLASH:       18088 B         2 MB      0.86%
      SRAM_UPPER:       31224 B       192 KB     15.88%
      SRAM_LOWER:          0 GB        64 KB      0.00%
        FLEX_RAM:          0 GB         4 KB      0.00%
Finished building target: MK66FN2M0xxx18_Project.axf
 
make --no-print-directory post-build
Performing post-build steps
arm-none-eabi-size "MK66FN2M0xxx18_Project.axf"; # arm-none-eabi-objcopy -v -O binary "MK66FN2M0xxx18_Project.axf" "MK66FN2M0xxx18_Project.bin" ; # checksum -p MK66FN2M0xxx18 -d "MK66FN2M0xxx18_Project.bin";
   text	   data	    bss	    dec	    hex	filename
  18072	     16	  31208	  49296	   c090	MK66FN2M0xxx18_Project.axf
 
