16:26:01 **** Incremental Build of configuration Debug for project MK66FN2M0xxx18_Project ****
make -r -j2 all 
Building file: ../source/MK66FN2M0xxx18_Project.c
Building file: ../source/rtos.c
Invoking: MCU C Compiler
arm-none-eabi-gcc -D__REDLIB__ -DCPU_MK66FN2M0VMD18 -DCPU_MK66FN2M0VMD18_cm4 -DFSL_RTOS_BM -DSDK_OS_BAREMETAL -DSERIAL_PORT_TYPE_UART=1 -DSDK_DEBUGCONSOLE=1 -DCR_INTEGER_PRINTF -DPRINTF_FLOAT_ENABLE=0 -D__MCUXPRESSO -D__USE_CMSIS -DDEBUG -I"/home/ethan/Documents/SEI2/Practica1/MK66FN2M0xxx18_Project/board" -I"/home/ethan/Documents/SEI2/Practica1/MK66FN2M0xxx18_Project/source" -I"/home/ethan/Documents/SEI2/Practica1/MK66FN2M0xxx18_Project" -I"/home/ethan/Documents/SEI2/Practica1/MK66FN2M0xxx18_Project/drivers" -I"/home/ethan/Documents/SEI2/Practica1/MK66FN2M0xxx18_Project/device" -I"/home/ethan/Documents/SEI2/Practica1/MK66FN2M0xxx18_Project/CMSIS" -I"/home/ethan/Documents/SEI2/Practica1/MK66FN2M0xxx18_Project/component/uart" -I"/home/ethan/Documents/SEI2/Practica1/MK66FN2M0xxx18_Project/utilities" -I"/home/ethan/Documents/SEI2/Practica1/MK66FN2M0xxx18_Project/component/serial_manager" -I"/home/ethan/Documents/SEI2/Practica1/MK66FN2M0xxx18_Project/component/lists" -O0 -fno-common -g3 -Wall -c -ffunction-sections -fdata-sections -ffreestanding -fno-builtin -fmerge-constants -fmacro-prefix-map="../source/"=. -mcpu=cortex-m4 -mfpu=fpv4-sp-d16 -mfloat-abi=hard -mthumb -D__REDLIB__ -fstack-usage -specs=redlib.specs -MMD -MP -MF"source/MK66FN2M0xxx18_Project.d" -MT"source/MK66FN2M0xxx18_Project.o" -MT"source/MK66FN2M0xxx18_Project.d" -o "source/MK66FN2M0xxx18_Project.o" "../source/MK66FN2M0xxx18_Project.c"
Invoking: MCU C Compiler
arm-none-eabi-gcc -D__REDLIB__ -DCPU_MK66FN2M0VMD18 -DCPU_MK66FN2M0VMD18_cm4 -DFSL_RTOS_BM -DSDK_OS_BAREMETAL -DSERIAL_PORT_TYPE_UART=1 -DSDK_DEBUGCONSOLE=1 -DCR_INTEGER_PRINTF -DPRINTF_FLOAT_ENABLE=0 -D__MCUXPRESSO -D__USE_CMSIS -DDEBUG -I"/home/ethan/Documents/SEI2/Practica1/MK66FN2M0xxx18_Project/board" -I"/home/ethan/Documents/SEI2/Practica1/MK66FN2M0xxx18_Project/source" -I"/home/ethan/Documents/SEI2/Practica1/MK66FN2M0xxx18_Project" -I"/home/ethan/Documents/SEI2/Practica1/MK66FN2M0xxx18_Project/drivers" -I"/home/ethan/Documents/SEI2/Practica1/MK66FN2M0xxx18_Project/device" -I"/home/ethan/Documents/SEI2/Practica1/MK66FN2M0xxx18_Project/CMSIS" -I"/home/ethan/Documents/SEI2/Practica1/MK66FN2M0xxx18_Project/component/uart" -I"/home/ethan/Documents/SEI2/Practica1/MK66FN2M0xxx18_Project/utilities" -I"/home/ethan/Documents/SEI2/Practica1/MK66FN2M0xxx18_Project/component/serial_manager" -I"/home/ethan/Documents/SEI2/Practica1/MK66FN2M0xxx18_Project/component/lists" -O0 -fno-common -g3 -Wall -c -ffunction-sections -fdata-sections -ffreestanding -fno-builtin -fmerge-constants -fmacro-prefix-map="../source/"=. -mcpu=cortex-m4 -mfpu=fpv4-sp-d16 -mfloat-abi=hard -mthumb -D__REDLIB__ -fstack-usage -specs=redlib.specs -MMD -MP -MF"source/rtos.d" -MT"source/rtos.o" -MT"source/rtos.d" -o "source/rtos.o" "../source/rtos.c"
Finished building: ../source/rtos.c
 
Finished building: ../source/MK66FN2M0xxx18_Project.c
 
Building target: MK66FN2M0xxx18_Project.axf
Invoking: MCU Linker
arm-none-eabi-gcc -nostdlib -Xlinker -Map="MK66FN2M0xxx18_Project.map" -Xlinker --gc-sections -Xlinker -print-memory-usage -Xlinker --sort-section=alignment -Xlinker --cref -mcpu=cortex-m4 -mfpu=fpv4-sp-d16 -mfloat-abi=hard -mthumb -T MK66FN2M0xxx18_Project_Debug.ld -o "MK66FN2M0xxx18_Project.axf"  ./utilities/fsl_debug_console.o ./utilities/fsl_str.o  ./startup/startup_mk66f18.o  ./source/MK66FN2M0xxx18_Project.o ./source/rtos.o ./source/semihost_hardfault.o  ./drivers/fsl_clock.o ./drivers/fsl_common.o ./drivers/fsl_gpio.o ./drivers/fsl_i2c.o ./drivers/fsl_rtc.o ./drivers/fsl_smc.o ./drivers/fsl_uart.o  ./device/system_MK66F18.o  ./component/uart/uart_adapter.o  ./component/serial_manager/serial_manager.o ./component/serial_manager/serial_port_uart.o  ./component/lists/generic_list.o  ./board/board.o ./board/clock_config.o ./board/peripherals.o ./board/pin_mux.o   
Memory region         Used Size  Region Size  %age Used
   PROGRAM_FLASH:       18160 B         2 MB      0.87%
      SRAM_UPPER:       44424 B       192 KB     22.60%
      SRAM_LOWER:          0 GB        64 KB      0.00%
        FLEX_RAM:          0 GB         4 KB      0.00%
Finished building target: MK66FN2M0xxx18_Project.axf
 
make --no-print-directory post-build
Performing post-build steps
arm-none-eabi-size "MK66FN2M0xxx18_Project.axf"; # arm-none-eabi-objcopy -v -O binary "MK66FN2M0xxx18_Project.axf" "MK66FN2M0xxx18_Project.bin" ; # checksum -p MK66FN2M0xxx18 -d "MK66FN2M0xxx18_Project.bin";
   text	   data	    bss	    dec	    hex	filename
  18144	     16	  44408	  62568	   f468	MK66FN2M0xxx18_Project.axf
 

16:26:03 Build Finished. 0 errors, 0 warnings. (took 1s.836ms)

